PROJECT_DIR=/gpfs/work/int/yuxuanliu2204/Changheng/xmltoexp/MERIX SUBMISSION/Boundary_Restart
VENV_PATH=/gpfs/work/int/yuxuanliu2204/Changheng/xmltoexp/MERIX SUBMISSION/Boundary_Restart/../MIREX_Model/.venv
CONFIG=configs/salience_grouped3_hi8_score_only_xml_curated.yaml
OUTER_HELDOUT=M06-1 M06-2 M06-3
SEEDS=42 43 44 45 46
REUSE_EXISTING=1
RUN_TCN=1
RUN_RETAINED_BASELINES=1
RUN_NEW_BASELINES=1
RUN_BILSTM=1
RUN_SUMMARY=1

=== Seed 42 ===
Command: python Command: run_nested_piece_cv.py Command: --config Command: configs/salience_grouped3_hi8_score_only_xml_curated.yaml Command: --outer_heldout_piece Command: M06-1 Command: M06-2 Command: M06-3 Command: --inner_mode Command: leave_one Command: --model Command: tcn Command: --detector_target Command: level1plus_boundary Command: --selection_metric Command: weighted_recall Command: --precision_metric Command: union_precision Command: --min_precision Command: 0.85 Command: --loss_type Command: bce Command: --min_train_frequency_target Command: 0.05 Command: --cumulative_merge_tolerance Command: 2 Command: --cumulative_component_weights_json Command: \{\"level56\":1.0\,\"level4\":0.64\,\"level3\":0.46\,\"level2\":0.28\,\"level1\":0.16\} Command: --device Command: cuda Command: --epochs Command: 60 Command: --early_stop_patience Command: 10 Command: --seed Command: 42 Command: --skip_stage_grading Command: --run_outer_fit Command: --output_dir Command: reports/nested_piece_cv/weighted_topdown_merge56_level1plus_boundary_seed42 Command: --reuse_existing 
Wrote nested CV results to /gpfs/work/int/yuxuanliu2204/Changheng/xmltoexp/MERIX SUBMISSION/Boundary_Restart/reports/nested_piece_cv/weighted_topdown_merge56_level1plus_boundary_seed42
Best candidate: model-tcn__detector_target-level1plus_boundary__selection_metric-weighted_recall__min_precision-0p85__loss_type-bce__rest_span_label_mode-none__rest_span_tolerance_negative_weight-1p0 | mean_primary_metric=0.4475 | mean_union_precision=0.9175
Command: python Command: run_nested_piece_cv.py Command: --config Command: configs/salience_grouped3_hi8_score_only_xml_curated.yaml Command: --outer_heldout_piece Command: M06-1 Command: M06-2 Command: M06-3 Command: --inner_mode Command: leave_one Command: --model Command: tcn Command: --detector_target Command: level2plus_boundary Command: --selection_metric Command: weighted_recall Command: --precision_metric Command: union_precision Command: --min_precision Command: 0.85 Command: --loss_type Command: bce Command: --min_train_frequency_target Command: 0.05 Command: --cumulative_merge_tolerance Command: 2 Command: --cumulative_component_weights_json Command: \{\"level56\":1.0\,\"level4\":0.64\,\"level3\":0.46\,\"level2\":0.28\,\"level1\":0.16\} Command: --device Command: cuda Command: --epochs Command: 60 Command: --early_stop_patience Command: 10 Command: --seed Command: 42 Command: --skip_stage_grading Command: --run_outer_fit Command: --output_dir Command: reports/nested_piece_cv/weighted_topdown_merge56_level2plus_boundary_seed42 Command: --reuse_existing 
Wrote nested CV results to /gpfs/work/int/yuxuanliu2204/Changheng/xmltoexp/MERIX SUBMISSION/Boundary_Restart/reports/nested_piece_cv/weighted_topdown_merge56_level2plus_boundary_seed42
Best candidate: model-tcn__detector_target-level2plus_boundary__selection_metric-weighted_recall__min_precision-0p85__loss_type-bce__rest_span_label_mode-none__rest_span_tolerance_negative_weight-1p0 | mean_primary_metric=0.4440 | mean_union_precision=0.8932
Command: python Command: run_nested_piece_cv.py Command: --config Command: configs/salience_grouped3_hi8_score_only_xml_curated.yaml Command: --outer_heldout_piece Command: M06-1 Command: M06-2 Command: M06-3 Command: --inner_mode Command: leave_one Command: --model Command: tcn Command: --detector_target Command: level3plus_boundary Command: --selection_metric Command: weighted_recall Command: --precision_metric Command: union_precision Command: --min_precision Command: 0.85 Command: --loss_type Command: bce Command: --min_train_frequency_target Command: 0.05 Command: --cumulative_merge_tolerance Command: 2 Command: --cumulative_component_weights_json Command: \{\"level56\":1.0\,\"level4\":0.64\,\"level3\":0.46\,\"level2\":0.28\,\"level1\":0.16\} Command: --device Command: cuda Command: --epochs Command: 60 Command: --early_stop_patience Command: 10 Command: --seed Command: 42 Command: --skip_stage_grading Command: --run_outer_fit Command: --output_dir Command: reports/nested_piece_cv/weighted_topdown_merge56_level3plus_boundary_seed42 Command: --reuse_existing 
Wrote nested CV results to /gpfs/work/int/yuxuanliu2204/Changheng/xmltoexp/MERIX SUBMISSION/Boundary_Restart/reports/nested_piece_cv/weighted_topdown_merge56_level3plus_boundary_seed42
Best candidate: model-tcn__detector_target-level3plus_boundary__selection_metric-weighted_recall__min_precision-0p85__loss_type-bce__rest_span_label_mode-none__rest_span_tolerance_negative_weight-1p0 | mean_primary_metric=0.3353 | mean_union_precision=0.9082
Command: python Command: run_nested_piece_cv.py Command: --config Command: configs/salience_grouped3_hi8_score_only_xml_curated.yaml Command: --outer_heldout_piece Command: M06-1 Command: M06-2 Command: M06-3 Command: --inner_mode Command: leave_one Command: --model Command: tcn Command: --detector_target Command: level4plus_boundary Command: --selection_metric Command: weighted_recall Command: --precision_metric Command: union_precision Command: --min_precision Command: 0.85 Command: --loss_type Command: bce Command: --min_train_frequency_target Command: 0.05 Command: --cumulative_merge_tolerance Command: 2 Command: --cumulative_component_weights_json Command: \{\"level56\":1.0\,\"level4\":0.64\,\"level3\":0.46\,\"level2\":0.28\,\"level1\":0.16\} Command: --device Command: cuda Command: --epochs Command: 60 Command: --early_stop_patience Command: 10 Command: --seed Command: 42 Command: --skip_stage_grading Command: --run_outer_fit Command: --output_dir Command: reports/nested_piece_cv/weighted_topdown_merge56_level4plus_boundary_seed42 Command: --reuse_existing 
