Epoch 1/30 | train_loss 1.3365 | union_precision 0.9189 | weighted_recall 0.1637 | consensus_recall 0.5789 | threshold 0.050
Epoch 2/30 | train_loss 1.2676 | union_precision 0.9167 | weighted_recall 0.1637 | consensus_recall 0.6316 | threshold 0.050
Epoch 3/30 | train_loss 1.2207 | union_precision 0.8824 | weighted_recall 0.1256 | consensus_recall 0.5263 | threshold 0.050
Epoch 4/30 | train_loss 1.1946 | union_precision 0.8889 | weighted_recall 0.1841 | consensus_recall 0.7368 | threshold 0.050
Epoch 5/30 | train_loss 1.1835 | union_precision 0.9167 | weighted_recall 0.1900 | consensus_recall 0.7895 | threshold 0.050
Epoch 6/30 | train_loss 1.1667 | union_precision 0.9167 | weighted_recall 0.1900 | consensus_recall 0.7895 | threshold 0.050
Epoch 7/30 | train_loss 1.1524 | union_precision 0.9167 | weighted_recall 0.1907 | consensus_recall 0.7368 | threshold 0.050
Epoch 8/30 | train_loss 1.1403 | union_precision 0.9189 | weighted_recall 0.1946 | consensus_recall 0.7895 | threshold 0.050
Epoch 9/30 | train_loss 1.1369 | union_precision 0.9167 | weighted_recall 0.2235 | consensus_recall 0.8421 | threshold 0.050
Epoch 10/30 | train_loss 1.1265 | union_precision 0.9189 | weighted_recall 0.2091 | consensus_recall 0.7895 | threshold 0.050
Epoch 11/30 | train_loss 1.1229 | union_precision 0.9167 | weighted_recall 0.2255 | consensus_recall 0.8421 | threshold 0.050
Epoch 12/30 | train_loss 1.1125 | union_precision 0.9091 | weighted_recall 0.2196 | consensus_recall 0.8947 | threshold 0.050
Epoch 13/30 | train_loss 1.1105 | union_precision 0.9091 | weighted_recall 0.2387 | consensus_recall 0.8947 | threshold 0.050
Epoch 14/30 | train_loss 1.1060 | union_precision 0.9143 | weighted_recall 0.2525 | consensus_recall 0.8947 | threshold 0.050
Epoch 15/30 | train_loss 1.1033 | union_precision 0.9730 | weighted_recall 0.2873 | consensus_recall 0.8947 | threshold 0.050
Epoch 16/30 | train_loss 1.0973 | union_precision 0.9722 | weighted_recall 0.2860 | consensus_recall 0.8947 | threshold 0.050
Epoch 17/30 | train_loss 1.0911 | union_precision 0.9722 | weighted_recall 0.2913 | consensus_recall 0.8947 | threshold 0.050
Epoch 18/30 | train_loss 1.0887 | union_precision 0.9730 | weighted_recall 0.3360 | consensus_recall 0.8421 | threshold 0.050
Epoch 19/30 | train_loss 1.0862 | union_precision 0.9730 | weighted_recall 0.3386 | consensus_recall 0.8421 | threshold 0.050
Epoch 20/30 | train_loss 1.0847 | union_precision 0.9722 | weighted_recall 0.3504 | consensus_recall 0.8421 | threshold 0.050
Epoch 21/30 | train_loss 1.0819 | union_precision 0.9730 | weighted_recall 0.3629 | consensus_recall 0.8421 | threshold 0.050
Epoch 22/30 | train_loss 1.0773 | union_precision 0.9737 | weighted_recall 0.3570 | consensus_recall 0.8421 | threshold 0.050
Epoch 23/30 | train_loss 1.0749 | union_precision 0.9730 | weighted_recall 0.3517 | consensus_recall 0.8421 | threshold 0.050
Epoch 24/30 | train_loss 1.0727 | union_precision 0.9730 | weighted_recall 0.3517 | consensus_recall 0.8421 | threshold 0.050
Epoch 25/30 | train_loss 1.0720 | union_precision 0.9722 | weighted_recall 0.3504 | consensus_recall 0.8421 | threshold 0.050
Epoch 26/30 | train_loss 1.0637 | union_precision 0.9730 | weighted_recall 0.3452 | consensus_recall 0.8421 | threshold 0.050
Early stopping at epoch 26
Held-out M06-2 | union_precision=0.9730 | weighted_recall=0.3629 | consensus_recall=0.8421
  oracle_stage_macro_f1=0.3295 | end_to_end_stage_macro_f1=0.0751
  end_to_end_stage_class_f1=low:0.1075,mid:0.1176,high:0.0000
