Epoch 1/30 | train_loss 2.3406 | union_precision 1.0000 | weighted_recall 0.1707 | oracle_f1 0.2719 | e2e_f1 0.1072
Epoch 2/30 | train_loss 2.3099 | union_precision 1.0000 | weighted_recall 0.1663 | oracle_f1 0.2805 | e2e_f1 0.1275
Epoch 3/30 | train_loss 2.2801 | union_precision 1.0000 | weighted_recall 0.1672 | oracle_f1 0.2805 | e2e_f1 0.1301
Epoch 4/30 | train_loss 2.2510 | union_precision 1.0000 | weighted_recall 0.2257 | oracle_f1 0.2805 | e2e_f1 0.1182
Epoch 5/30 | train_loss 2.2211 | union_precision 1.0000 | weighted_recall 0.2461 | oracle_f1 0.2805 | e2e_f1 0.1061
Epoch 6/30 | train_loss 2.1895 | union_precision 1.0000 | weighted_recall 0.2456 | oracle_f1 0.2805 | e2e_f1 0.1033
Epoch 7/30 | train_loss 2.1565 | union_precision 1.0000 | weighted_recall 0.2601 | oracle_f1 0.2805 | e2e_f1 0.1089
Epoch 8/30 | train_loss 2.1200 | union_precision 1.0000 | weighted_recall 0.2606 | oracle_f1 0.2805 | e2e_f1 0.1117
Epoch 9/30 | train_loss 2.0818 | union_precision 1.0000 | weighted_recall 0.2606 | oracle_f1 0.2805 | e2e_f1 0.1117
Epoch 10/30 | train_loss 2.0413 | union_precision 1.0000 | weighted_recall 0.2771 | oracle_f1 0.2805 | e2e_f1 0.1117
Epoch 11/30 | train_loss 2.0016 | union_precision 1.0000 | weighted_recall 0.2906 | oracle_f1 0.2805 | e2e_f1 0.1117
Epoch 12/30 | train_loss 1.9641 | union_precision 1.0000 | weighted_recall 0.2871 | oracle_f1 0.2805 | e2e_f1 0.1061
Epoch 13/30 | train_loss 1.9384 | union_precision 1.0000 | weighted_recall 0.2826 | oracle_f1 0.2805 | e2e_f1 0.1033
Epoch 14/30 | train_loss 1.9271 | union_precision 1.0000 | weighted_recall 0.2826 | oracle_f1 0.2805 | e2e_f1 0.1033
Epoch 15/30 | train_loss 1.9333 | union_precision 1.0000 | weighted_recall 0.2826 | oracle_f1 0.2805 | e2e_f1 0.1033
Epoch 16/30 | train_loss 1.9420 | union_precision 1.0000 | weighted_recall 0.2791 | oracle_f1 0.2805 | e2e_f1 0.1033
Early stopping at epoch 16
Held-out M17-1 | union_precision=1.0000 | weighted_recall=0.2906 | consensus_recall=0.8400
  oracle_stage_macro_f1=0.2805 | end_to_end_stage_macro_f1=0.1117
  end_to_end_stage_class_f1=low:0.3350,mid:0.0000,high:0.0000
