Epoch 1/30 | train_loss 2.8668 | union_precision 1.0000 | weighted_recall 0.2322 | oracle_f1 0.2923 | e2e_f1 0.0867
Epoch 2/30 | train_loss 2.3647 | union_precision 0.9737 | weighted_recall 0.2671 | oracle_f1 0.3579 | e2e_f1 0.1119
Epoch 3/30 | train_loss 2.1615 | union_precision 1.0000 | weighted_recall 0.3665 | oracle_f1 0.3249 | e2e_f1 0.1174
Epoch 4/30 | train_loss 2.0683 | union_precision 1.0000 | weighted_recall 0.4343 | oracle_f1 0.3303 | e2e_f1 0.1364
Epoch 5/30 | train_loss 2.0302 | union_precision 1.0000 | weighted_recall 0.4343 | oracle_f1 0.3543 | e2e_f1 0.1476
Epoch 6/30 | train_loss 1.9900 | union_precision 1.0000 | weighted_recall 0.4443 | oracle_f1 0.3527 | e2e_f1 0.1399
Epoch 7/30 | train_loss 1.9556 | union_precision 1.0000 | weighted_recall 0.4543 | oracle_f1 0.3482 | e2e_f1 0.1432
Epoch 8/30 | train_loss 1.9284 | union_precision 1.0000 | weighted_recall 0.4543 | oracle_f1 0.3490 | e2e_f1 0.1438
Epoch 9/30 | train_loss 1.9128 | union_precision 1.0000 | weighted_recall 0.4678 | oracle_f1 0.3503 | e2e_f1 0.1503
Epoch 10/30 | train_loss 1.8859 | union_precision 1.0000 | weighted_recall 0.4718 | oracle_f1 0.3520 | e2e_f1 0.1576
Epoch 11/30 | train_loss 1.8668 | union_precision 1.0000 | weighted_recall 0.4798 | oracle_f1 0.3451 | e2e_f1 0.1607
Epoch 12/30 | train_loss 1.8530 | union_precision 1.0000 | weighted_recall 0.4798 | oracle_f1 0.3553 | e2e_f1 0.1771
Epoch 13/30 | train_loss 1.8377 | union_precision 1.0000 | weighted_recall 0.4678 | oracle_f1 0.3506 | e2e_f1 0.1907
Epoch 14/30 | train_loss 1.8263 | union_precision 1.0000 | weighted_recall 0.4788 | oracle_f1 0.3584 | e2e_f1 0.1990
Epoch 15/30 | train_loss 1.8153 | union_precision 1.0000 | weighted_recall 0.4788 | oracle_f1 0.3840 | e2e_f1 0.2118
Epoch 16/30 | train_loss 1.8119 | union_precision 1.0000 | weighted_recall 0.4788 | oracle_f1 0.3868 | e2e_f1 0.2164
Epoch 17/30 | train_loss 1.7965 | union_precision 1.0000 | weighted_recall 0.4788 | oracle_f1 0.3892 | e2e_f1 0.2164
Early stopping at epoch 17
Held-out M17-1 | union_precision=1.0000 | weighted_recall=0.4798 | consensus_recall=0.9600
  oracle_stage_macro_f1=0.3553 | end_to_end_stage_macro_f1=0.1771
  end_to_end_stage_class_f1=low:0.2694,mid:0.1786,high:0.0833
