PROJECT_DIR=/gpfs/work/int/yuxuanliu2204/Changheng/xmltoexp/MERIX SUBMISSION/Boundary_Restart
SEED=44
CONFIG=configs/salience_grouped3_hi8_score_only_xml_curated.yaml
OUTER_PIECES=M06-1 M06-2 M06-3
DEVICE=cuda

=== SEED=44 LEVEL=level1 ===
NESTED_DIR=reports/nested_piece_cv/M06_outer_level1_seed44
OUTPUT_DIR=reports/clean_outer_test/M06_outer_level1_seed44
Epoch 1/6 | train_loss 1.3950
Epoch 2/6 | train_loss 1.3268
Epoch 3/6 | train_loss 1.2840
Epoch 4/6 | train_loss 1.2390
Epoch 5/6 | train_loss 1.2238
Epoch 6/6 | train_loss 1.2130
Clean outer M06-1__M06-2__M06-3 | union_precision=0.9735 | union_recall=0.1657 | weighted_recall=0.2832 | consensus_recall=0.6047 | threshold=0.065 | epochs=6

=== SEED=44 LEVEL=level2 ===
NESTED_DIR=reports/nested_piece_cv/M06_outer_level2_seed44
OUTPUT_DIR=reports/clean_outer_test/M06_outer_level2_seed44
Epoch 1/7 | train_loss 1.4480
Epoch 2/7 | train_loss 1.3492
Epoch 3/7 | train_loss 1.2907
Epoch 4/7 | train_loss 1.2421
Epoch 5/7 | train_loss 1.2173
Epoch 6/7 | train_loss 1.1971
Epoch 7/7 | train_loss 1.1794
Clean outer M06-1__M06-2__M06-3 | union_precision=0.9138 | union_recall=0.2195 | weighted_recall=0.4117 | consensus_recall=0.9245 | threshold=0.132 | epochs=7

=== SEED=44 LEVEL=level3 ===
NESTED_DIR=reports/nested_piece_cv/M06_outer_level3_seed44
OUTPUT_DIR=reports/clean_outer_test/M06_outer_level3_seed44
Epoch 1/11 | train_loss 1.4977
Epoch 2/11 | train_loss 1.3908
Epoch 3/11 | train_loss 1.3191
Epoch 4/11 | train_loss 1.2592
Epoch 5/11 | train_loss 1.2349
Epoch 6/11 | train_loss 1.2045
Epoch 7/11 | train_loss 1.1817
Epoch 8/11 | train_loss 1.1551
Epoch 9/11 | train_loss 1.1401
Epoch 10/11 | train_loss 1.1227
Epoch 11/11 | train_loss 1.1097
Clean outer M06-1__M06-2__M06-3 | union_precision=0.6724 | union_recall=0.2671 | weighted_recall=0.4184 | consensus_recall=0.8400 | threshold=0.474 | epochs=11

=== SEED=44 LEVEL=level4 ===
NESTED_DIR=reports/nested_piece_cv/M06_outer_level4_seed44
OUTPUT_DIR=reports/clean_outer_test/M06_outer_level4_seed44
Epoch 1/9 | train_loss 1.5321
Epoch 2/9 | train_loss 1.4304
Epoch 3/9 | train_loss 1.3467
Epoch 4/9 | train_loss 1.2828
Epoch 5/9 | train_loss 1.2588
Epoch 6/9 | train_loss 1.2233
Epoch 7/9 | train_loss 1.2006
Epoch 8/9 | train_loss 1.1706
Epoch 9/9 | train_loss 1.1490
Clean outer M06-1__M06-2__M06-3 | union_precision=0.7778 | union_recall=0.1443 | weighted_recall=0.2240 | consensus_recall=0.2857 | threshold=0.634 | epochs=9

=== SEED=44 LEVEL=level56 ===
NESTED_DIR=reports/nested_piece_cv/M06_outer_level56_seed44
OUTPUT_DIR=reports/clean_outer_test/M06_outer_level56_seed44
Epoch 1/6 | train_loss 1.5359
Epoch 2/6 | train_loss 1.4596
Epoch 3/6 | train_loss 1.3467
Epoch 4/6 | train_loss 1.2854
Epoch 5/6 | train_loss 1.2474
Epoch 6/6 | train_loss 1.2141
Clean outer M06-1__M06-2__M06-3 | union_precision=1.0000 | union_recall=0.1607 | weighted_recall=0.1931 | consensus_recall=0.2000 | threshold=0.642 | epochs=6
