Held-out piece: M17-1
Model: bilstm
Selection metric: union_recall
Levels: low_boundary mid_boundary high_boundary
=== Running low_boundary for M17-1 ===
Epoch 1/30 | train_loss 1.2535 | union_precision 0.9722 | weighted_recall 0.1787 | consensus_recall 0.5000 | threshold 0.050
Epoch 2/30 | train_loss 1.2522 | union_precision 0.9706 | weighted_recall 0.2228 | consensus_recall 0.5000 | threshold 0.050
Epoch 3/30 | train_loss 1.2516 | union_precision 0.9750 | weighted_recall 0.3221 | consensus_recall 0.6667 | threshold 0.050
Epoch 4/30 | train_loss 1.2507 | union_precision 1.0000 | weighted_recall 0.3389 | consensus_recall 0.5000 | threshold 0.050
Epoch 5/30 | train_loss 1.2495 | union_precision 1.0000 | weighted_recall 0.3486 | consensus_recall 0.5000 | threshold 0.050
Epoch 6/30 | train_loss 1.2488 | union_precision 1.0000 | weighted_recall 0.3494 | consensus_recall 0.6667 | threshold 0.050
Epoch 7/30 | train_loss 1.2480 | union_precision 1.0000 | weighted_recall 0.3486 | consensus_recall 0.8333 | threshold 0.050
Epoch 8/30 | train_loss 1.2465 | union_precision 1.0000 | weighted_recall 0.3486 | consensus_recall 0.8333 | threshold 0.050
Epoch 9/30 | train_loss 1.2453 | union_precision 1.0000 | weighted_recall 0.3502 | consensus_recall 0.8333 | threshold 0.050
Epoch 10/30 | train_loss 1.2442 | union_precision 1.0000 | weighted_recall 0.3502 | consensus_recall 0.8333 | threshold 0.050
Epoch 11/30 | train_loss 1.2426 | union_precision 1.0000 | weighted_recall 0.3502 | consensus_recall 0.8333 | threshold 0.050
Epoch 12/30 | train_loss 1.2408 | union_precision 1.0000 | weighted_recall 0.3502 | consensus_recall 0.8333 | threshold 0.050
Epoch 13/30 | train_loss 1.2389 | union_precision 1.0000 | weighted_recall 0.3502 | consensus_recall 0.8333 | threshold 0.050
Epoch 14/30 | train_loss 1.2369 | union_precision 1.0000 | weighted_recall 0.3942 | consensus_recall 0.8333 | threshold 0.050
Epoch 15/30 | train_loss 1.2349 | union_precision 1.0000 | weighted_recall 0.3942 | consensus_recall 0.8333 | threshold 0.050
Epoch 16/30 | train_loss 1.2323 | union_precision 1.0000 | weighted_recall 0.3942 | consensus_recall 0.8333 | threshold 0.050
Epoch 17/30 | train_loss 1.2297 | union_precision 1.0000 | weighted_recall 0.3942 | consensus_recall 0.8333 | threshold 0.050
Epoch 18/30 | train_loss 1.2275 | union_precision 1.0000 | weighted_recall 0.3942 | consensus_recall 0.8333 | threshold 0.050
Epoch 19/30 | train_loss 1.2246 | union_precision 1.0000 | weighted_recall 0.3942 | consensus_recall 0.8333 | threshold 0.050
Early stopping at epoch 19
Held-out M17-1 | union_precision=1.0000 | weighted_recall=0.3942 | consensus_recall=0.8333
=== Running mid_boundary for M17-1 ===
Epoch 1/30 | train_loss 1.3333 | union_precision 0.7442 | weighted_recall 0.2280 | consensus_recall 0.0000 | threshold 0.050
Epoch 2/30 | train_loss 1.3304 | union_precision 0.7333 | weighted_recall 0.1744 | consensus_recall 0.0000 | threshold 0.500
Epoch 3/30 | train_loss 1.3273 | union_precision 0.8000 | weighted_recall 0.1934 | consensus_recall 0.0000 | threshold 0.500
Epoch 4/30 | train_loss 1.3248 | union_precision 0.7632 | weighted_recall 0.2798 | consensus_recall 0.3333 | threshold 0.050
Epoch 5/30 | train_loss 1.3214 | union_precision 0.7838 | weighted_recall 0.2539 | consensus_recall 0.0000 | threshold 0.050
Epoch 6/30 | train_loss 1.3182 | union_precision 0.8235 | weighted_recall 0.1813 | consensus_recall 0.0000 | threshold 0.500
Epoch 7/30 | train_loss 1.3145 | union_precision 0.8000 | weighted_recall 0.1762 | consensus_recall 0.0000 | threshold 0.500
Epoch 8/30 | train_loss 1.3100 | union_precision 0.7857 | weighted_recall 0.1744 | consensus_recall 0.0000 | threshold 0.500
Epoch 9/30 | train_loss 1.3051 | union_precision 0.7857 | weighted_recall 0.1744 | consensus_recall 0.0000 | threshold 0.500
Epoch 10/30 | train_loss 1.2999 | union_precision 0.7857 | weighted_recall 0.1744 | consensus_recall 0.0000 | threshold 0.500
Epoch 11/30 | train_loss 1.2936 | union_precision 0.8000 | weighted_recall 0.1762 | consensus_recall 0.0000 | threshold 0.500
Early stopping at epoch 11
Held-out M17-1 | union_precision=0.8235 | weighted_recall=0.1813 | consensus_recall=0.0000
=== Running high_boundary for M17-1 ===
Epoch 1/30 | train_loss 1.3711 | union_precision 0.6667 | weighted_recall 0.0852 | consensus_recall 0.0000 | threshold 0.500
Epoch 2/30 | train_loss 1.3656 | union_precision 0.5000 | weighted_recall 0.0852 | consensus_recall 0.0000 | threshold 0.500
Epoch 3/30 | train_loss 1.3603 | union_precision 0.6000 | weighted_recall 0.0966 | consensus_recall 0.0000 | threshold 0.500
Epoch 4/30 | train_loss 1.3542 | union_precision 0.6000 | weighted_recall 0.0966 | consensus_recall 0.0000 | threshold 0.500
Epoch 5/30 | train_loss 1.3475 | union_precision 0.5000 | weighted_recall 0.0568 | consensus_recall 0.0000 | threshold 0.500
Epoch 6/30 | train_loss 1.3408 | union_precision 0.4706 | weighted_recall 0.1420 | consensus_recall 0.0000 | threshold 0.475
Early stopping at epoch 6
Held-out M17-1 | union_precision=0.6667 | weighted_recall=0.0852 | consensus_recall=0.0000
