PROJECT_DIR=/gpfs/work/int/yuxuanliu2204/Changheng/xmltoexp/MERIX SUBMISSION/Boundary_Restart
SEED=44
CONFIG=configs/salience_grouped3_hi8_score_only_xml_curated.yaml
OUTER_PIECES=M06-1 M06-2 M06-3
DEVICE=cuda

=== SEED=44 TARGET=level1plus_split56_boundary ===
NESTED_DIR=reports/nested_piece_cv/weighted_topdown_level1plus_split56_boundary_seed44
OUTPUT_DIR=reports/clean_outer_test/weighted_topdown_level1plus_split56_boundary_seed44
Epoch 1/16 | train_loss 1.3614
Epoch 2/16 | train_loss 1.2871
Epoch 3/16 | train_loss 1.2428
Epoch 4/16 | train_loss 1.1994
Epoch 5/16 | train_loss 1.1811
Epoch 6/16 | train_loss 1.1701
Epoch 7/16 | train_loss 1.1540
Epoch 8/16 | train_loss 1.1387
Epoch 9/16 | train_loss 1.1327
Epoch 10/16 | train_loss 1.1247
Epoch 11/16 | train_loss 1.1211
Epoch 12/16 | train_loss 1.1082
Epoch 13/16 | train_loss 1.1042
Epoch 14/16 | train_loss 1.0997
Epoch 15/16 | train_loss 1.0966
Epoch 16/16 | train_loss 1.0915
Clean outer M06-1__M06-2__M06-3 | union_precision=0.9850 | union_recall=0.1877 | weighted_recall=0.3407 | consensus_recall=0.7391 | threshold=0.127 | epochs=16

=== SEED=44 TARGET=level2plus_split56_boundary ===
NESTED_DIR=reports/nested_piece_cv/weighted_topdown_level2plus_split56_boundary_seed44
OUTPUT_DIR=reports/clean_outer_test/weighted_topdown_level2plus_split56_boundary_seed44
Epoch 1/18 | train_loss 1.4487
Epoch 2/18 | train_loss 1.3442
Epoch 3/18 | train_loss 1.2808
Epoch 4/18 | train_loss 1.2305
Epoch 5/18 | train_loss 1.2021
Epoch 6/18 | train_loss 1.1801
Epoch 7/18 | train_loss 1.1602
Epoch 8/18 | train_loss 1.1403
Epoch 9/18 | train_loss 1.1268
Epoch 10/18 | train_loss 1.1123
Epoch 11/18 | train_loss 1.1053
Epoch 12/18 | train_loss 1.0869
Epoch 13/18 | train_loss 1.0780
Epoch 14/18 | train_loss 1.0733
Epoch 15/18 | train_loss 1.0605
Epoch 16/18 | train_loss 1.0569
Epoch 17/18 | train_loss 1.0487
Epoch 18/18 | train_loss 1.0422
Clean outer M06-1__M06-2__M06-3 | union_precision=0.8846 | union_recall=0.2342 | weighted_recall=0.3956 | consensus_recall=0.8704 | threshold=0.285 | epochs=18

=== SEED=44 TARGET=level3plus_split56_boundary ===
NESTED_DIR=reports/nested_piece_cv/weighted_topdown_level3plus_split56_boundary_seed44
OUTPUT_DIR=reports/clean_outer_test/weighted_topdown_level3plus_split56_boundary_seed44
Epoch 1/18 | train_loss 1.5002
Epoch 2/18 | train_loss 1.3842
Epoch 3/18 | train_loss 1.3052
Epoch 4/18 | train_loss 1.2429
Epoch 5/18 | train_loss 1.2150
Epoch 6/18 | train_loss 1.1789
Epoch 7/18 | train_loss 1.1541
Epoch 8/18 | train_loss 1.1241
Epoch 9/18 | train_loss 1.1050
Epoch 10/18 | train_loss 1.0847
Epoch 11/18 | train_loss 1.0684
Epoch 12/18 | train_loss 1.0525
Epoch 13/18 | train_loss 1.0313
Epoch 14/18 | train_loss 1.0198
Epoch 15/18 | train_loss 0.9974
Epoch 16/18 | train_loss 0.9951
Epoch 17/18 | train_loss 0.9796
Epoch 18/18 | train_loss 0.9729
Clean outer M06-1__M06-2__M06-3 | union_precision=0.7662 | union_recall=0.2000 | weighted_recall=0.3723 | consensus_recall=0.7778 | threshold=0.572 | epochs=18

=== SEED=44 TARGET=level4plus_split56_boundary ===
NESTED_DIR=reports/nested_piece_cv/weighted_topdown_level4plus_split56_boundary_seed44
OUTPUT_DIR=reports/clean_outer_test/weighted_topdown_level4plus_split56_boundary_seed44
Epoch 1/12 | train_loss 1.5344
Epoch 2/12 | train_loss 1.4186
Epoch 3/12 | train_loss 1.3251
Epoch 4/12 | train_loss 1.2578
Epoch 5/12 | train_loss 1.2272
Epoch 6/12 | train_loss 1.1843
Epoch 7/12 | train_loss 1.1584
Epoch 8/12 | train_loss 1.1203
Epoch 9/12 | train_loss 1.0947
Epoch 10/12 | train_loss 1.0746
Epoch 11/12 | train_loss 1.0584
Epoch 12/12 | train_loss 1.0370
Clean outer M06-1__M06-2__M06-3 | union_precision=0.8611 | union_recall=0.1598 | weighted_recall=0.2474 | consensus_recall=0.3750 | threshold=0.681 | epochs=12

=== SEED=44 TARGET=level5plus_split56_boundary ===
NESTED_DIR=reports/nested_piece_cv/weighted_topdown_level5plus_split56_boundary_seed44
OUTPUT_DIR=reports/clean_outer_test/weighted_topdown_level5plus_split56_boundary_seed44
Epoch 1/14 | train_loss 1.5318
Epoch 2/14 | train_loss 1.4393
Epoch 3/14 | train_loss 1.3102
Epoch 4/14 | train_loss 1.2447
Epoch 5/14 | train_loss 1.1981
Epoch 6/14 | train_loss 1.1561
Epoch 7/14 | train_loss 1.0989
Epoch 8/14 | train_loss 1.0706
Epoch 9/14 | train_loss 1.0421
Epoch 10/14 | train_loss 1.0219
Epoch 11/14 | train_loss 0.9952
Epoch 12/14 | train_loss 0.9674
Epoch 13/14 | train_loss 0.9531
Epoch 14/14 | train_loss 0.9202
Clean outer M06-1__M06-2__M06-3 | union_precision=0.7941 | union_recall=0.2411 | weighted_recall=0.3131 | consensus_recall=0.4000 | threshold=0.684 | epochs=14

=== SEED=44 TARGET=level6_boundary ===
NESTED_DIR=reports/nested_piece_cv/weighted_topdown_level6_boundary_seed44
OUTPUT_DIR=reports/clean_outer_test/weighted_topdown_level6_boundary_seed44
Epoch 1/12 | train_loss 1.5244
Epoch 2/12 | train_loss 1.3766
Epoch 3/12 | train_loss 1.2503
Epoch 4/12 | train_loss 1.1897
Epoch 5/12 | train_loss 1.1283
Epoch 6/12 | train_loss 1.0976
Epoch 7/12 | train_loss 1.0160
Epoch 8/12 | train_loss 0.9553
Epoch 9/12 | train_loss 0.9468
Epoch 10/12 | train_loss 0.9302
Epoch 11/12 | train_loss 0.8779
Epoch 12/12 | train_loss 0.8250
Clean outer M06-1__M06-2__M06-3 | union_precision=0.5152 | union_recall=0.2537 | weighted_recall=0.2973 | consensus_recall=0.0000 | threshold=0.657 | epochs=12
