PROJECT_DIR=/gpfs/work/int/yuxuanliu2204/Changheng/xmltoexp/MERIX SUBMISSION/Boundary_Restart
VENV_PATH=/gpfs/work/int/yuxuanliu2204/Changheng/xmltoexp/MERIX SUBMISSION/Boundary_Restart/../MIREX_Model/.venv
CONFIG=configs/salience_grouped3_hi8_score_only_xml_curated.yaml
SLURM_ARRAY_TASK_ID=1
HELDOUT_PIECE=M17-1
MODEL=tcn
DETECTOR_TARGET=midhigh_boundary
MIN_PRECISION=0.95
BATCH_SIZE=128
EPOCHS=30
EARLY_STOP_PATIENCE=5
SEED=42
OUTPUT_DIR=/gpfs/work/int/yuxuanliu2204/Changheng/xmltoexp/MERIX SUBMISSION/Boundary_Restart/outputs/piece_protocol/M17-1/tcn_midhigh_boundary_xml_curated_p95_cuda
Epoch 1/30 | train_loss 1.2018 | precision 0.8222 | recall 0.0490 | event_f1 0.0925 | threshold 0.775
Epoch 2/30 | train_loss 1.0145 | precision 0.8370 | recall 0.1497 | event_f1 0.2539 | threshold 0.900
Epoch 3/30 | train_loss 0.9385 | precision 0.8444 | recall 0.1007 | event_f1 0.1799 | threshold 0.925
Epoch 4/30 | train_loss 0.8932 | precision 0.8611 | recall 0.2053 | event_f1 0.3316 | threshold 0.900
Epoch 5/30 | train_loss 0.8583 | precision 0.8611 | recall 0.2053 | event_f1 0.3316 | threshold 0.900
Epoch 6/30 | train_loss 0.8357 | precision 0.8611 | recall 0.2053 | event_f1 0.3316 | threshold 0.925
Epoch 7/30 | train_loss 0.8179 | precision 0.8611 | recall 0.2053 | event_f1 0.3316 | threshold 0.925
Epoch 8/30 | train_loss 0.8062 | precision 0.8611 | recall 0.2053 | event_f1 0.3316 | threshold 0.925
Epoch 9/30 | train_loss 0.7909 | precision 0.7407 | recall 0.1325 | event_f1 0.2247 | threshold 0.925
Early stopping at epoch 9
Held-out M17-1 | precision=0.8611 | recall=0.2053 | mid/high macro_event_f1=0.1080
