PROJECT_DIR=/gpfs/work/int/yuxuanliu2204/Changheng/xmltoexp/MERIX SUBMISSION/Boundary_Restart
VENV_PATH=/gpfs/work/int/yuxuanliu2204/Changheng/xmltoexp/MERIX SUBMISSION/Boundary_Restart/../MIREX_Model/.venv
CONFIG=configs/salience_grouped3_hi8_score_only_xml_curated.yaml
SLURM_ARRAY_TASK_ID=1
HELDOUT_PIECE=M17-1
MODEL=bilstm
DETECTOR_TARGET=midhigh_boundary
MIN_PRECISION=0.85
BATCH_SIZE=128
EPOCHS=30
EARLY_STOP_PATIENCE=5
SEED=42
OUTPUT_DIR=/gpfs/work/int/yuxuanliu2204/Changheng/xmltoexp/MERIX SUBMISSION/Boundary_Restart/outputs/piece_union_protocol/M17-1/bilstm_midhigh_boundary_xml_curated_p085_cuda
Epoch 1/30 | train_loss 1.3183 | union_precision 0.7750 | weighted_recall 0.1550 | consensus_recall 0.3000 | threshold 0.050
Epoch 2/30 | train_loss 1.3150 | union_precision 0.9048 | weighted_recall 0.1444 | consensus_recall 0.3000 | threshold 0.500
Epoch 3/30 | train_loss 1.3116 | union_precision 0.8261 | weighted_recall 0.1444 | consensus_recall 0.3000 | threshold 0.500
Epoch 4/30 | train_loss 1.3084 | union_precision 0.8333 | weighted_recall 0.1377 | consensus_recall 0.3000 | threshold 0.500
Epoch 5/30 | train_loss 1.3046 | union_precision 0.8235 | weighted_recall 0.1722 | consensus_recall 0.3000 | threshold 0.500
Epoch 6/30 | train_loss 1.3010 | union_precision 0.8333 | weighted_recall 0.1603 | consensus_recall 0.3000 | threshold 0.500
Epoch 7/30 | train_loss 1.2966 | union_precision 0.8182 | weighted_recall 0.1589 | consensus_recall 0.3000 | threshold 0.500
Early stopping at epoch 7
Held-out M17-1 | union_precision=0.9048 | weighted_recall=0.1444 | consensus_recall=0.3000
