PROJECT_DIR=/gpfs/work/int/yuxuanliu2204/Changheng/xmltoexp/MERIX SUBMISSION/Boundary_Restart
SEED=43
CONFIG=configs/salience_grouped3_hi8_score_only_xml_curated.yaml
OUTER_PIECES=M06-1 M06-2 M06-3
DEVICE=cuda

=== SEED=43 TARGET=level1plus_split56_boundary ===
NESTED_DIR=reports/nested_piece_cv/weighted_topdown_level1plus_split56_boundary_seed43
OUTPUT_DIR=reports/clean_outer_test/weighted_topdown_level1plus_split56_boundary_seed43
Epoch 1/14 | train_loss 1.4195
Epoch 2/14 | train_loss 1.3271
Epoch 3/14 | train_loss 1.2669
Epoch 4/14 | train_loss 1.2255
Epoch 5/14 | train_loss 1.1979
Epoch 6/14 | train_loss 1.1843
Epoch 7/14 | train_loss 1.1671
Epoch 8/14 | train_loss 1.1590
Epoch 9/14 | train_loss 1.1481
Epoch 10/14 | train_loss 1.1398
Epoch 11/14 | train_loss 1.1302
Epoch 12/14 | train_loss 1.1244
Epoch 13/14 | train_loss 1.1140
Epoch 14/14 | train_loss 1.1133
Clean outer M06-1__M06-2__M06-3 | union_precision=0.9839 | union_recall=0.1748 | weighted_recall=0.3003 | consensus_recall=0.7101 | threshold=0.147 | epochs=14

=== SEED=43 TARGET=level2plus_split56_boundary ===
NESTED_DIR=reports/nested_piece_cv/weighted_topdown_level2plus_split56_boundary_seed43
OUTPUT_DIR=reports/clean_outer_test/weighted_topdown_level2plus_split56_boundary_seed43
Epoch 1/16 | train_loss 1.5134
Epoch 2/16 | train_loss 1.3827
Epoch 3/16 | train_loss 1.3071
Epoch 4/16 | train_loss 1.2459
Epoch 5/16 | train_loss 1.2143
Epoch 6/16 | train_loss 1.1927
Epoch 7/16 | train_loss 1.1689
Epoch 8/16 | train_loss 1.1541
Epoch 9/16 | train_loss 1.1361
Epoch 10/16 | train_loss 1.1266
Epoch 11/16 | train_loss 1.1121
Epoch 12/16 | train_loss 1.1027
Epoch 13/16 | train_loss 1.0863
Epoch 14/16 | train_loss 1.0798
Epoch 15/16 | train_loss 1.0770
Epoch 16/16 | train_loss 1.0656
Clean outer M06-1__M06-2__M06-3 | union_precision=0.8934 | union_recall=0.2220 | weighted_recall=0.3947 | consensus_recall=0.8333 | threshold=0.280 | epochs=16

=== SEED=43 TARGET=level3plus_split56_boundary ===
NESTED_DIR=reports/nested_piece_cv/weighted_topdown_level3plus_split56_boundary_seed43
OUTPUT_DIR=reports/clean_outer_test/weighted_topdown_level3plus_split56_boundary_seed43
Epoch 1/17 | train_loss 1.5976
Epoch 2/17 | train_loss 1.4342
Epoch 3/17 | train_loss 1.3334
Epoch 4/17 | train_loss 1.2598
Epoch 5/17 | train_loss 1.2143
Epoch 6/17 | train_loss 1.1805
Epoch 7/17 | train_loss 1.1503
Epoch 8/17 | train_loss 1.1300
Epoch 9/17 | train_loss 1.1116
Epoch 10/17 | train_loss 1.0909
Epoch 11/17 | train_loss 1.0732
Epoch 12/17 | train_loss 1.0532
Epoch 13/17 | train_loss 1.0340
Epoch 14/17 | train_loss 1.0204
Epoch 15/17 | train_loss 1.0149
Epoch 16/17 | train_loss 1.0014
Epoch 17/17 | train_loss 0.9908
Clean outer M06-1__M06-2__M06-3 | union_precision=0.7561 | union_recall=0.2102 | weighted_recall=0.3302 | consensus_recall=0.7407 | threshold=0.565 | epochs=17

=== SEED=43 TARGET=level4plus_split56_boundary ===
NESTED_DIR=reports/nested_piece_cv/weighted_topdown_level4plus_split56_boundary_seed43
OUTPUT_DIR=reports/clean_outer_test/weighted_topdown_level4plus_split56_boundary_seed43
Epoch 1/15 | train_loss 1.6421
Epoch 2/15 | train_loss 1.4608
Epoch 3/15 | train_loss 1.3589
Epoch 4/15 | train_loss 1.2686
Epoch 5/15 | train_loss 1.2243
Epoch 6/15 | train_loss 1.1860
Epoch 7/15 | train_loss 1.1540
Epoch 8/15 | train_loss 1.1213
Epoch 9/15 | train_loss 1.1049
Epoch 10/15 | train_loss 1.0760
Epoch 11/15 | train_loss 1.0544
Epoch 12/15 | train_loss 1.0313
Epoch 13/15 | train_loss 1.0091
Epoch 14/15 | train_loss 0.9875
Epoch 15/15 | train_loss 0.9823
Clean outer M06-1__M06-2__M06-3 | union_precision=0.7708 | union_recall=0.1907 | weighted_recall=0.2344 | consensus_recall=0.5000 | threshold=0.695 | epochs=15

=== SEED=43 TARGET=level5plus_split56_boundary ===
NESTED_DIR=reports/nested_piece_cv/weighted_topdown_level5plus_split56_boundary_seed43
OUTPUT_DIR=reports/clean_outer_test/weighted_topdown_level5plus_split56_boundary_seed43
Epoch 1/14 | train_loss 1.6744
Epoch 2/14 | train_loss 1.4617
Epoch 3/14 | train_loss 1.3494
Epoch 4/14 | train_loss 1.2587
Epoch 5/14 | train_loss 1.1894
Epoch 6/14 | train_loss 1.1655
Epoch 7/14 | train_loss 1.1292
Epoch 8/14 | train_loss 1.0793
Epoch 9/14 | train_loss 1.0611
Epoch 10/14 | train_loss 1.0206
Epoch 11/14 | train_loss 1.0043
Epoch 12/14 | train_loss 0.9596
Epoch 13/14 | train_loss 0.9426
Epoch 14/14 | train_loss 0.9146
Clean outer M06-1__M06-2__M06-3 | union_precision=0.8421 | union_recall=0.1429 | weighted_recall=0.1631 | consensus_recall=0.2000 | threshold=0.752 | epochs=14

=== SEED=43 TARGET=level6_boundary ===
NESTED_DIR=reports/nested_piece_cv/weighted_topdown_level6_boundary_seed43
OUTPUT_DIR=reports/clean_outer_test/weighted_topdown_level6_boundary_seed43
Epoch 1/14 | train_loss 1.6998
Epoch 2/14 | train_loss 1.4453
Epoch 3/14 | train_loss 1.3141
Epoch 4/14 | train_loss 1.2124
Epoch 5/14 | train_loss 1.1027
Epoch 6/14 | train_loss 1.0996
Epoch 7/14 | train_loss 1.0846
Epoch 8/14 | train_loss 1.0105
Epoch 9/14 | train_loss 0.9902
Epoch 10/14 | train_loss 0.9166
Epoch 11/14 | train_loss 0.8943
Epoch 12/14 | train_loss 0.8530
Epoch 13/14 | train_loss 0.8459
Epoch 14/14 | train_loss 0.8151
Clean outer M06-1__M06-2__M06-3 | union_precision=0.6000 | union_recall=0.1791 | weighted_recall=0.2527 | consensus_recall=0.0000 | threshold=0.705 | epochs=14
