Epoch 1/30 | train_loss 1.1851 | union_precision 1.0000 | weighted_recall 0.2444 | consensus_recall 0.5000 | threshold 0.050
Epoch 2/30 | train_loss 1.1837 | union_precision 1.0000 | weighted_recall 0.2113 | consensus_recall 0.5000 | threshold 0.050
Epoch 3/30 | train_loss 1.1825 | union_precision 1.0000 | weighted_recall 0.2814 | consensus_recall 0.6000 | threshold 0.050
Epoch 4/30 | train_loss 1.1814 | union_precision 1.0000 | weighted_recall 0.2814 | consensus_recall 0.6000 | threshold 0.050
Epoch 5/30 | train_loss 1.1800 | union_precision 1.0000 | weighted_recall 0.2814 | consensus_recall 0.6000 | threshold 0.050
Epoch 6/30 | train_loss 1.1785 | union_precision 1.0000 | weighted_recall 0.2921 | consensus_recall 0.6000 | threshold 0.050
Epoch 7/30 | train_loss 1.1769 | union_precision 1.0000 | weighted_recall 0.2921 | consensus_recall 0.6000 | threshold 0.050
Epoch 8/30 | train_loss 1.1750 | union_precision 1.0000 | weighted_recall 0.3135 | consensus_recall 0.6000 | threshold 0.050
Epoch 9/30 | train_loss 1.1730 | union_precision 1.0000 | weighted_recall 0.2989 | consensus_recall 0.6000 | threshold 0.050
Epoch 10/30 | train_loss 1.1709 | union_precision 1.0000 | weighted_recall 0.2882 | consensus_recall 0.6000 | threshold 0.050
Epoch 11/30 | train_loss 1.1684 | union_precision 1.0000 | weighted_recall 0.2882 | consensus_recall 0.6000 | threshold 0.050
Epoch 12/30 | train_loss 1.1655 | union_precision 1.0000 | weighted_recall 0.3145 | consensus_recall 0.7000 | threshold 0.050
Epoch 13/30 | train_loss 1.1626 | union_precision 1.0000 | weighted_recall 0.3038 | consensus_recall 0.7000 | threshold 0.050
Epoch 14/30 | train_loss 1.1594 | union_precision 1.0000 | weighted_recall 0.2931 | consensus_recall 0.7000 | threshold 0.050
Epoch 15/30 | train_loss 1.1564 | union_precision 1.0000 | weighted_recall 0.2931 | consensus_recall 0.7000 | threshold 0.050
Epoch 16/30 | train_loss 1.1527 | union_precision 1.0000 | weighted_recall 0.2931 | consensus_recall 0.7000 | threshold 0.050
Epoch 17/30 | train_loss 1.1490 | union_precision 1.0000 | weighted_recall 0.2931 | consensus_recall 0.7000 | threshold 0.050
Early stopping at epoch 17
Held-out M30-1 | union_precision=1.0000 | weighted_recall=0.3145 | consensus_recall=0.7000
  oracle_stage_macro_f1=0.2575 | end_to_end_stage_macro_f1=0.1709
  end_to_end_stage_class_f1=low:0.0762,mid:0.2143,high:0.2222
