PROJECT_DIR=/gpfs/work/int/yuxuanliu2204/Changheng/xmltoexp/MERIX SUBMISSION/Boundary_Restart
VENV_PATH=/gpfs/work/int/yuxuanliu2204/Changheng/xmltoexp/MERIX SUBMISSION/Boundary_Restart/../MIREX_Model/.venv
CONFIG=configs/salience_grouped3_hi8_score_only_xml_curated.yaml
SLURM_ARRAY_TASK_ID=0
HELDOUT_PIECE=M06-2
MODEL=tcn
DETECTOR_TARGET=midhigh_boundary
MIN_PRECISION=0.85
BATCH_SIZE=64
EPOCHS=30
EARLY_STOP_PATIENCE=5
SEED=42
OUTPUT_DIR=/gpfs/work/int/yuxuanliu2204/Changheng/xmltoexp/MERIX SUBMISSION/Boundary_Restart/outputs/piece_union_protocol/M06-2/tcn_midhigh_boundary_xml_curated_p085_cuda
Epoch 1/30 | train_loss 1.4875 | union_precision 0.4286 | weighted_recall 0.0445 | consensus_recall 0.0000 | threshold 0.575
Epoch 2/30 | train_loss 1.3708 | union_precision 0.4615 | weighted_recall 0.1596 | consensus_recall 0.2857 | threshold 0.050
Epoch 3/30 | train_loss 1.2988 | union_precision 0.5882 | weighted_recall 0.1039 | consensus_recall 0.2857 | threshold 0.525
Epoch 4/30 | train_loss 1.2678 | union_precision 0.7500 | weighted_recall 0.2690 | consensus_recall 0.7143 | threshold 0.525
Epoch 5/30 | train_loss 1.2367 | union_precision 0.7727 | weighted_recall 0.2931 | consensus_recall 0.7143 | threshold 0.525
Epoch 6/30 | train_loss 1.2072 | union_precision 0.7778 | weighted_recall 0.2820 | consensus_recall 0.7143 | threshold 0.550
Epoch 7/30 | train_loss 1.1808 | union_precision 0.8000 | weighted_recall 0.2913 | consensus_recall 0.7143 | threshold 0.550
Epoch 8/30 | train_loss 1.1642 | union_precision 1.0000 | weighted_recall 0.0204 | consensus_recall 0.0000 | threshold 0.675
Epoch 9/30 | train_loss 1.1502 | union_precision 1.0000 | weighted_recall 0.1206 | consensus_recall 0.1429 | threshold 0.675
Epoch 10/30 | train_loss 1.1273 | union_precision 0.8500 | weighted_recall 0.3395 | consensus_recall 0.7143 | threshold 0.600
Epoch 11/30 | train_loss 1.1161 | union_precision 0.8500 | weighted_recall 0.3228 | consensus_recall 0.7143 | threshold 0.600
Epoch 12/30 | train_loss 1.1020 | union_precision 0.8571 | weighted_recall 0.3525 | consensus_recall 0.7143 | threshold 0.575
Epoch 13/30 | train_loss 1.0830 | union_precision 0.9048 | weighted_recall 0.3488 | consensus_recall 0.7143 | threshold 0.575
Epoch 14/30 | train_loss 1.0741 | union_precision 0.9048 | weighted_recall 0.3191 | consensus_recall 0.7143 | threshold 0.550
Epoch 15/30 | train_loss 1.0595 | union_precision 0.9048 | weighted_recall 0.3191 | consensus_recall 0.7143 | threshold 0.525
Epoch 16/30 | train_loss 1.0527 | union_precision 0.9048 | weighted_recall 0.3154 | consensus_recall 0.7143 | threshold 0.500
Epoch 17/30 | train_loss 1.0460 | union_precision 0.9048 | weighted_recall 0.3321 | consensus_recall 0.7143 | threshold 0.500
Early stopping at epoch 17
Held-out M06-2 | union_precision=0.8571 | weighted_recall=0.3525 | consensus_recall=0.7143
