PROJECT_DIR=/gpfs/work/int/yuxuanliu2204/Changheng/xmltoexp/MERIX SUBMISSION/Boundary_Restart
DEVICE=cuda
OUTER_PIECES=M06-1 M06-2 M06-3
OUTPUT_TAG=server_cuda
Epoch 1/60 | train_loss 1.5433 | union_precision 0.4000 | weighted_recall 0.0199 | union_precision 0.4000 | threshold 0.650 | val_model raw | lr 0.001000
Epoch 2/60 | train_loss 1.4033 | union_precision 0.4000 | weighted_recall 0.0199 | union_precision 0.4000 | threshold 0.625 | val_model raw | lr 0.001000
Epoch 3/60 | train_loss 1.3013 | union_precision 0.5714 | weighted_recall 0.0830 | union_precision 0.5714 | threshold 0.575 | val_model raw | lr 0.001000
Epoch 4/60 | train_loss 1.2024 | union_precision 0.5714 | weighted_recall 0.0830 | union_precision 0.5714 | threshold 0.600 | val_model raw | lr 0.001000
Epoch 5/60 | train_loss 1.1490 | union_precision 0.5714 | weighted_recall 0.0508 | union_precision 0.5714 | threshold 0.650 | val_model raw | lr 0.001000
Epoch 6/60 | train_loss 1.1230 | union_precision 0.6667 | weighted_recall 0.0508 | union_precision 0.6667 | threshold 0.650 | val_model raw | lr 0.001000
Epoch 7/60 | train_loss 1.0605 | union_precision 0.6667 | weighted_recall 0.0508 | union_precision 0.6667 | threshold 0.675 | val_model raw | lr 0.001000
Epoch 8/60 | train_loss 1.0240 | union_precision 0.5714 | weighted_recall 0.0508 | union_precision 0.5714 | threshold 0.675 | val_model raw | lr 0.001000
Epoch 9/60 | train_loss 0.9839 | union_precision 1.0000 | weighted_recall 0.0123 | union_precision 1.0000 | threshold 0.725 | val_model raw | lr 0.001000
Epoch 10/60 | train_loss 0.9492 | union_precision 0.7778 | weighted_recall 0.0830 | union_precision 0.7778 | threshold 0.675 | val_model raw | lr 0.001000
Epoch 11/60 | train_loss 0.9288 | union_precision 0.7143 | weighted_recall 0.1323 | union_precision 0.7143 | threshold 0.675 | val_model raw | lr 0.001000
Epoch 12/60 | train_loss 0.8760 | union_precision 0.7500 | weighted_recall 0.1247 | union_precision 0.7500 | threshold 0.700 | val_model raw | lr 0.001000
Epoch 13/60 | train_loss 0.8749 | union_precision 0.7500 | weighted_recall 0.0754 | union_precision 0.7500 | threshold 0.725 | val_model raw | lr 0.001000
Epoch 14/60 | train_loss 0.8231 | union_precision 0.7500 | weighted_recall 0.1537 | union_precision 0.7500 | threshold 0.725 | val_model raw | lr 0.001000
Epoch 15/60 | train_loss 0.7922 | union_precision 0.7857 | weighted_recall 0.1476 | union_precision 0.7857 | threshold 0.750 | val_model raw | lr 0.001000
Epoch 16/60 | train_loss 0.7443 | union_precision 0.7059 | weighted_recall 0.1537 | union_precision 0.7059 | threshold 0.750 | val_model raw | lr 0.001000
Epoch 17/60 | train_loss 0.7379 | union_precision 0.7333 | weighted_recall 0.1476 | union_precision 0.7333 | threshold 0.775 | val_model raw | lr 0.001000
Epoch 18/60 | train_loss 0.6962 | union_precision 0.8000 | weighted_recall 0.1291 | union_precision 0.8000 | threshold 0.800 | val_model raw | lr 0.001000
Epoch 19/60 | train_loss 0.6789 | union_precision 0.8000 | weighted_recall 0.1291 | union_precision 0.8000 | threshold 0.800 | val_model raw | lr 0.001000
Epoch 20/60 | train_loss 0.6437 | union_precision 0.7500 | weighted_recall 0.0384 | union_precision 0.7500 | threshold 0.850 | val_model raw | lr 0.001000
Epoch 21/60 | train_loss 0.6408 | union_precision 0.7000 | weighted_recall 0.1215 | union_precision 0.7000 | threshold 0.800 | val_model raw | lr 0.001000
Epoch 22/60 | train_loss 0.5922 | union_precision 0.7000 | weighted_recall 0.1215 | union_precision 0.7000 | threshold 0.800 | val_model raw | lr 0.001000
Epoch 23/60 | train_loss 0.5598 | union_precision 0.7500 | weighted_recall 0.1338 | union_precision 0.7500 | threshold 0.800 | val_model raw | lr 0.001000
Epoch 24/60 | train_loss 0.5506 | union_precision 0.7500 | weighted_recall 0.1338 | union_precision 0.7500 | threshold 0.800 | val_model raw | lr 0.001000
Early stopping at epoch 24
Held-out M06-1__M06-2__M06-3 | union_precision=0.7500 | weighted_recall=0.1537 | consensus_recall=0.0000
Epoch 1/60 | train_loss 1.5396 | union_precision 0.4000 | weighted_recall 0.0105 | union_precision 0.4000 | threshold 0.650 | val_model raw | lr 0.001000
Epoch 2/60 | train_loss 1.3812 | union_precision 0.4000 | weighted_recall 0.0279 | union_precision 0.4000 | threshold 0.575 | val_model raw | lr 0.001000
Epoch 3/60 | train_loss 1.2939 | union_precision 0.5000 | weighted_recall 0.1177 | union_precision 0.5000 | threshold 0.575 | val_model raw | lr 0.001000
Epoch 4/60 | train_loss 1.2259 | union_precision 0.5714 | weighted_recall 0.1301 | union_precision 0.5714 | threshold 0.600 | val_model raw | lr 0.001000
Epoch 5/60 | train_loss 1.1873 | union_precision 0.6667 | weighted_recall 0.3585 | union_precision 0.6667 | threshold 0.575 | val_model raw | lr 0.001000
Epoch 6/60 | train_loss 1.1546 | union_precision 0.6842 | weighted_recall 0.4900 | union_precision 0.6842 | threshold 0.575 | val_model raw | lr 0.001000
Epoch 7/60 | train_loss 1.1071 | union_precision 0.7000 | weighted_recall 0.4999 | union_precision 0.7000 | threshold 0.575 | val_model raw | lr 0.001000
Epoch 8/60 | train_loss 1.0769 | union_precision 0.7826 | weighted_recall 0.4473 | union_precision 0.7826 | threshold 0.625 | val_model raw | lr 0.001000
Epoch 9/60 | train_loss 1.0456 | union_precision 0.7105 | weighted_recall 0.4925 | union_precision 0.7105 | threshold 0.600 | val_model raw | lr 0.001000
Epoch 10/60 | train_loss 1.0315 | union_precision 0.7812 | weighted_recall 0.4770 | union_precision 0.7812 | threshold 0.625 | val_model raw | lr 0.001000
Epoch 11/60 | train_loss 1.0191 | union_precision 0.7073 | weighted_recall 0.5124 | union_precision 0.7073 | threshold 0.600 | val_model raw | lr 0.001000
Epoch 12/60 | train_loss 0.9712 | union_precision 0.7179 | weighted_recall 0.4999 | union_precision 0.7179 | threshold 0.625 | val_model raw | lr 0.001000
Epoch 13/60 | train_loss 0.9630 | union_precision 0.7000 | weighted_recall 0.5093 | union_precision 0.7000 | threshold 0.625 | val_model raw | lr 0.001000
Epoch 14/60 | train_loss 0.9248 | union_precision 0.7105 | weighted_recall 0.4969 | union_precision 0.7105 | threshold 0.650 | val_model raw | lr 0.001000
Epoch 15/60 | train_loss 0.9216 | union_precision 0.7143 | weighted_recall 0.4046 | union_precision 0.7143 | threshold 0.675 | val_model raw | lr 0.001000
Epoch 16/60 | train_loss 0.8966 | union_precision 0.7333 | weighted_recall 0.3087 | union_precision 0.7333 | threshold 0.700 | val_model raw | lr 0.001000
Epoch 17/60 | train_loss 0.8742 | union_precision 0.7059 | weighted_recall 0.3242 | union_precision 0.7059 | threshold 0.675 | val_model raw | lr 0.001000
Epoch 18/60 | train_loss 0.8426 | union_precision 0.7059 | weighted_recall 0.3242 | union_precision 0.7059 | threshold 0.675 | val_model raw | lr 0.001000
Epoch 19/60 | train_loss 0.8373 | union_precision 0.7333 | weighted_recall 0.3087 | union_precision 0.7333 | threshold 0.725 | val_model raw | lr 0.001000
Epoch 20/60 | train_loss 0.7986 | union_precision 0.7667 | weighted_recall 0.3112 | union_precision 0.7667 | threshold 0.725 | val_model raw | lr 0.001000
Epoch 21/60 | train_loss 0.7923 | union_precision 0.7429 | weighted_recall 0.4770 | union_precision 0.7429 | threshold 0.700 | val_model raw | lr 0.001000
Early stopping at epoch 21
Held-out M06-1__M06-2__M06-3 | union_precision=0.7073 | weighted_recall=0.5124 | consensus_recall=0.8000
Epoch 1/60 | train_loss 1.5235 | union_precision 0.4000 | weighted_recall 0.0081 | union_precision 0.4000 | threshold 0.650 | val_model raw | lr 0.001000
Epoch 2/60 | train_loss 1.3926 | union_precision 0.4545 | weighted_recall 0.0289 | union_precision 0.4545 | threshold 0.575 | val_model raw | lr 0.001000
Epoch 3/60 | train_loss 1.3149 | union_precision 0.4568 | weighted_recall 0.3301 | union_precision 0.4568 | threshold 0.500 | val_model raw | lr 0.001000
Epoch 4/60 | train_loss 1.2514 | union_precision 0.5500 | weighted_recall 0.1001 | union_precision 0.5500 | threshold 0.575 | val_model raw | lr 0.001000
Epoch 5/60 | train_loss 1.2126 | union_precision 0.5938 | weighted_recall 0.2096 | union_precision 0.5938 | threshold 0.575 | val_model raw | lr 0.001000
Epoch 6/60 | train_loss 1.1898 | union_precision 0.6667 | weighted_recall 0.3035 | union_precision 0.6667 | threshold 0.575 | val_model raw | lr 0.001000
Epoch 7/60 | train_loss 1.1499 | union_precision 0.6389 | weighted_recall 0.2493 | union_precision 0.6389 | threshold 0.600 | val_model raw | lr 0.001000
Epoch 8/60 | train_loss 1.1302 | union_precision 1.0000 | weighted_recall 0.0104 | union_precision 1.0000 | threshold 0.725 | val_model raw | lr 0.001000
Epoch 9/60 | train_loss 1.1080 | union_precision 0.7500 | weighted_recall 0.1184 | union_precision 0.7500 | threshold 0.675 | val_model raw | lr 0.001000
Epoch 10/60 | train_loss 1.0971 | union_precision 0.7059 | weighted_recall 0.2494 | union_precision 0.7059 | threshold 0.650 | val_model raw | lr 0.001000
Epoch 11/60 | train_loss 1.0712 | union_precision 0.7105 | weighted_recall 0.2801 | union_precision 0.7105 | threshold 0.650 | val_model raw | lr 0.001000
Epoch 12/60 | train_loss 1.0351 | union_precision 0.7073 | weighted_recall 0.3107 | union_precision 0.7073 | threshold 0.650 | val_model raw | lr 0.001000
Epoch 13/60 | train_loss 1.0272 | union_precision 0.7037 | weighted_recall 0.1830 | union_precision 0.7037 | threshold 0.725 | val_model raw | lr 0.001000
Epoch 14/60 | train_loss 0.9952 | union_precision 0.7241 | weighted_recall 0.2062 | union_precision 0.7241 | threshold 0.725 | val_model raw | lr 0.001000
Epoch 15/60 | train_loss 0.9887 | union_precision 0.7143 | weighted_recall 0.2036 | union_precision 0.7143 | threshold 0.750 | val_model raw | lr 0.001000
Epoch 16/60 | train_loss 0.9718 | union_precision 0.7027 | weighted_recall 0.2662 | union_precision 0.7027 | threshold 0.700 | val_model raw | lr 0.001000
Epoch 17/60 | train_loss 0.9583 | union_precision 0.7143 | weighted_recall 0.2558 | union_precision 0.7143 | threshold 0.725 | val_model raw | lr 0.001000
Epoch 18/60 | train_loss 0.9369 | union_precision 0.7576 | weighted_recall 0.2558 | union_precision 0.7576 | threshold 0.750 | val_model raw | lr 0.001000
Epoch 19/60 | train_loss 0.9250 | union_precision 0.7941 | weighted_recall 0.2688 | union_precision 0.7941 | threshold 0.750 | val_model raw | lr 0.001000
Epoch 20/60 | train_loss 0.9018 | union_precision 0.7500 | weighted_recall 0.2675 | union_precision 0.7500 | threshold 0.750 | val_model raw | lr 0.001000
Epoch 21/60 | train_loss 0.8813 | union_precision 0.7297 | weighted_recall 0.2675 | union_precision 0.7297 | threshold 0.750 | val_model raw | lr 0.001000
Epoch 22/60 | train_loss 0.8746 | union_precision 0.7021 | weighted_recall 0.3064 | union_precision 0.7021 | threshold 0.700 | val_model raw | lr 0.001000
Early stopping at epoch 22
Held-out M06-1__M06-2__M06-3 | union_precision=0.7073 | weighted_recall=0.3107 | consensus_recall=0.3333
Epoch 1/60 | train_loss 1.6998 | union_precision 0.3125 | weighted_recall 0.0801 | union_precision 0.3125 | threshold 0.600 | val_model raw | lr 0.001000
Epoch 2/60 | train_loss 1.4508 | union_precision 0.3333 | weighted_recall 0.1109 | union_precision 0.3333 | threshold 0.575 | val_model raw | lr 0.001000
Epoch 3/60 | train_loss 1.2656 | union_precision 0.3125 | weighted_recall 0.0863 | union_precision 0.3125 | threshold 0.575 | val_model raw | lr 0.001000
Epoch 4/60 | train_loss 1.2339 | union_precision 0.3810 | weighted_recall 0.0678 | union_precision 0.3810 | threshold 0.625 | val_model raw | lr 0.001000
Epoch 5/60 | train_loss 1.1461 | union_precision 0.4286 | weighted_recall 0.0925 | union_precision 0.4286 | threshold 0.625 | val_model raw | lr 0.001000
Epoch 6/60 | train_loss 1.1215 | union_precision 0.4667 | weighted_recall 0.0678 | union_precision 0.4667 | threshold 0.675 | val_model raw | lr 0.001000
Epoch 7/60 | train_loss 1.0430 | union_precision 0.4828 | weighted_recall 0.2759 | union_precision 0.4828 | threshold 0.600 | val_model raw | lr 0.001000
Epoch 8/60 | train_loss 1.0169 | union_precision 0.5833 | weighted_recall 0.0740 | union_precision 0.5833 | threshold 0.725 | val_model raw | lr 0.001000
Epoch 9/60 | train_loss 0.9448 | union_precision 0.7500 | weighted_recall 0.0678 | union_precision 0.7500 | threshold 0.750 | val_model raw | lr 0.001000
Epoch 10/60 | train_loss 0.9488 | union_precision 0.7143 | weighted_recall 0.0616 | union_precision 0.7143 | threshold 0.750 | val_model raw | lr 0.001000
Epoch 11/60 | train_loss 0.9061 | union_precision 0.7143 | weighted_recall 0.0616 | union_precision 0.7143 | threshold 0.750 | val_model raw | lr 0.001000
Epoch 12/60 | train_loss 0.8818 | union_precision 0.6364 | weighted_recall 0.0740 | union_precision 0.6364 | threshold 0.725 | val_model raw | lr 0.001000
Epoch 13/60 | train_loss 0.7976 | union_precision 0.6667 | weighted_recall 0.0678 | union_precision 0.6667 | threshold 0.750 | val_model raw | lr 0.001000
Epoch 14/60 | train_loss 0.7890 | union_precision 0.6667 | weighted_recall 0.0801 | union_precision 0.6667 | threshold 0.750 | val_model raw | lr 0.001000
Epoch 15/60 | train_loss 0.7518 | union_precision 0.6667 | weighted_recall 0.0308 | union_precision 0.6667 | threshold 0.875 | val_model raw | lr 0.001000
Epoch 16/60 | train_loss 0.7210 | union_precision 0.7500 | weighted_recall 0.0370 | union_precision 0.7500 | threshold 0.875 | val_model raw | lr 0.001000
Epoch 17/60 | train_loss 0.6752 | union_precision 0.8000 | weighted_recall 0.0431 | union_precision 0.8000 | threshold 0.850 | val_model raw | lr 0.001000
Epoch 18/60 | train_loss 0.6580 | union_precision 0.8000 | weighted_recall 0.0431 | union_precision 0.8000 | threshold 0.850 | val_model raw | lr 0.001000
Epoch 19/60 | train_loss 0.6362 | union_precision 0.8000 | weighted_recall 0.0431 | union_precision 0.8000 | threshold 0.850 | val_model raw | lr 0.001000
Early stopping at epoch 19
Held-out M06-1__M06-2__M06-3 | union_precision=0.7500 | weighted_recall=0.0678 | consensus_recall=0.0000
Epoch 1/60 | train_loss 1.6971 | union_precision 0.4688 | weighted_recall 0.1019 | union_precision 0.4688 | threshold 0.600 | val_model raw | lr 0.001000
Epoch 2/60 | train_loss 1.4874 | union_precision 0.4848 | weighted_recall 0.1044 | union_precision 0.4848 | threshold 0.575 | val_model raw | lr 0.001000
Epoch 3/60 | train_loss 1.3372 | union_precision 0.5312 | weighted_recall 0.1243 | union_precision 0.5312 | threshold 0.575 | val_model raw | lr 0.001000
Epoch 4/60 | train_loss 1.2721 | union_precision 0.5625 | weighted_recall 0.1243 | union_precision 0.5625 | threshold 0.575 | val_model raw | lr 0.001000
Epoch 5/60 | train_loss 1.2067 | union_precision 0.6389 | weighted_recall 0.2477 | union_precision 0.6389 | threshold 0.575 | val_model raw | lr 0.001000
Epoch 6/60 | train_loss 1.1743 | union_precision 0.6538 | weighted_recall 0.1930 | union_precision 0.6538 | threshold 0.625 | val_model raw | lr 0.001000
Epoch 7/60 | train_loss 1.1182 | union_precision 0.7000 | weighted_recall 0.2402 | union_precision 0.7000 | threshold 0.625 | val_model raw | lr 0.001000
Epoch 8/60 | train_loss 1.1111 | union_precision 0.7273 | weighted_recall 0.3293 | union_precision 0.7273 | threshold 0.625 | val_model raw | lr 0.001000
Epoch 9/60 | train_loss 1.0546 | union_precision 0.7143 | weighted_recall 0.2041 | union_precision 0.7143 | threshold 0.650 | val_model raw | lr 0.001000
Epoch 10/60 | train_loss 1.0347 | union_precision 0.7241 | weighted_recall 0.2290 | union_precision 0.7241 | threshold 0.650 | val_model raw | lr 0.001000
Epoch 11/60 | train_loss 0.9934 | union_precision 0.7097 | weighted_recall 0.2445 | union_precision 0.7097 | threshold 0.650 | val_model raw | lr 0.001000
Epoch 12/60 | train_loss 0.9756 | union_precision 0.7200 | weighted_recall 0.2060 | union_precision 0.7200 | threshold 0.675 | val_model raw | lr 0.001000
Epoch 13/60 | train_loss 0.9260 | union_precision 0.7727 | weighted_recall 0.2011 | union_precision 0.7727 | threshold 0.700 | val_model raw | lr 0.001000
Epoch 14/60 | train_loss 0.9209 | union_precision 0.7037 | weighted_recall 0.2234 | union_precision 0.7037 | threshold 0.700 | val_model raw | lr 0.001000
Epoch 15/60 | train_loss 0.8720 | union_precision 0.7692 | weighted_recall 0.2259 | union_precision 0.7692 | threshold 0.725 | val_model raw | lr 0.001000
Epoch 16/60 | train_loss 0.8696 | union_precision 0.7143 | weighted_recall 0.2259 | union_precision 0.7143 | threshold 0.725 | val_model raw | lr 0.001000
Epoch 17/60 | train_loss 0.8425 | union_precision 0.8182 | weighted_recall 0.2035 | union_precision 0.8182 | threshold 0.775 | val_model raw | lr 0.001000
Epoch 18/60 | train_loss 0.8227 | union_precision 0.7200 | weighted_recall 0.2035 | union_precision 0.7200 | threshold 0.775 | val_model raw | lr 0.001000
Early stopping at epoch 18
Held-out M06-1__M06-2__M06-3 | union_precision=0.7273 | weighted_recall=0.3293 | consensus_recall=0.4000
Epoch 1/60 | train_loss 1.6748 | union_precision 0.5625 | weighted_recall 0.1040 | union_precision 0.5625 | threshold 0.600 | val_model raw | lr 0.001000
Epoch 2/60 | train_loss 1.4874 | union_precision 0.6000 | weighted_recall 0.1092 | union_precision 0.6000 | threshold 0.575 | val_model raw | lr 0.001000
Epoch 3/60 | train_loss 1.3392 | union_precision 0.6875 | weighted_recall 0.1170 | union_precision 0.6875 | threshold 0.575 | val_model raw | lr 0.001000
Epoch 4/60 | train_loss 1.3003 | union_precision 0.7105 | weighted_recall 0.1521 | union_precision 0.7105 | threshold 0.575 | val_model raw | lr 0.001000
Epoch 5/60 | train_loss 1.2216 | union_precision 0.7143 | weighted_recall 0.1911 | union_precision 0.7143 | threshold 0.600 | val_model raw | lr 0.001000
Epoch 6/60 | train_loss 1.1922 | union_precision 0.7045 | weighted_recall 0.2571 | union_precision 0.7045 | threshold 0.600 | val_model raw | lr 0.001000
Epoch 7/60 | train_loss 1.1582 | union_precision 0.7500 | weighted_recall 0.2325 | union_precision 0.7500 | threshold 0.625 | val_model raw | lr 0.001000
Epoch 8/60 | train_loss 1.1346 | union_precision 0.7317 | weighted_recall 0.2483 | union_precision 0.7317 | threshold 0.625 | val_model raw | lr 0.001000
Epoch 9/60 | train_loss 1.1019 | union_precision 0.7561 | weighted_recall 0.2775 | union_precision 0.7561 | threshold 0.625 | val_model raw | lr 0.001000
Epoch 10/60 | train_loss 1.0944 | union_precision 0.7500 | weighted_recall 0.3563 | union_precision 0.7500 | threshold 0.625 | val_model raw | lr 0.001000
Epoch 11/60 | train_loss 1.0570 | union_precision 0.7368 | weighted_recall 0.3173 | union_precision 0.7368 | threshold 0.650 | val_model raw | lr 0.001000
Epoch 12/60 | train_loss 1.0336 | union_precision 0.7091 | weighted_recall 0.3805 | union_precision 0.7091 | threshold 0.625 | val_model raw | lr 0.001000
Epoch 13/60 | train_loss 1.0052 | union_precision 0.7317 | weighted_recall 0.3319 | union_precision 0.7317 | threshold 0.675 | val_model raw | lr 0.001000
Epoch 14/60 | train_loss 0.9975 | union_precision 0.7170 | weighted_recall 0.3792 | union_precision 0.7170 | threshold 0.650 | val_model raw | lr 0.001000
Epoch 15/60 | train_loss 0.9664 | union_precision 0.7091 | weighted_recall 0.3831 | union_precision 0.7091 | threshold 0.650 | val_model raw | lr 0.001000
Epoch 16/60 | train_loss 0.9498 | union_precision 0.7091 | weighted_recall 0.3828 | union_precision 0.7091 | threshold 0.650 | val_model raw | lr 0.001000
Epoch 17/60 | train_loss 0.9357 | union_precision 0.7091 | weighted_recall 0.3828 | union_precision 0.7091 | threshold 0.650 | val_model raw | lr 0.001000
Epoch 18/60 | train_loss 0.9235 | union_precision 0.7018 | weighted_recall 0.3860 | union_precision 0.7018 | threshold 0.650 | val_model raw | lr 0.001000
Epoch 19/60 | train_loss 0.9178 | union_precision 0.7308 | weighted_recall 0.3815 | union_precision 0.7308 | threshold 0.675 | val_model raw | lr 0.001000
Epoch 20/60 | train_loss 0.8921 | union_precision 0.7049 | weighted_recall 0.3915 | union_precision 0.7049 | threshold 0.625 | val_model raw | lr 0.001000
Epoch 21/60 | train_loss 0.8815 | union_precision 0.7031 | weighted_recall 0.4087 | union_precision 0.7031 | threshold 0.600 | val_model raw | lr 0.001000
Epoch 22/60 | train_loss 0.8773 | union_precision 0.7031 | weighted_recall 0.4087 | union_precision 0.7031 | threshold 0.600 | val_model raw | lr 0.001000
Epoch 23/60 | train_loss 0.8476 | union_precision 0.7049 | weighted_recall 0.4045 | union_precision 0.7049 | threshold 0.625 | val_model raw | lr 0.001000
Epoch 24/60 | train_loss 0.8537 | union_precision 0.7049 | weighted_recall 0.4045 | union_precision 0.7049 | threshold 0.625 | val_model raw | lr 0.001000
Epoch 25/60 | train_loss 0.8495 | union_precision 0.7015 | weighted_recall 0.4925 | union_precision 0.7015 | threshold 0.575 | val_model raw | lr 0.001000
Epoch 26/60 | train_loss 0.8252 | union_precision 0.7015 | weighted_recall 0.4795 | union_precision 0.7015 | threshold 0.575 | val_model raw | lr 0.001000
Epoch 27/60 | train_loss 0.8019 | union_precision 0.7213 | weighted_recall 0.4753 | union_precision 0.7213 | threshold 0.600 | val_model raw | lr 0.001000
Epoch 28/60 | train_loss 0.7944 | union_precision 0.7015 | weighted_recall 0.4795 | union_precision 0.7015 | threshold 0.550 | val_model raw | lr 0.001000
Epoch 29/60 | train_loss 0.7980 | union_precision 0.7077 | weighted_recall 0.4627 | union_precision 0.7077 | threshold 0.550 | val_model raw | lr 0.001000
Epoch 30/60 | train_loss 0.7813 | union_precision 0.7015 | weighted_recall 0.4639 | union_precision 0.7015 | threshold 0.550 | val_model raw | lr 0.001000
Epoch 31/60 | train_loss 0.7774 | union_precision 0.7121 | weighted_recall 0.4639 | union_precision 0.7121 | threshold 0.550 | val_model raw | lr 0.001000
Epoch 32/60 | train_loss 0.7583 | union_precision 0.7015 | weighted_recall 0.4639 | union_precision 0.7015 | threshold 0.525 | val_model raw | lr 0.001000
Epoch 33/60 | train_loss 0.7646 | union_precision 0.7091 | weighted_recall 0.3875 | union_precision 0.7091 | threshold 0.650 | val_model raw | lr 0.001000
Epoch 34/60 | train_loss 0.7308 | union_precision 0.7059 | weighted_recall 0.3353 | union_precision 0.7059 | threshold 0.725 | val_model raw | lr 0.001000
Epoch 35/60 | train_loss 0.7317 | union_precision 0.7143 | weighted_recall 0.3444 | union_precision 0.7143 | threshold 0.750 | val_model raw | lr 0.001000
Early stopping at epoch 35
Held-out M06-1__M06-2__M06-3 | union_precision=0.7015 | weighted_recall=0.4925 | consensus_recall=0.6667
Epoch 1/60 | train_loss 1.5244 | union_precision 0.5714 | weighted_recall 0.4217 | union_precision 0.5714 | threshold 0.575 | val_model raw | lr 0.001000
Epoch 2/60 | train_loss 1.3830 | union_precision 0.6111 | weighted_recall 0.4094 | union_precision 0.6111 | threshold 0.600 | val_model raw | lr 0.001000
Epoch 3/60 | train_loss 1.3222 | union_precision 0.7000 | weighted_recall 0.1896 | union_precision 0.7000 | threshold 0.650 | val_model raw | lr 0.001000
Epoch 4/60 | train_loss 1.2101 | union_precision 0.7273 | weighted_recall 0.0801 | union_precision 0.7273 | threshold 0.675 | val_model raw | lr 0.001000
Epoch 5/60 | train_loss 1.1503 | union_precision 0.7273 | weighted_recall 0.0801 | union_precision 0.7273 | threshold 0.700 | val_model raw | lr 0.001000
Epoch 6/60 | train_loss 1.0721 | union_precision 0.7273 | weighted_recall 0.0801 | union_precision 0.7273 | threshold 0.700 | val_model raw | lr 0.001000
Epoch 7/60 | train_loss 1.0190 | union_precision 0.8000 | weighted_recall 0.0863 | union_precision 0.8000 | threshold 0.700 | val_model raw | lr 0.001000
Epoch 8/60 | train_loss 0.9936 | union_precision 0.8000 | weighted_recall 0.0863 | union_precision 0.8000 | threshold 0.700 | val_model raw | lr 0.001000
Epoch 9/60 | train_loss 0.9721 | union_precision 0.8000 | weighted_recall 0.0863 | union_precision 0.8000 | threshold 0.725 | val_model raw | lr 0.001000
Epoch 10/60 | train_loss 0.9316 | union_precision 0.8000 | weighted_recall 0.0863 | union_precision 0.8000 | threshold 0.725 | val_model raw | lr 0.001000
Epoch 11/60 | train_loss 0.9026 | union_precision 0.8000 | weighted_recall 0.0863 | union_precision 0.8000 | threshold 0.750 | val_model raw | lr 0.001000
Epoch 12/60 | train_loss 0.8446 | union_precision 0.7500 | weighted_recall 0.2081 | union_precision 0.7500 | threshold 0.725 | val_model raw | lr 0.001000
Epoch 13/60 | train_loss 0.8211 | union_precision 0.7500 | weighted_recall 0.0925 | union_precision 0.7500 | threshold 0.750 | val_model raw | lr 0.001000
Epoch 14/60 | train_loss 0.8200 | union_precision 0.7273 | weighted_recall 0.0863 | union_precision 0.7273 | threshold 0.775 | val_model raw | lr 0.001000
Epoch 15/60 | train_loss 0.7525 | union_precision 0.7143 | weighted_recall 0.2157 | union_precision 0.7143 | threshold 0.775 | val_model raw | lr 0.001000
Epoch 16/60 | train_loss 0.7411 | union_precision 0.7000 | weighted_recall 0.0754 | union_precision 0.7000 | threshold 0.800 | val_model raw | lr 0.001000
Epoch 17/60 | train_loss 0.7015 | union_precision 0.7778 | weighted_recall 0.1911 | union_precision 0.7778 | threshold 0.800 | val_model raw | lr 0.001000
Epoch 18/60 | train_loss 0.6870 | union_precision 0.7692 | weighted_recall 0.2172 | union_precision 0.7692 | threshold 0.775 | val_model raw | lr 0.001000
Epoch 19/60 | train_loss 0.6730 | union_precision 0.7143 | weighted_recall 0.2172 | union_precision 0.7143 | threshold 0.775 | val_model raw | lr 0.001000
Epoch 20/60 | train_loss 0.6131 | union_precision 0.7143 | weighted_recall 0.2172 | union_precision 0.7143 | threshold 0.775 | val_model raw | lr 0.001000
Epoch 21/60 | train_loss 0.5993 | union_precision 0.7333 | weighted_recall 0.2480 | union_precision 0.7333 | threshold 0.775 | val_model raw | lr 0.001000
Epoch 22/60 | train_loss 0.5797 | union_precision 0.7273 | weighted_recall 0.1972 | union_precision 0.7273 | threshold 0.800 | val_model raw | lr 0.001000
Epoch 23/60 | train_loss 0.5634 | union_precision 0.7000 | weighted_recall 0.1911 | union_precision 0.7000 | threshold 0.800 | val_model raw | lr 0.001000
Epoch 24/60 | train_loss 0.5326 | union_precision 0.7000 | weighted_recall 0.1911 | union_precision 0.7000 | threshold 0.825 | val_model raw | lr 0.001000
Epoch 25/60 | train_loss 0.5285 | union_precision 0.7000 | weighted_recall 0.1911 | union_precision 0.7000 | threshold 0.825 | val_model raw | lr 0.001000
Epoch 26/60 | train_loss 0.5010 | union_precision 0.6667 | weighted_recall 0.1849 | union_precision 0.6667 | threshold 0.850 | val_model raw | lr 0.001000
Epoch 27/60 | train_loss 0.4949 | union_precision 0.6667 | weighted_recall 0.1849 | union_precision 0.6667 | threshold 0.850 | val_model raw | lr 0.001000
Epoch 28/60 | train_loss 0.4717 | union_precision 0.6667 | weighted_recall 0.1849 | union_precision 0.6667 | threshold 0.850 | val_model raw | lr 0.001000
Epoch 29/60 | train_loss 0.4611 | union_precision 0.6667 | weighted_recall 0.1849 | union_precision 0.6667 | threshold 0.850 | val_model raw | lr 0.001000
Epoch 30/60 | train_loss 0.4390 | union_precision 0.6667 | weighted_recall 0.1849 | union_precision 0.6667 | threshold 0.875 | val_model raw | lr 0.001000
Epoch 31/60 | train_loss 0.4318 | union_precision 0.7143 | weighted_recall 0.1788 | union_precision 0.7143 | threshold 0.950 | val_model raw | lr 0.001000
Early stopping at epoch 31
Held-out M06-1__M06-2__M06-3 | union_precision=0.7333 | weighted_recall=0.2480 | consensus_recall=0.0000
Epoch 1/60 | train_loss 1.5326 | union_precision 0.8182 | weighted_recall 0.4578 | union_precision 0.8182 | threshold 0.575 | val_model raw | lr 0.001000
Epoch 2/60 | train_loss 1.4138 | union_precision 0.7419 | weighted_recall 0.4783 | union_precision 0.7419 | threshold 0.575 | val_model raw | lr 0.001000
Epoch 3/60 | train_loss 1.3454 | union_precision 0.7059 | weighted_recall 0.4857 | union_precision 0.7059 | threshold 0.575 | val_model raw | lr 0.001000
Epoch 4/60 | train_loss 1.2647 | union_precision 0.7188 | weighted_recall 0.4833 | union_precision 0.7188 | threshold 0.600 | val_model raw | lr 0.001000
Epoch 5/60 | train_loss 1.2129 | union_precision 0.7241 | weighted_recall 0.4679 | union_precision 0.7241 | threshold 0.625 | val_model raw | lr 0.001000
Epoch 6/60 | train_loss 1.1504 | union_precision 0.7586 | weighted_recall 0.4704 | union_precision 0.7586 | threshold 0.625 | val_model raw | lr 0.001000
Epoch 7/60 | train_loss 1.1118 | union_precision 0.7143 | weighted_recall 0.4933 | union_precision 0.7143 | threshold 0.600 | val_model raw | lr 0.001000
Epoch 8/60 | train_loss 1.0973 | union_precision 0.7143 | weighted_recall 0.4933 | union_precision 0.7143 | threshold 0.600 | val_model raw | lr 0.001000
Epoch 9/60 | train_loss 1.0565 | union_precision 0.7812 | weighted_recall 0.4933 | union_precision 0.7812 | threshold 0.625 | val_model raw | lr 0.001000
Epoch 10/60 | train_loss 1.0224 | union_precision 0.7576 | weighted_recall 0.4933 | union_precision 0.7576 | threshold 0.625 | val_model raw | lr 0.001000
Epoch 11/60 | train_loss 1.0035 | union_precision 0.7812 | weighted_recall 0.4933 | union_precision 0.7812 | threshold 0.650 | val_model raw | lr 0.001000
Epoch 12/60 | train_loss 0.9660 | union_precision 0.7647 | weighted_recall 0.5107 | union_precision 0.7647 | threshold 0.650 | val_model raw | lr 0.001000
Epoch 13/60 | train_loss 0.9552 | union_precision 0.7500 | weighted_recall 0.4135 | union_precision 0.7500 | threshold 0.675 | val_model raw | lr 0.001000
Epoch 14/60 | train_loss 0.9395 | union_precision 0.7222 | weighted_recall 0.4334 | union_precision 0.7222 | threshold 0.675 | val_model raw | lr 0.001000
Epoch 15/60 | train_loss 0.8976 | union_precision 0.7222 | weighted_recall 0.4334 | union_precision 0.7222 | threshold 0.700 | val_model raw | lr 0.001000
Epoch 16/60 | train_loss 0.9024 | union_precision 0.7143 | weighted_recall 0.3480 | union_precision 0.7143 | threshold 0.700 | val_model raw | lr 0.001000
Epoch 17/60 | train_loss 0.8680 | union_precision 0.7500 | weighted_recall 0.3381 | union_precision 0.7500 | threshold 0.725 | val_model raw | lr 0.001000
Epoch 18/60 | train_loss 0.8641 | union_precision 0.7353 | weighted_recall 0.4210 | union_precision 0.7353 | threshold 0.725 | val_model raw | lr 0.001000
Epoch 19/60 | train_loss 0.8388 | union_precision 0.7419 | weighted_recall 0.4011 | union_precision 0.7419 | threshold 0.750 | val_model raw | lr 0.001000
Epoch 20/60 | train_loss 0.8071 | union_precision 0.7000 | weighted_recall 0.4433 | union_precision 0.7000 | threshold 0.725 | val_model raw | lr 0.001000
Epoch 21/60 | train_loss 0.7801 | union_precision 0.7333 | weighted_recall 0.3887 | union_precision 0.7333 | threshold 0.775 | val_model raw | lr 0.001000
Epoch 22/60 | train_loss 0.7823 | union_precision 0.7097 | weighted_recall 0.3887 | union_precision 0.7097 | threshold 0.775 | val_model raw | lr 0.001000
Early stopping at epoch 22
Held-out M06-1__M06-2__M06-3 | union_precision=0.7647 | weighted_recall=0.5107 | consensus_recall=0.8000
Epoch 1/60 | train_loss 1.5434 | union_precision 0.7778 | weighted_recall 0.2937 | union_precision 0.7778 | threshold 0.575 | val_model raw | lr 0.001000
Epoch 2/60 | train_loss 1.4130 | union_precision 0.7500 | weighted_recall 0.3814 | union_precision 0.7500 | threshold 0.550 | val_model raw | lr 0.001000
Epoch 3/60 | train_loss 1.3426 | union_precision 0.7209 | weighted_recall 0.3942 | union_precision 0.7209 | threshold 0.550 | val_model raw | lr 0.001000
Epoch 4/60 | train_loss 1.2705 | union_precision 0.7045 | weighted_recall 0.4163 | union_precision 0.7045 | threshold 0.575 | val_model raw | lr 0.001000
Epoch 5/60 | train_loss 1.2286 | union_precision 0.7143 | weighted_recall 0.4969 | union_precision 0.7143 | threshold 0.550 | val_model raw | lr 0.001000
Epoch 6/60 | train_loss 1.1817 | union_precision 0.7143 | weighted_recall 0.4969 | union_precision 0.7143 | threshold 0.550 | val_model raw | lr 0.001000
Epoch 7/60 | train_loss 1.1503 | union_precision 0.7143 | weighted_recall 0.4969 | union_precision 0.7143 | threshold 0.575 | val_model raw | lr 0.001000
Epoch 8/60 | train_loss 1.1311 | union_precision 0.7200 | weighted_recall 0.4622 | union_precision 0.7200 | threshold 0.600 | val_model raw | lr 0.001000
Epoch 9/60 | train_loss 1.1018 | union_precision 0.7045 | weighted_recall 0.3983 | union_precision 0.7045 | threshold 0.625 | val_model raw | lr 0.001000
Epoch 10/60 | train_loss 1.0709 | union_precision 0.7000 | weighted_recall 0.3511 | union_precision 0.7000 | threshold 0.650 | val_model raw | lr 0.001000
Epoch 11/60 | train_loss 1.0571 | union_precision 0.7222 | weighted_recall 0.3017 | union_precision 0.7222 | threshold 0.675 | val_model raw | lr 0.001000
Epoch 12/60 | train_loss 1.0264 | union_precision 0.7209 | weighted_recall 0.3654 | union_precision 0.7209 | threshold 0.650 | val_model raw | lr 0.001000
Epoch 13/60 | train_loss 1.0150 | union_precision 0.7500 | weighted_recall 0.3433 | union_precision 0.7500 | threshold 0.675 | val_model raw | lr 0.001000
Epoch 14/60 | train_loss 0.9876 | union_precision 0.7174 | weighted_recall 0.3758 | union_precision 0.7174 | threshold 0.650 | val_model raw | lr 0.001000
Epoch 15/60 | train_loss 0.9765 | union_precision 0.7255 | weighted_recall 0.3851 | union_precision 0.7255 | threshold 0.650 | val_model raw | lr 0.001000
Early stopping at epoch 15
Held-out M06-1__M06-2__M06-3 | union_precision=0.7143 | weighted_recall=0.4969 | consensus_recall=0.6667
TRAIN L6 seed 42
TRAIN L5+ seed 42
TRAIN L4+ seed 42
TRAIN L6 seed 43
TRAIN L5+ seed 43
TRAIN L4+ seed 43
TRAIN L6 seed 44
TRAIN L5+ seed 44
TRAIN L4+ seed 44
/gpfs/work/int/yuxuanliu2204/Changheng/xmltoexp/MERIX SUBMISSION/Boundary_Restart/reports/l6_candidate_rerank_multiseed_t0p05_p70_server_cuda/all_seed_results.csv
/gpfs/work/int/yuxuanliu2204/Changheng/xmltoexp/MERIX SUBMISSION/Boundary_Restart/reports/l6_candidate_rerank_multiseed_t0p05_p70_server_cuda/summary_mean_std.csv
method,mean_union_precision,std_union_precision,mean_frequency_weighted_precision,mean_weighted_recall,std_weighted_recall,mean_consensus_recall,mean_candidate_coverage
direct_l6,0.7444444444444445,0.00962250448649381,0.04457283112116986,0.1565143815704708,0.09013367764230665,0.0,0.0
rerank_l5_l4_to_l6,0.6417989417989418,0.06302073735440344,0.037768441671259194,0.14068165007080402,0.0951933726963375,0.0,0.582089552238806

