PROJECT_DIR=/gpfs/work/int/yuxuanliu2204/Changheng/xmltoexp/MERIX SUBMISSION/Boundary_Restart
VENV_PATH=/gpfs/work/int/yuxuanliu2204/Changheng/xmltoexp/MERIX SUBMISSION/Boundary_Restart/../MIREX_Model/.venv
CONFIG=configs/salience_grouped3_hi8_score_only_xml_curated.yaml
SLURM_ARRAY_TASK_ID=1
HELDOUT_PIECE=M17-1
MODEL=bilstm
DETECTOR_TARGET=midhigh_boundary
MIN_PRECISION=0.95
BATCH_SIZE=128
EPOCHS=30
EARLY_STOP_PATIENCE=5
SEED=42
OUTPUT_DIR=/gpfs/work/int/yuxuanliu2204/Changheng/xmltoexp/MERIX SUBMISSION/Boundary_Restart/outputs/piece_protocol/M17-1/bilstm_midhigh_boundary_xml_curated_p95_cuda
Epoch 1/30 | train_loss 1.2895 | precision 0.5333 | recall 0.0318 | event_f1 0.0600 | threshold 0.650
Epoch 2/30 | train_loss 1.1719 | precision 0.5761 | recall 0.4464 | event_f1 0.5030 | threshold 0.800
Epoch 3/30 | train_loss 1.0561 | precision 0.7667 | recall 0.2742 | event_f1 0.4039 | threshold 0.900
Epoch 4/30 | train_loss 0.9806 | precision 0.8533 | recall 0.2543 | event_f1 0.3918 | threshold 0.925
Epoch 5/30 | train_loss 0.9242 | precision 0.8611 | recall 0.2053 | event_f1 0.3316 | threshold 0.950
Epoch 6/30 | train_loss 0.8840 | precision 0.7587 | recall 0.3166 | event_f1 0.4467 | threshold 0.925
Epoch 7/30 | train_loss 0.8529 | precision 0.8611 | recall 0.2053 | event_f1 0.3316 | threshold 0.950
Epoch 8/30 | train_loss 0.8272 | precision 0.8611 | recall 0.2053 | event_f1 0.3316 | threshold 0.950
Epoch 9/30 | train_loss 0.8079 | precision 0.8611 | recall 0.2053 | event_f1 0.3316 | threshold 0.950
Epoch 10/30 | train_loss 0.7915 | precision 0.8611 | recall 0.2053 | event_f1 0.3316 | threshold 0.950
Early stopping at epoch 10
Held-out M17-1 | precision=0.8611 | recall=0.2053 | mid/high macro_event_f1=0.1080
