PROJECT_DIR=/gpfs/work/int/yuxuanliu2204/Changheng/xmltoexp/MERIX SUBMISSION/Boundary_Restart
SEED=42
CONFIG=configs/salience_grouped3_hi8_score_only_xml_curated.yaml
OUTER_PIECES=M06-1 M06-2 M06-3
DEVICE=cuda

=== SEED=42 TARGET=level1plus_split56_boundary ===
NESTED_DIR=reports/nested_piece_cv/weighted_topdown_level1plus_split56_boundary_seed42
OUTPUT_DIR=reports/clean_outer_test/weighted_topdown_level1plus_split56_boundary_seed42
Epoch 1/14 | train_loss 1.3513
Epoch 2/14 | train_loss 1.2748
Epoch 3/14 | train_loss 1.2208
Epoch 4/14 | train_loss 1.1979
Epoch 5/14 | train_loss 1.1809
Epoch 6/14 | train_loss 1.1660
Epoch 7/14 | train_loss 1.1531
Epoch 8/14 | train_loss 1.1418
Epoch 9/14 | train_loss 1.1374
Epoch 10/14 | train_loss 1.1228
Epoch 11/14 | train_loss 1.1177
Epoch 12/14 | train_loss 1.1116
Epoch 13/14 | train_loss 1.1074
Epoch 14/14 | train_loss 1.1018
Clean outer M06-1__M06-2__M06-3 | union_precision=0.9843 | union_recall=0.1791 | weighted_recall=0.3223 | consensus_recall=0.7391 | threshold=0.126 | epochs=14

=== SEED=42 TARGET=level2plus_split56_boundary ===
NESTED_DIR=reports/nested_piece_cv/weighted_topdown_level2plus_split56_boundary_seed42
OUTPUT_DIR=reports/clean_outer_test/weighted_topdown_level2plus_split56_boundary_seed42
Epoch 1/13 | train_loss 1.4404
Epoch 2/13 | train_loss 1.3252
Epoch 3/13 | train_loss 1.2619
Epoch 4/13 | train_loss 1.2269
Epoch 5/13 | train_loss 1.2034
Epoch 6/13 | train_loss 1.1821
Epoch 7/13 | train_loss 1.1651
Epoch 8/13 | train_loss 1.1442
Epoch 9/13 | train_loss 1.1356
Epoch 10/13 | train_loss 1.1172
Epoch 11/13 | train_loss 1.1041
Epoch 12/13 | train_loss 1.0945
Epoch 13/13 | train_loss 1.0830
Clean outer M06-1__M06-2__M06-3 | union_precision=0.9048 | union_recall=0.2322 | weighted_recall=0.3744 | consensus_recall=0.8333 | threshold=0.299 | epochs=13

=== SEED=42 TARGET=level3plus_split56_boundary ===
NESTED_DIR=reports/nested_piece_cv/weighted_topdown_level3plus_split56_boundary_seed42
OUTPUT_DIR=reports/clean_outer_test/weighted_topdown_level3plus_split56_boundary_seed42
Epoch 1/15 | train_loss 1.5047
Epoch 2/15 | train_loss 1.3675
Epoch 3/15 | train_loss 1.2922
Epoch 4/15 | train_loss 1.2412
Epoch 5/15 | train_loss 1.2133
Epoch 6/15 | train_loss 1.1867
Epoch 7/15 | train_loss 1.1640
Epoch 8/15 | train_loss 1.1334
Epoch 9/15 | train_loss 1.1210
Epoch 10/15 | train_loss 1.0948
Epoch 11/15 | train_loss 1.0719
Epoch 12/15 | train_loss 1.0582
Epoch 13/15 | train_loss 1.0383
Epoch 14/15 | train_loss 1.0241
Epoch 15/15 | train_loss 1.0090
Clean outer M06-1__M06-2__M06-3 | union_precision=0.7558 | union_recall=0.2203 | weighted_recall=0.3464 | consensus_recall=0.7037 | threshold=0.571 | epochs=15

=== SEED=42 TARGET=level4plus_split56_boundary ===
NESTED_DIR=reports/nested_piece_cv/weighted_topdown_level4plus_split56_boundary_seed42
OUTPUT_DIR=reports/clean_outer_test/weighted_topdown_level4plus_split56_boundary_seed42
Epoch 1/14 | train_loss 1.5310
Epoch 2/14 | train_loss 1.3868
Epoch 3/14 | train_loss 1.3090
Epoch 4/14 | train_loss 1.2562
Epoch 5/14 | train_loss 1.2208
Epoch 6/14 | train_loss 1.1932
Epoch 7/14 | train_loss 1.1652
Epoch 8/14 | train_loss 1.1315
Epoch 9/14 | train_loss 1.1092
Epoch 10/14 | train_loss 1.0865
Epoch 11/14 | train_loss 1.0628
Epoch 12/14 | train_loss 1.0432
Epoch 13/14 | train_loss 1.0162
Epoch 14/14 | train_loss 1.0053
Clean outer M06-1__M06-2__M06-3 | union_precision=0.7333 | union_recall=0.1701 | weighted_recall=0.2021 | consensus_recall=0.3750 | threshold=0.668 | epochs=14

=== SEED=42 TARGET=level5plus_split56_boundary ===
NESTED_DIR=reports/nested_piece_cv/weighted_topdown_level5plus_split56_boundary_seed42
OUTPUT_DIR=reports/clean_outer_test/weighted_topdown_level5plus_split56_boundary_seed42
Epoch 1/14 | train_loss 1.5408
Epoch 2/14 | train_loss 1.3806
Epoch 3/14 | train_loss 1.2823
Epoch 4/14 | train_loss 1.2371
Epoch 5/14 | train_loss 1.1971
Epoch 6/14 | train_loss 1.1553
Epoch 7/14 | train_loss 1.1220
Epoch 8/14 | train_loss 1.0793
Epoch 9/14 | train_loss 1.0601
Epoch 10/14 | train_loss 1.0235
Epoch 11/14 | train_loss 1.0051
Epoch 12/14 | train_loss 0.9857
Epoch 13/14 | train_loss 0.9479
Epoch 14/14 | train_loss 0.9333
Clean outer M06-1__M06-2__M06-3 | union_precision=0.7667 | union_recall=0.2054 | weighted_recall=0.2692 | consensus_recall=0.4000 | threshold=0.684 | epochs=14

=== SEED=42 TARGET=level6_boundary ===
NESTED_DIR=reports/nested_piece_cv/weighted_topdown_level6_boundary_seed42
OUTPUT_DIR=reports/clean_outer_test/weighted_topdown_level6_boundary_seed42
Epoch 1/10 | train_loss 1.5433
Epoch 2/10 | train_loss 1.3676
Epoch 3/10 | train_loss 1.2490
Epoch 4/10 | train_loss 1.1850
Epoch 5/10 | train_loss 1.1597
Epoch 6/10 | train_loss 1.1055
Epoch 7/10 | train_loss 1.0647
Epoch 8/10 | train_loss 1.0132
Epoch 9/10 | train_loss 0.9808
Epoch 10/10 | train_loss 0.9302
Clean outer M06-1__M06-2__M06-3 | union_precision=0.4412 | union_recall=0.2239 | weighted_recall=0.2955 | consensus_recall=0.0000 | threshold=0.624 | epochs=10
