Held-out piece: M17-1
Model: tcn
Selection metric: union_recall
Levels: low_boundary mid_boundary high_boundary
=== Running low_boundary for M17-1 ===
Epoch 1/30 | train_loss 1.4168 | union_precision 0.8529 | weighted_recall 0.1418 | consensus_recall 0.5000 | threshold 0.050
Epoch 2/30 | train_loss 1.3554 | union_precision 1.0000 | weighted_recall 0.3117 | consensus_recall 1.0000 | threshold 0.050
Epoch 3/30 | train_loss 1.3101 | union_precision 1.0000 | weighted_recall 0.3806 | consensus_recall 1.0000 | threshold 0.050
Epoch 4/30 | train_loss 1.2756 | union_precision 1.0000 | weighted_recall 0.3942 | consensus_recall 1.0000 | threshold 0.050
Epoch 5/30 | train_loss 1.2665 | union_precision 1.0000 | weighted_recall 0.4199 | consensus_recall 1.0000 | threshold 0.050
Epoch 6/30 | train_loss 1.2551 | union_precision 1.0000 | weighted_recall 0.4319 | consensus_recall 1.0000 | threshold 0.050
Epoch 7/30 | train_loss 1.2399 | union_precision 1.0000 | weighted_recall 0.4319 | consensus_recall 1.0000 | threshold 0.050
Epoch 8/30 | train_loss 1.2229 | union_precision 1.0000 | weighted_recall 0.4183 | consensus_recall 1.0000 | threshold 0.050
Epoch 9/30 | train_loss 1.2196 | union_precision 1.0000 | weighted_recall 0.4183 | consensus_recall 1.0000 | threshold 0.050
Epoch 10/30 | train_loss 1.2100 | union_precision 1.0000 | weighted_recall 0.4183 | consensus_recall 1.0000 | threshold 0.050
Epoch 11/30 | train_loss 1.2091 | union_precision 1.0000 | weighted_recall 0.4183 | consensus_recall 1.0000 | threshold 0.050
Early stopping at epoch 11
Held-out M17-1 | union_precision=1.0000 | weighted_recall=0.4319 | consensus_recall=1.0000
=== Running mid_boundary for M17-1 ===
Epoch 1/30 | train_loss 1.5084 | union_precision 1.0000 | weighted_recall 0.0035 | consensus_recall 0.0000 | threshold 0.575
Epoch 2/30 | train_loss 1.3908 | union_precision 1.0000 | weighted_recall 0.0035 | consensus_recall 0.0000 | threshold 0.575
Epoch 3/30 | train_loss 1.3181 | union_precision 1.0000 | weighted_recall 0.0035 | consensus_recall 0.0000 | threshold 0.575
Epoch 4/30 | train_loss 1.2855 | union_precision 0.8519 | weighted_recall 0.4162 | consensus_recall 1.0000 | threshold 0.550
Epoch 5/30 | train_loss 1.2520 | union_precision 0.8500 | weighted_recall 0.5630 | consensus_recall 1.0000 | threshold 0.525
Epoch 6/30 | train_loss 1.2279 | union_precision 1.0000 | weighted_recall 0.3575 | consensus_recall 0.6667 | threshold 0.575
Epoch 7/30 | train_loss 1.2026 | union_precision 0.8750 | weighted_recall 0.4611 | consensus_recall 0.6667 | threshold 0.550
Epoch 8/30 | train_loss 1.1808 | union_precision 0.8571 | weighted_recall 0.5665 | consensus_recall 1.0000 | threshold 0.500
Epoch 9/30 | train_loss 1.1670 | union_precision 0.8500 | weighted_recall 0.5630 | consensus_recall 1.0000 | threshold 0.525
Epoch 10/30 | train_loss 1.1466 | union_precision 0.8500 | weighted_recall 0.5630 | consensus_recall 1.0000 | threshold 0.525
Epoch 11/30 | train_loss 1.1327 | union_precision 0.8611 | weighted_recall 0.5320 | consensus_recall 1.0000 | threshold 0.550
Epoch 12/30 | train_loss 1.1175 | union_precision 0.8611 | weighted_recall 0.5320 | consensus_recall 1.0000 | threshold 0.550
Epoch 13/30 | train_loss 1.1020 | union_precision 0.8611 | weighted_recall 0.5320 | consensus_recall 1.0000 | threshold 0.550
Early stopping at epoch 13
Held-out M17-1 | union_precision=0.8571 | weighted_recall=0.5665 | consensus_recall=1.0000
=== Running high_boundary for M17-1 ===
Epoch 1/30 | train_loss 1.5307 | union_precision 1.0000 | weighted_recall 0.1477 | consensus_recall 1.0000 | threshold 0.575
Epoch 2/30 | train_loss 1.3926 | union_precision 1.0000 | weighted_recall 0.1477 | consensus_recall 1.0000 | threshold 0.575
Epoch 3/30 | train_loss 1.3250 | union_precision 1.0000 | weighted_recall 0.1477 | consensus_recall 1.0000 | threshold 0.575
Epoch 4/30 | train_loss 1.2830 | union_precision 1.0000 | weighted_recall 0.1477 | consensus_recall 1.0000 | threshold 0.575
Epoch 5/30 | train_loss 1.2356 | union_precision 1.0000 | weighted_recall 0.1477 | consensus_recall 1.0000 | threshold 0.575
Epoch 6/30 | train_loss 1.2067 | union_precision 1.0000 | weighted_recall 0.1477 | consensus_recall 1.0000 | threshold 0.575
Early stopping at epoch 6
Held-out M17-1 | union_precision=1.0000 | weighted_recall=0.1477 | consensus_recall=1.0000
