Held-out piece: M30-1
Model: bilstm
Selection metric: union_recall
Levels: low_boundary mid_boundary high_boundary
=== Running low_boundary for M30-1 ===
Epoch 1/30 | train_loss 1.2537 | union_precision 0.9500 | weighted_recall 0.1831 | consensus_recall 0.0000 | threshold 0.050
Epoch 2/30 | train_loss 1.2524 | union_precision 1.0000 | weighted_recall 0.1817 | consensus_recall 0.2000 | threshold 0.050
Epoch 3/30 | train_loss 1.2517 | union_precision 1.0000 | weighted_recall 0.2309 | consensus_recall 0.4000 | threshold 0.050
Epoch 4/30 | train_loss 1.2509 | union_precision 1.0000 | weighted_recall 0.2309 | consensus_recall 0.4000 | threshold 0.050
Epoch 5/30 | train_loss 1.2498 | union_precision 1.0000 | weighted_recall 0.2609 | consensus_recall 0.4000 | threshold 0.050
Epoch 6/30 | train_loss 1.2489 | union_precision 1.0000 | weighted_recall 0.2609 | consensus_recall 0.4000 | threshold 0.050
Epoch 7/30 | train_loss 1.2479 | union_precision 1.0000 | weighted_recall 0.2746 | consensus_recall 0.6000 | threshold 0.050
Early stopping at epoch 7
Held-out M30-1 | union_precision=1.0000 | weighted_recall=0.1817 | consensus_recall=0.2000
=== Running mid_boundary for M30-1 ===
Epoch 1/30 | train_loss 1.3329 | union_precision 0.3810 | weighted_recall 0.3377 | consensus_recall 1.0000 | threshold 0.050
Epoch 2/30 | train_loss 1.3300 | union_precision 1.0000 | weighted_recall 0.0044 | consensus_recall 0.0000 | threshold 0.525
Epoch 3/30 | train_loss 1.3271 | union_precision 1.0000 | weighted_recall 0.0219 | consensus_recall 0.0000 | threshold 0.525
Epoch 4/30 | train_loss 1.3245 | union_precision 1.0000 | weighted_recall 0.0088 | consensus_recall 0.0000 | threshold 0.550
Epoch 5/30 | train_loss 1.3217 | union_precision 1.0000 | weighted_recall 0.0088 | consensus_recall 0.0000 | threshold 0.550
Epoch 6/30 | train_loss 1.3178 | union_precision 1.0000 | weighted_recall 0.0219 | consensus_recall 0.0000 | threshold 0.550
Epoch 7/30 | train_loss 1.3139 | union_precision 1.0000 | weighted_recall 0.0219 | consensus_recall 0.0000 | threshold 0.550
Epoch 8/30 | train_loss 1.3097 | union_precision 1.0000 | weighted_recall 0.0088 | consensus_recall 0.0000 | threshold 0.575
Early stopping at epoch 8
Held-out M30-1 | union_precision=1.0000 | weighted_recall=0.0219 | consensus_recall=0.0000
=== Running high_boundary for M30-1 ===
Epoch 1/30 | train_loss 1.3709 | union_precision 0.2222 | weighted_recall 0.0746 | consensus_recall 0.0000 | threshold 0.500
Epoch 2/30 | train_loss 1.3658 | union_precision 1.0000 | weighted_recall 0.2687 | consensus_recall 0.0000 | threshold 0.525
Epoch 3/30 | train_loss 1.3610 | union_precision 1.0000 | weighted_recall 0.2687 | consensus_recall 0.0000 | threshold 0.550
Epoch 4/30 | train_loss 1.3548 | union_precision 1.0000 | weighted_recall 0.2687 | consensus_recall 0.0000 | threshold 0.550
Epoch 5/30 | train_loss 1.3491 | union_precision 1.0000 | weighted_recall 0.2985 | consensus_recall 0.0000 | threshold 0.550
Epoch 6/30 | train_loss 1.3422 | union_precision 1.0000 | weighted_recall 0.2687 | consensus_recall 0.0000 | threshold 0.575
Epoch 7/30 | train_loss 1.3343 | union_precision 1.0000 | weighted_recall 0.2687 | consensus_recall 0.0000 | threshold 0.600
Epoch 8/30 | train_loss 1.3285 | union_precision 1.0000 | weighted_recall 0.2985 | consensus_recall 0.0000 | threshold 0.600
Epoch 9/30 | train_loss 1.3215 | union_precision 1.0000 | weighted_recall 0.2687 | consensus_recall 0.0000 | threshold 0.650
Epoch 10/30 | train_loss 1.3150 | union_precision 1.0000 | weighted_recall 0.2687 | consensus_recall 0.0000 | threshold 0.675
Early stopping at epoch 10
Held-out M30-1 | union_precision=1.0000 | weighted_recall=0.2985 | consensus_recall=0.0000
