PROJECT_DIR=/gpfs/work/int/yuxuanliu2204/Changheng/xmltoexp/MERIX SUBMISSION/Boundary_Restart
VENV_PATH=/gpfs/work/int/yuxuanliu2204/Changheng/xmltoexp/MERIX SUBMISSION/Boundary_Restart/../MIREX_Model/.venv
CONFIG=configs/salience_grouped3_hi8_score_only_xml_curated.yaml
SLURM_ARRAY_TASK_ID=2
HELDOUT_PIECE=M30-1
MODEL=bilstm
DETECTOR_TARGET=midhigh_boundary
MIN_PRECISION=0.95
BATCH_SIZE=128
EPOCHS=30
EARLY_STOP_PATIENCE=5
SEED=42
OUTPUT_DIR=/gpfs/work/int/yuxuanliu2204/Changheng/xmltoexp/MERIX SUBMISSION/Boundary_Restart/outputs/piece_protocol/M30-1/bilstm_midhigh_boundary_xml_curated_p95_cuda
Epoch 1/30 | train_loss 1.2895 | precision 0.8444 | recall 0.1288 | event_f1 0.2235 | threshold 0.725
Epoch 2/30 | train_loss 1.1744 | precision 0.3722 | recall 0.2271 | event_f1 0.2821 | threshold 0.775
Epoch 3/30 | train_loss 1.0578 | precision 0.5556 | recall 0.0847 | event_f1 0.1471 | threshold 0.850
Epoch 4/30 | train_loss 0.9822 | precision 0.5556 | recall 0.0847 | event_f1 0.1471 | threshold 0.850
Epoch 5/30 | train_loss 0.9249 | precision 0.5556 | recall 0.0847 | event_f1 0.1471 | threshold 0.900
Epoch 6/30 | train_loss 0.8836 | precision 0.5556 | recall 0.0847 | event_f1 0.1471 | threshold 0.900
Early stopping at epoch 6
Held-out M30-1 | precision=0.8444 | recall=0.1288 | mid/high macro_event_f1=0.2500
