Held-out piece: M06-2
Model: bilstm
Selection metric: union_recall
Levels: low_boundary mid_boundary high_boundary
=== Running low_boundary for M06-2 ===
Epoch 1/30 | train_loss 1.2533 | union_precision 1.0000 | weighted_recall 0.2159 | consensus_recall 0.5000 | threshold 0.500
Epoch 2/30 | train_loss 1.2518 | union_precision 1.0000 | weighted_recall 0.2210 | consensus_recall 0.5000 | threshold 0.500
Epoch 3/30 | train_loss 1.2513 | union_precision 1.0000 | weighted_recall 0.1650 | consensus_recall 0.2500 | threshold 0.500
Epoch 4/30 | train_loss 1.2503 | union_precision 0.9697 | weighted_recall 0.1324 | consensus_recall 0.1250 | threshold 0.050
Epoch 5/30 | train_loss 1.2491 | union_precision 0.9375 | weighted_recall 0.1894 | consensus_recall 0.5000 | threshold 0.050
Epoch 6/30 | train_loss 1.2483 | union_precision 0.9375 | weighted_recall 0.2077 | consensus_recall 0.5000 | threshold 0.050
Early stopping at epoch 6
Held-out M06-2 | union_precision=1.0000 | weighted_recall=0.2159 | consensus_recall=0.5000
=== Running mid_boundary for M06-2 ===
Epoch 1/30 | train_loss 1.3329 | union_precision 0.6250 | weighted_recall 0.3666 | consensus_recall 1.0000 | threshold 0.500
Epoch 2/30 | train_loss 1.3300 | union_precision 0.5312 | weighted_recall 0.4239 | consensus_recall 1.0000 | threshold 0.500
Epoch 3/30 | train_loss 1.3276 | union_precision 1.0000 | weighted_recall 0.0524 | consensus_recall 0.0000 | threshold 0.525
Epoch 4/30 | train_loss 1.3249 | union_precision 0.6364 | weighted_recall 0.1721 | consensus_recall 1.0000 | threshold 0.525
Epoch 5/30 | train_loss 1.3218 | union_precision 1.0000 | weighted_recall 0.0274 | consensus_recall 0.0000 | threshold 0.550
Epoch 6/30 | train_loss 1.3186 | union_precision 1.0000 | weighted_recall 0.0524 | consensus_recall 0.0000 | threshold 0.550
Epoch 7/30 | train_loss 1.3148 | union_precision 1.0000 | weighted_recall 0.0274 | consensus_recall 0.0000 | threshold 0.575
Epoch 8/30 | train_loss 1.3110 | union_precision 1.0000 | weighted_recall 0.0524 | consensus_recall 0.0000 | threshold 0.575
Early stopping at epoch 8
Held-out M06-2 | union_precision=1.0000 | weighted_recall=0.0524 | consensus_recall=0.0000
=== Running high_boundary for M06-2 ===
Epoch 1/30 | train_loss 1.3711 | union_precision 0.7368 | weighted_recall 0.3333 | consensus_recall 0.0000 | threshold 0.500
Epoch 2/30 | train_loss 1.3654 | union_precision 0.6250 | weighted_recall 0.3478 | consensus_recall 0.0000 | threshold 0.500
Epoch 3/30 | train_loss 1.3607 | union_precision 0.6250 | weighted_recall 0.3478 | consensus_recall 0.0000 | threshold 0.500
Epoch 4/30 | train_loss 1.3546 | union_precision 0.6250 | weighted_recall 0.3478 | consensus_recall 0.0000 | threshold 0.500
Epoch 5/30 | train_loss 1.3485 | union_precision 0.6250 | weighted_recall 0.3478 | consensus_recall 0.0000 | threshold 0.500
Epoch 6/30 | train_loss 1.3421 | union_precision 1.0000 | weighted_recall 0.0435 | consensus_recall 0.0000 | threshold 0.550
Epoch 7/30 | train_loss 1.3345 | union_precision 0.6250 | weighted_recall 0.3478 | consensus_recall 0.0000 | threshold 0.475
Epoch 8/30 | train_loss 1.3280 | union_precision 1.0000 | weighted_recall 0.0435 | consensus_recall 0.0000 | threshold 0.575
Epoch 9/30 | train_loss 1.3213 | union_precision 1.0000 | weighted_recall 0.0435 | consensus_recall 0.0000 | threshold 0.600
Epoch 10/30 | train_loss 1.3150 | union_precision 0.5652 | weighted_recall 0.3116 | consensus_recall 0.0000 | threshold 0.450
Epoch 11/30 | train_loss 1.3104 | union_precision 1.0000 | weighted_recall 0.0435 | consensus_recall 0.0000 | threshold 0.625
Early stopping at epoch 11
Held-out M06-2 | union_precision=1.0000 | weighted_recall=0.0435 | consensus_recall=0.0000
