Epoch 1/30 | train_loss 2.3398 | union_precision 0.9167 | weighted_recall 0.2551 | oracle_f1 0.2230 | e2e_f1 0.0602
Epoch 2/30 | train_loss 2.3092 | union_precision 0.9143 | weighted_recall 0.2807 | oracle_f1 0.2867 | e2e_f1 0.0777
Epoch 3/30 | train_loss 2.2796 | union_precision 0.9143 | weighted_recall 0.2807 | oracle_f1 0.2965 | e2e_f1 0.0801
Epoch 4/30 | train_loss 2.2506 | union_precision 0.9118 | weighted_recall 0.3090 | oracle_f1 0.2974 | e2e_f1 0.0801
Epoch 5/30 | train_loss 2.2208 | union_precision 0.9118 | weighted_recall 0.3083 | oracle_f1 0.2974 | e2e_f1 0.0801
Epoch 6/30 | train_loss 2.1895 | union_precision 0.9143 | weighted_recall 0.3327 | oracle_f1 0.2974 | e2e_f1 0.0829
Epoch 7/30 | train_loss 2.1564 | union_precision 0.9143 | weighted_recall 0.3169 | oracle_f1 0.2974 | e2e_f1 0.0829
Epoch 8/30 | train_loss 2.1203 | union_precision 0.9118 | weighted_recall 0.2978 | oracle_f1 0.2974 | e2e_f1 0.0769
Epoch 9/30 | train_loss 2.0823 | union_precision 0.9091 | weighted_recall 0.3274 | oracle_f1 0.2974 | e2e_f1 0.0741
Epoch 10/30 | train_loss 2.0424 | union_precision 0.9118 | weighted_recall 0.3439 | oracle_f1 0.2974 | e2e_f1 0.0769
Epoch 11/30 | train_loss 2.0030 | union_precision 0.9118 | weighted_recall 0.3596 | oracle_f1 0.2974 | e2e_f1 0.0769
Epoch 12/30 | train_loss 1.9663 | union_precision 0.9118 | weighted_recall 0.3596 | oracle_f1 0.2974 | e2e_f1 0.0769
Epoch 13/30 | train_loss 1.9413 | union_precision 0.9167 | weighted_recall 0.3655 | oracle_f1 0.2974 | e2e_f1 0.0825
Epoch 14/30 | train_loss 1.9304 | union_precision 0.9189 | weighted_recall 0.3675 | oracle_f1 0.2974 | e2e_f1 0.0853
Epoch 15/30 | train_loss 1.9368 | union_precision 0.9189 | weighted_recall 0.3675 | oracle_f1 0.2974 | e2e_f1 0.0853
Epoch 16/30 | train_loss 1.9448 | union_precision 0.9250 | weighted_recall 0.3662 | oracle_f1 0.2974 | e2e_f1 0.0935
Epoch 17/30 | train_loss 1.9486 | union_precision 0.9268 | weighted_recall 0.3682 | oracle_f1 0.2974 | e2e_f1 0.0961
Epoch 18/30 | train_loss 1.9442 | union_precision 0.9268 | weighted_recall 0.3682 | oracle_f1 0.2974 | e2e_f1 0.0961
Epoch 19/30 | train_loss 1.9317 | union_precision 0.9268 | weighted_recall 0.3682 | oracle_f1 0.2974 | e2e_f1 0.0961
Epoch 20/30 | train_loss 1.9212 | union_precision 0.9268 | weighted_recall 0.3682 | oracle_f1 0.2974 | e2e_f1 0.0961
Epoch 21/30 | train_loss 1.9113 | union_precision 0.9268 | weighted_recall 0.3682 | oracle_f1 0.2974 | e2e_f1 0.0961
Epoch 22/30 | train_loss 1.9076 | union_precision 0.9268 | weighted_recall 0.3682 | oracle_f1 0.2974 | e2e_f1 0.0961
Epoch 23/30 | train_loss 1.9043 | union_precision 0.9268 | weighted_recall 0.3682 | oracle_f1 0.2974 | e2e_f1 0.0961
Epoch 24/30 | train_loss 1.9055 | union_precision 0.9268 | weighted_recall 0.3682 | oracle_f1 0.2974 | e2e_f1 0.0961
Early stopping at epoch 24
Held-out M06-2 | union_precision=0.9268 | weighted_recall=0.3682 | consensus_recall=0.7368
  oracle_stage_macro_f1=0.2974 | end_to_end_stage_macro_f1=0.0961
  end_to_end_stage_class_f1=low:0.2884,mid:0.0000,high:0.0000
