Held-out piece: M06-2
Model: tcn
Selection metric: union_recall
Levels: low_boundary mid_boundary high_boundary
=== Running low_boundary for M06-2 ===
Epoch 1/30 | train_loss 1.4150 | union_precision 0.9143 | weighted_recall 0.1752 | consensus_recall 0.6250 | threshold 0.050
Epoch 2/30 | train_loss 1.3511 | union_precision 0.9118 | weighted_recall 0.1731 | consensus_recall 0.6250 | threshold 0.050
Epoch 3/30 | train_loss 1.3068 | union_precision 0.9118 | weighted_recall 0.1548 | consensus_recall 0.6250 | threshold 0.050
Epoch 4/30 | train_loss 1.2727 | union_precision 0.9118 | weighted_recall 0.1365 | consensus_recall 0.5000 | threshold 0.050
Epoch 5/30 | train_loss 1.2668 | union_precision 0.9118 | weighted_recall 0.1466 | consensus_recall 0.7500 | threshold 0.050
Epoch 6/30 | train_loss 1.2513 | union_precision 0.9118 | weighted_recall 0.1466 | consensus_recall 0.7500 | threshold 0.050
Early stopping at epoch 6
Held-out M06-2 | union_precision=0.9143 | weighted_recall=0.1752 | consensus_recall=0.6250
=== Running mid_boundary for M06-2 ===
Epoch 1/30 | train_loss 1.5096 | union_precision 0.4286 | weighted_recall 0.0524 | consensus_recall 0.0000 | threshold 0.575
Epoch 2/30 | train_loss 1.3902 | union_precision 0.4286 | weighted_recall 0.0524 | consensus_recall 0.0000 | threshold 0.550
Epoch 3/30 | train_loss 1.3210 | union_precision 0.5238 | weighted_recall 0.1322 | consensus_recall 0.0000 | threshold 0.525
Epoch 4/30 | train_loss 1.2866 | union_precision 0.7500 | weighted_recall 0.2993 | consensus_recall 1.0000 | threshold 0.525
Epoch 5/30 | train_loss 1.2561 | union_precision 0.7500 | weighted_recall 0.2344 | consensus_recall 0.0000 | threshold 0.550
Epoch 6/30 | train_loss 1.2290 | union_precision 0.7778 | weighted_recall 0.3017 | consensus_recall 1.0000 | threshold 0.550
Epoch 7/30 | train_loss 1.2042 | union_precision 0.7619 | weighted_recall 0.3117 | consensus_recall 1.0000 | threshold 0.550
Epoch 8/30 | train_loss 1.1851 | union_precision 1.0000 | weighted_recall 0.0125 | consensus_recall 0.0000 | threshold 0.675
Epoch 9/30 | train_loss 1.1718 | union_precision 1.0000 | weighted_recall 0.1022 | consensus_recall 0.0000 | threshold 0.675
Epoch 10/30 | train_loss 1.1495 | union_precision 1.0000 | weighted_recall 0.1746 | consensus_recall 0.0000 | threshold 0.675
Epoch 11/30 | train_loss 1.1375 | union_precision 1.0000 | weighted_recall 0.2045 | consensus_recall 0.0000 | threshold 0.700
Epoch 12/30 | train_loss 1.1215 | union_precision 0.8667 | weighted_recall 0.2743 | consensus_recall 1.0000 | threshold 0.700
Epoch 13/30 | train_loss 1.1052 | union_precision 0.8750 | weighted_recall 0.3117 | consensus_recall 1.0000 | threshold 0.700
Epoch 14/30 | train_loss 1.0951 | union_precision 0.8750 | weighted_recall 0.3117 | consensus_recall 1.0000 | threshold 0.700
Epoch 15/30 | train_loss 1.0804 | union_precision 0.8750 | weighted_recall 0.3117 | consensus_recall 1.0000 | threshold 0.700
Epoch 16/30 | train_loss 1.0722 | union_precision 0.8750 | weighted_recall 0.3117 | consensus_recall 1.0000 | threshold 0.700
Epoch 17/30 | train_loss 1.0660 | union_precision 0.8750 | weighted_recall 0.3117 | consensus_recall 1.0000 | threshold 0.725
Epoch 18/30 | train_loss 1.0577 | union_precision 0.8750 | weighted_recall 0.3342 | consensus_recall 1.0000 | threshold 0.725
Epoch 19/30 | train_loss 1.0450 | union_precision 0.8750 | weighted_recall 0.3392 | consensus_recall 1.0000 | threshold 0.750
Epoch 20/30 | train_loss 1.0436 | union_precision 0.8750 | weighted_recall 0.3392 | consensus_recall 1.0000 | threshold 0.750
Epoch 21/30 | train_loss 1.0309 | union_precision 0.8824 | weighted_recall 0.3466 | consensus_recall 1.0000 | threshold 0.750
Epoch 22/30 | train_loss 1.0235 | union_precision 0.8750 | weighted_recall 0.3392 | consensus_recall 1.0000 | threshold 0.775
Epoch 23/30 | train_loss 1.0210 | union_precision 0.8824 | weighted_recall 0.3466 | consensus_recall 1.0000 | threshold 0.775
Epoch 24/30 | train_loss 1.0157 | union_precision 0.8824 | weighted_recall 0.3466 | consensus_recall 1.0000 | threshold 0.775
Epoch 25/30 | train_loss 1.0044 | union_precision 0.8824 | weighted_recall 0.3466 | consensus_recall 1.0000 | threshold 0.775
Epoch 26/30 | train_loss 0.9982 | union_precision 0.8824 | weighted_recall 0.3466 | consensus_recall 1.0000 | threshold 0.775
Early stopping at epoch 26
Held-out M06-2 | union_precision=0.8824 | weighted_recall=0.3466 | consensus_recall=1.0000
=== Running high_boundary for M06-2 ===
Epoch 1/30 | train_loss 1.5327 | union_precision 0.2857 | weighted_recall 0.0652 | consensus_recall 0.0000 | threshold 0.575
Epoch 2/30 | train_loss 1.3951 | union_precision 0.3125 | weighted_recall 0.1957 | consensus_recall 0.0000 | threshold 0.475
Epoch 3/30 | train_loss 1.3134 | union_precision 0.5385 | weighted_recall 0.1594 | consensus_recall 0.0000 | threshold 0.525
Epoch 4/30 | train_loss 1.2860 | union_precision 0.6471 | weighted_recall 0.2971 | consensus_recall 0.0000 | threshold 0.525
Epoch 5/30 | train_loss 1.2412 | union_precision 0.6500 | weighted_recall 0.3261 | consensus_recall 0.0000 | threshold 0.525
Epoch 6/30 | train_loss 1.2099 | union_precision 0.6500 | weighted_recall 0.3261 | consensus_recall 0.0000 | threshold 0.525
Epoch 7/30 | train_loss 1.1719 | union_precision 0.6500 | weighted_recall 0.3333 | consensus_recall 0.0000 | threshold 0.525
Epoch 8/30 | train_loss 1.1566 | union_precision 0.6500 | weighted_recall 0.3333 | consensus_recall 0.0000 | threshold 0.525
Epoch 9/30 | train_loss 1.1378 | union_precision 1.0000 | weighted_recall 0.0507 | consensus_recall 0.0000 | threshold 0.675
Epoch 10/30 | train_loss 1.1059 | union_precision 1.0000 | weighted_recall 0.0507 | consensus_recall 0.0000 | threshold 0.675
Epoch 11/30 | train_loss 1.0922 | union_precision 1.0000 | weighted_recall 0.0507 | consensus_recall 0.0000 | threshold 0.700
Epoch 12/30 | train_loss 1.0851 | union_precision 1.0000 | weighted_recall 0.1159 | consensus_recall 0.0000 | threshold 0.700
Epoch 13/30 | train_loss 1.0577 | union_precision 0.8571 | weighted_recall 0.1594 | consensus_recall 0.0000 | threshold 0.700
Epoch 14/30 | train_loss 1.0442 | union_precision 0.8571 | weighted_recall 0.1594 | consensus_recall 0.0000 | threshold 0.725
Epoch 15/30 | train_loss 1.0278 | union_precision 1.0000 | weighted_recall 0.0725 | consensus_recall 0.0000 | threshold 0.775
Epoch 16/30 | train_loss 1.0195 | union_precision 0.8571 | weighted_recall 0.3406 | consensus_recall 0.0000 | threshold 0.650
Epoch 17/30 | train_loss 1.0039 | union_precision 0.8571 | weighted_recall 0.3406 | consensus_recall 0.0000 | threshold 0.625
Epoch 18/30 | train_loss 0.9859 | union_precision 0.8571 | weighted_recall 0.1594 | consensus_recall 0.0000 | threshold 0.775
Epoch 19/30 | train_loss 0.9848 | union_precision 0.8889 | weighted_recall 0.2681 | consensus_recall 0.0000 | threshold 0.775
Epoch 20/30 | train_loss 0.9630 | union_precision 0.8750 | weighted_recall 0.3696 | consensus_recall 0.0000 | threshold 0.600
Epoch 21/30 | train_loss 0.9587 | union_precision 0.8750 | weighted_recall 0.3696 | consensus_recall 0.0000 | threshold 0.600
Epoch 22/30 | train_loss 0.9346 | union_precision 0.8750 | weighted_recall 0.3696 | consensus_recall 0.0000 | threshold 0.600
Epoch 23/30 | train_loss 0.9247 | union_precision 0.8750 | weighted_recall 0.3696 | consensus_recall 0.0000 | threshold 0.575
Epoch 24/30 | train_loss 0.9201 | union_precision 0.8750 | weighted_recall 0.3696 | consensus_recall 0.0000 | threshold 0.550
Epoch 25/30 | train_loss 0.8990 | union_precision 0.8824 | weighted_recall 0.3768 | consensus_recall 0.0000 | threshold 0.525
Epoch 26/30 | train_loss 0.8889 | union_precision 0.8824 | weighted_recall 0.3768 | consensus_recall 0.0000 | threshold 0.525
Epoch 27/30 | train_loss 0.8912 | union_precision 0.8750 | weighted_recall 0.3696 | consensus_recall 0.0000 | threshold 0.550
Epoch 28/30 | train_loss 0.8827 | union_precision 0.8824 | weighted_recall 0.3841 | consensus_recall 1.0000 | threshold 0.550
Epoch 29/30 | train_loss 0.8737 | union_precision 0.8500 | weighted_recall 0.4130 | consensus_recall 1.0000 | threshold 0.525
Epoch 30/30 | train_loss 0.8646 | union_precision 0.8500 | weighted_recall 0.4130 | consensus_recall 1.0000 | threshold 0.550
Held-out M06-2 | union_precision=0.8500 | weighted_recall=0.4130 | consensus_recall=1.0000
