PROJECT_DIR=/gpfs/work/int/yuxuanliu2204/Changheng/xmltoexp/MERIX SUBMISSION/Boundary_Restart
VENV_PATH=/gpfs/work/int/yuxuanliu2204/Changheng/xmltoexp/MERIX SUBMISSION/Boundary_Restart/../MIREX_Model/.venv
CONFIG=configs/salience_grouped3_hi8_score_only_xml_curated.yaml
SLURM_ARRAY_TASK_ID=0
HELDOUT_PIECE=M06-2
MODEL=tcn
DETECTOR_TARGET=midhigh_boundary
MIN_PRECISION=0.95
BATCH_SIZE=128
EPOCHS=30
EARLY_STOP_PATIENCE=5
SEED=42
OUTPUT_DIR=/gpfs/work/int/yuxuanliu2204/Changheng/xmltoexp/MERIX SUBMISSION/Boundary_Restart/outputs/piece_protocol/M06-2/tcn_midhigh_boundary_xml_curated_p95_cuda
Epoch 1/30 | train_loss 1.2072 | precision 0.8810 | recall 0.1373 | event_f1 0.2376 | threshold 0.850
Epoch 2/30 | train_loss 1.0196 | precision 0.5571 | recall 0.6512 | event_f1 0.6005 | threshold 0.875
Epoch 3/30 | train_loss 0.9482 | precision 0.5417 | recall 0.5065 | event_f1 0.5235 | threshold 0.900
Epoch 4/30 | train_loss 0.8997 | precision 0.5635 | recall 0.6586 | event_f1 0.6074 | threshold 0.900
Epoch 5/30 | train_loss 0.8683 | precision 0.5496 | recall 0.5139 | event_f1 0.5312 | threshold 0.900
Epoch 6/30 | train_loss 0.8417 | precision 0.5369 | recall 0.8367 | event_f1 0.6541 | threshold 0.575
Early stopping at epoch 6
Held-out M06-2 | precision=0.8810 | recall=0.1373 | mid/high macro_event_f1=0.0778
