Held-out piece: M30-1
Model: tcn
Selection metric: union_recall
Levels: low_boundary mid_boundary high_boundary
=== Running low_boundary for M30-1 ===
Epoch 1/30 | train_loss 1.4200 | union_precision 1.0000 | weighted_recall 0.1708 | consensus_recall 0.2000 | threshold 0.050
Epoch 2/30 | train_loss 1.3499 | union_precision 1.0000 | weighted_recall 0.1735 | consensus_recall 0.4000 | threshold 0.050
Epoch 3/30 | train_loss 1.3074 | union_precision 1.0000 | weighted_recall 0.1339 | consensus_recall 0.6000 | threshold 0.050
Epoch 4/30 | train_loss 1.2713 | union_precision 1.0000 | weighted_recall 0.1148 | consensus_recall 0.6000 | threshold 0.050
Epoch 5/30 | train_loss 1.2621 | union_precision 1.0000 | weighted_recall 0.1148 | consensus_recall 0.6000 | threshold 0.050
Epoch 6/30 | train_loss 1.2517 | union_precision 1.0000 | weighted_recall 0.1161 | consensus_recall 0.6000 | threshold 0.050
Epoch 7/30 | train_loss 1.2393 | union_precision 1.0000 | weighted_recall 0.1202 | consensus_recall 0.8000 | threshold 0.050
Epoch 8/30 | train_loss 1.2209 | union_precision 1.0000 | weighted_recall 0.1202 | consensus_recall 0.8000 | threshold 0.050
Epoch 9/30 | train_loss 1.2180 | union_precision 1.0000 | weighted_recall 0.1202 | consensus_recall 0.8000 | threshold 0.050
Epoch 10/30 | train_loss 1.2106 | union_precision 1.0000 | weighted_recall 0.1899 | consensus_recall 0.8000 | threshold 0.050
Epoch 11/30 | train_loss 1.2077 | union_precision 1.0000 | weighted_recall 0.2295 | consensus_recall 0.6000 | threshold 0.050
Epoch 12/30 | train_loss 1.1999 | union_precision 1.0000 | weighted_recall 0.3183 | consensus_recall 0.8000 | threshold 0.050
Epoch 13/30 | train_loss 1.1943 | union_precision 1.0000 | weighted_recall 0.3238 | consensus_recall 0.8000 | threshold 0.050
Epoch 14/30 | train_loss 1.1911 | union_precision 1.0000 | weighted_recall 0.3238 | consensus_recall 0.8000 | threshold 0.050
Epoch 15/30 | train_loss 1.1868 | union_precision 1.0000 | weighted_recall 0.3183 | consensus_recall 0.8000 | threshold 0.050
Epoch 16/30 | train_loss 1.1804 | union_precision 1.0000 | weighted_recall 0.3087 | consensus_recall 0.8000 | threshold 0.050
Epoch 17/30 | train_loss 1.1772 | union_precision 1.0000 | weighted_recall 0.3087 | consensus_recall 0.8000 | threshold 0.050
Epoch 18/30 | train_loss 1.1724 | union_precision 1.0000 | weighted_recall 0.2760 | consensus_recall 0.6000 | threshold 0.050
Early stopping at epoch 18
Held-out M30-1 | union_precision=1.0000 | weighted_recall=0.3238 | consensus_recall=0.8000
=== Running mid_boundary for M30-1 ===
Epoch 1/30 | train_loss 1.5084 | union_precision 0.6667 | weighted_recall 0.0219 | consensus_recall 0.0000 | threshold 0.550
Epoch 2/30 | train_loss 1.3866 | union_precision 0.7500 | weighted_recall 0.0439 | consensus_recall 0.0000 | threshold 0.550
Epoch 3/30 | train_loss 1.3152 | union_precision 0.7500 | weighted_recall 0.0439 | consensus_recall 0.0000 | threshold 0.575
Epoch 4/30 | train_loss 1.2807 | union_precision 0.8333 | weighted_recall 0.0658 | consensus_recall 0.0000 | threshold 0.575
Epoch 5/30 | train_loss 1.2488 | union_precision 0.8571 | weighted_recall 0.1053 | consensus_recall 0.0000 | threshold 0.575
Epoch 6/30 | train_loss 1.2250 | union_precision 0.8000 | weighted_recall 0.1140 | consensus_recall 0.0000 | threshold 0.575
Epoch 7/30 | train_loss 1.1993 | union_precision 0.8000 | weighted_recall 0.0658 | consensus_recall 0.0000 | threshold 0.600
Epoch 8/30 | train_loss 1.1789 | union_precision 0.7500 | weighted_recall 0.0877 | consensus_recall 0.0000 | threshold 0.600
Epoch 9/30 | train_loss 1.1614 | union_precision 0.7778 | weighted_recall 0.1404 | consensus_recall 0.0000 | threshold 0.600
Epoch 10/30 | train_loss 1.1464 | union_precision 0.8000 | weighted_recall 0.0526 | consensus_recall 0.0000 | threshold 0.650
Early stopping at epoch 10
Held-out M30-1 | union_precision=0.8571 | weighted_recall=0.1053 | consensus_recall=0.0000
=== Running high_boundary for M30-1 ===
Epoch 1/30 | train_loss 1.5358 | union_precision 0.6667 | weighted_recall 0.0746 | consensus_recall 0.0000 | threshold 0.550
Epoch 2/30 | train_loss 1.3954 | union_precision 0.6667 | weighted_recall 0.0746 | consensus_recall 0.0000 | threshold 0.550
Epoch 3/30 | train_loss 1.3227 | union_precision 0.6667 | weighted_recall 0.0746 | consensus_recall 0.0000 | threshold 0.575
Epoch 4/30 | train_loss 1.2771 | union_precision 1.0000 | weighted_recall 0.0448 | consensus_recall 0.0000 | threshold 0.700
Epoch 5/30 | train_loss 1.2374 | union_precision 1.0000 | weighted_recall 0.0448 | consensus_recall 0.0000 | threshold 0.700
Epoch 6/30 | train_loss 1.2079 | union_precision 1.0000 | weighted_recall 0.0448 | consensus_recall 0.0000 | threshold 0.700
Epoch 7/30 | train_loss 1.1732 | union_precision 0.5000 | weighted_recall 0.1045 | consensus_recall 0.0000 | threshold 0.575
Epoch 8/30 | train_loss 1.1527 | union_precision 0.5000 | weighted_recall 0.0448 | consensus_recall 0.0000 | threshold 0.600
Epoch 9/30 | train_loss 1.1329 | union_precision 0.5000 | weighted_recall 0.2687 | consensus_recall 0.0000 | threshold 0.600
Early stopping at epoch 9
Held-out M30-1 | union_precision=1.0000 | weighted_recall=0.0448 | consensus_recall=0.0000
