PROJECT_DIR=/gpfs/work/int/yuxuanliu2204/Changheng/xmltoexp/MERIX SUBMISSION/Boundary_Restart
VENV_PATH=/gpfs/work/int/yuxuanliu2204/Changheng/xmltoexp/MERIX SUBMISSION/Boundary_Restart/../MIREX_Model/.venv
CONFIG=configs/salience_grouped3_hi8_score_only_xml_curated.yaml
SLURM_ARRAY_TASK_ID=2
HELDOUT_PIECE=M30-1
MODEL=tcn
DETECTOR_TARGET=midhigh_boundary
MIN_PRECISION=0.85
BATCH_SIZE=64
EPOCHS=30
EARLY_STOP_PATIENCE=5
SEED=42
OUTPUT_DIR=/gpfs/work/int/yuxuanliu2204/Changheng/xmltoexp/MERIX SUBMISSION/Boundary_Restart/outputs/piece_union_protocol/M30-1/tcn_midhigh_boundary_xml_curated_p085_cuda
Epoch 1/30 | train_loss 1.4870 | union_precision 0.6667 | weighted_recall 0.0339 | consensus_recall 0.0000 | threshold 0.550
Epoch 2/30 | train_loss 1.3664 | union_precision 0.7500 | weighted_recall 0.0610 | consensus_recall 0.0000 | threshold 0.550
Epoch 3/30 | train_loss 1.2970 | union_precision 0.7500 | weighted_recall 0.0610 | consensus_recall 0.0000 | threshold 0.575
Epoch 4/30 | train_loss 1.2609 | union_precision 0.8333 | weighted_recall 0.0780 | consensus_recall 0.0000 | threshold 0.575
Epoch 5/30 | train_loss 1.2300 | union_precision 0.8571 | weighted_recall 0.1085 | consensus_recall 0.0000 | threshold 0.575
Epoch 6/30 | train_loss 1.2039 | union_precision 0.8750 | weighted_recall 0.1051 | consensus_recall 0.0000 | threshold 0.575
Epoch 7/30 | train_loss 1.1784 | union_precision 0.7500 | weighted_recall 0.0576 | consensus_recall 0.0000 | threshold 0.600
Epoch 8/30 | train_loss 1.1598 | union_precision 0.7143 | weighted_recall 0.2407 | consensus_recall 0.0000 | threshold 0.575
Epoch 9/30 | train_loss 1.1429 | union_precision 0.8333 | weighted_recall 0.1119 | consensus_recall 0.0000 | threshold 0.625
Epoch 10/30 | train_loss 1.1290 | union_precision 0.7778 | weighted_recall 0.2237 | consensus_recall 0.5000 | threshold 0.625
Early stopping at epoch 10
Held-out M30-1 | union_precision=0.8571 | weighted_recall=0.1085 | consensus_recall=0.0000
