Using device: cuda
Epoch 1/100 | train_loss 0.0463 | val_loss 0.0469
Epoch 2/100 | train_loss 0.0444 | val_loss 0.0480
Epoch 3/100 | train_loss 0.0429 | val_loss 0.0480
Epoch 4/100 | train_loss 0.0416 | val_loss 0.0490
Epoch 5/100 | train_loss 0.0406 | val_loss 0.0492
Epoch 6/100 | train_loss 0.0400 | val_loss 0.0488
Early stopping at epoch 6: no val improvement for 5 epochs (best_epoch=1, best_val_loss=0.0469)
Test | best_loss 0.0492 | last_loss 0.0499 | best_epoch 1
Saved per-file metrics to /gpfs/work/int/yuxuanliu2204/Changheng/xmltoexp/MERIX SUBMISSION/MIREX_Model/check/beat_mazurka/level_1/beat_mazurka_bilstm_L1_20260309_175316/boundary_eval_val_L1/per_file_metrics.csv
Boundary-level eval | split=val level=1 | micro_f1=0.5808 macro_f1=0.5819 files=323
Saved per-file metrics to /gpfs/work/int/yuxuanliu2204/Changheng/xmltoexp/MERIX SUBMISSION/MIREX_Model/check/beat_mazurka/level_1/beat_mazurka_bilstm_L1_20260309_175316/boundary_eval_test_L1/per_file_metrics.csv
Boundary-level eval | split=test level=1 | micro_f1=0.5639 macro_f1=0.5673 files=392
Using device: cuda
Epoch 1/100 | train_loss 0.0567 | val_loss 0.0609
Epoch 2/100 | train_loss 0.0509 | val_loss 0.0619
Epoch 3/100 | train_loss 0.0486 | val_loss 0.0638
Epoch 4/100 | train_loss 0.0469 | val_loss 0.0637
Epoch 5/100 | train_loss 0.0454 | val_loss 0.0644
Epoch 6/100 | train_loss 0.0441 | val_loss 0.0656
Early stopping at epoch 6: no val improvement for 5 epochs (best_epoch=1, best_val_loss=0.0609)
Test | best_loss 0.0656 | last_loss 0.0681 | best_epoch 1
Saved per-file metrics to /gpfs/work/int/yuxuanliu2204/Changheng/xmltoexp/MERIX SUBMISSION/MIREX_Model/check/beat_mazurka/level_2/beat_mazurka_bilstm_L2_20260309_175956/boundary_eval_val_L2/per_file_metrics.csv
Boundary-level eval | split=val level=2 | micro_f1=0.5870 macro_f1=0.5796 files=323
Saved per-file metrics to /gpfs/work/int/yuxuanliu2204/Changheng/xmltoexp/MERIX SUBMISSION/MIREX_Model/check/beat_mazurka/level_2/beat_mazurka_bilstm_L2_20260309_175956/boundary_eval_test_L2/per_file_metrics.csv
Boundary-level eval | split=test level=2 | micro_f1=0.5401 macro_f1=0.5542 files=392
Using device: cuda
Epoch 1/100 | train_loss 0.0720 | val_loss 0.0748
Epoch 2/100 | train_loss 0.0610 | val_loss 0.0788
Epoch 3/100 | train_loss 0.0555 | val_loss 0.0767
Epoch 4/100 | train_loss 0.0525 | val_loss 0.0776
Epoch 5/100 | train_loss 0.0502 | val_loss 0.0758
Epoch 6/100 | train_loss 0.0484 | val_loss 0.0766
Early stopping at epoch 6: no val improvement for 5 epochs (best_epoch=1, best_val_loss=0.0748)
Test | best_loss 0.0728 | last_loss 0.0749 | best_epoch 1
Saved per-file metrics to /gpfs/work/int/yuxuanliu2204/Changheng/xmltoexp/MERIX SUBMISSION/MIREX_Model/check/beat_mazurka/level_3/beat_mazurka_bilstm_L3_20260309_180632/boundary_eval_val_L3/per_file_metrics.csv
Boundary-level eval | split=val level=3 | micro_f1=0.4446 macro_f1=0.4369 files=323
Saved per-file metrics to /gpfs/work/int/yuxuanliu2204/Changheng/xmltoexp/MERIX SUBMISSION/MIREX_Model/check/beat_mazurka/level_3/beat_mazurka_bilstm_L3_20260309_180632/boundary_eval_test_L3/per_file_metrics.csv
Boundary-level eval | split=test level=3 | micro_f1=0.4342 macro_f1=0.4306 files=392
Using device: cuda
Epoch 1/100 | train_loss 0.0664 | val_loss 0.0621
Epoch 2/100 | train_loss 0.0615 | val_loss 0.0636
Epoch 3/100 | train_loss 0.0581 | val_loss 0.0580
Epoch 4/100 | train_loss 0.0548 | val_loss 0.0599
Epoch 5/100 | train_loss 0.0519 | val_loss 0.0603
Epoch 6/100 | train_loss 0.0495 | val_loss 0.0628
Epoch 7/100 | train_loss 0.0474 | val_loss 0.0591
Epoch 8/100 | train_loss 0.0457 | val_loss 0.0598
Early stopping at epoch 8: no val improvement for 5 epochs (best_epoch=3, best_val_loss=0.0580)
Test | best_loss 0.0638 | last_loss 0.0693 | best_epoch 3
Saved per-file metrics to /gpfs/work/int/yuxuanliu2204/Changheng/xmltoexp/MERIX SUBMISSION/MIREX_Model/check/beat_mazurka/level_4/beat_mazurka_bilstm_L4_20260309_181259/boundary_eval_val_L4/per_file_metrics.csv
Boundary-level eval | split=val level=4 | micro_f1=0.3173 macro_f1=0.3212 files=323
Saved per-file metrics to /gpfs/work/int/yuxuanliu2204/Changheng/xmltoexp/MERIX SUBMISSION/MIREX_Model/check/beat_mazurka/level_4/beat_mazurka_bilstm_L4_20260309_181259/boundary_eval_test_L4/per_file_metrics.csv
Boundary-level eval | split=test level=4 | micro_f1=0.2306 macro_f1=0.2369 files=392
Using device: cuda
Epoch 1/100 | train_loss 0.0428 | val_loss 0.0345
Epoch 2/100 | train_loss 0.0377 | val_loss 0.0342
Epoch 3/100 | train_loss 0.0374 | val_loss 0.0340
Epoch 4/100 | train_loss 0.0369 | val_loss 0.0338
Epoch 5/100 | train_loss 0.0363 | val_loss 0.0335
Epoch 6/100 | train_loss 0.0354 | val_loss 0.0334
Epoch 7/100 | train_loss 0.0346 | val_loss 0.0331
Epoch 8/100 | train_loss 0.0342 | val_loss 0.0337
Epoch 9/100 | train_loss 0.0332 | val_loss 0.0344
Epoch 10/100 | train_loss 0.0327 | val_loss 0.0348
Epoch 11/100 | train_loss 0.0320 | val_loss 0.0336
Epoch 12/100 | train_loss 0.0316 | val_loss 0.0342
Early stopping at epoch 12: no val improvement for 5 epochs (best_epoch=7, best_val_loss=0.0331)
Test | best_loss 0.0366 | last_loss 0.0388 | best_epoch 7
Saved per-file metrics to /gpfs/work/int/yuxuanliu2204/Changheng/xmltoexp/MERIX SUBMISSION/MIREX_Model/check/beat_mazurka/level_5/beat_mazurka_bilstm_L5_20260309_181932/boundary_eval_val_L5/per_file_metrics.csv
Boundary-level eval | split=val level=5 | micro_f1=0.1483 macro_f1=0.1129 files=323
Saved per-file metrics to /gpfs/work/int/yuxuanliu2204/Changheng/xmltoexp/MERIX SUBMISSION/MIREX_Model/check/beat_mazurka/level_5/beat_mazurka_bilstm_L5_20260309_181932/boundary_eval_test_L5/per_file_metrics.csv
Boundary-level eval | split=test level=5 | micro_f1=0.1558 macro_f1=0.1754 files=392
