Using device: cuda
Epoch 1/100 | train_loss 1.0972 | val_loss 1.1176
Epoch 2/100 | train_loss 1.0768 | val_loss 1.1221
Epoch 3/100 | train_loss 1.0684 | val_loss 1.1214
Epoch 4/100 | train_loss 1.0627 | val_loss 1.1267
Epoch 5/100 | train_loss 1.0581 | val_loss 1.1280
Epoch 6/100 | train_loss 1.0544 | val_loss 1.1243
Early stopping at epoch 6: no val improvement for 5 epochs (best_epoch=1, best_val_loss=1.1176)
Test | best_loss 1.1002 | last_loss 1.1046 | best_epoch 1
Saved per-file metrics to /gpfs/work/int/yuxuanliu2204/Changheng/xmltoexp/MERIX SUBMISSION/MIREX_Model/check/beat_mazurka/level_1/beat_mazurka_ratio_d16_L1_20260310_002826/boundary_eval_val_L1/per_file_metrics.csv
Boundary-level eval | split=val level=1 | micro_f1=0.6652 macro_f1=0.6598 files=323
Saved per-file metrics to /gpfs/work/int/yuxuanliu2204/Changheng/xmltoexp/MERIX SUBMISSION/MIREX_Model/check/beat_mazurka/level_1/beat_mazurka_ratio_d16_L1_20260310_002826/boundary_eval_test_L1/per_file_metrics.csv
Boundary-level eval | split=test level=1 | micro_f1=0.6463 macro_f1=0.6569 files=392
Using device: cuda
Epoch 1/100 | train_loss 1.2263 | val_loss 1.2017
Epoch 2/100 | train_loss 1.1727 | val_loss 1.2124
Epoch 3/100 | train_loss 1.1533 | val_loss 1.2155
Epoch 4/100 | train_loss 1.1420 | val_loss 1.2155
Epoch 5/100 | train_loss 1.1304 | val_loss 1.2449
Epoch 6/100 | train_loss 1.1200 | val_loss 1.2508
Early stopping at epoch 6: no val improvement for 5 epochs (best_epoch=1, best_val_loss=1.2017)
Test | best_loss 1.2113 | last_loss 1.2137 | best_epoch 1
Saved per-file metrics to /gpfs/work/int/yuxuanliu2204/Changheng/xmltoexp/MERIX SUBMISSION/MIREX_Model/check/beat_mazurka/level_2/beat_mazurka_ratio_d16_L2_20260310_003409/boundary_eval_val_L2/per_file_metrics.csv
Boundary-level eval | split=val level=2 | micro_f1=0.5737 macro_f1=0.5669 files=323
Saved per-file metrics to /gpfs/work/int/yuxuanliu2204/Changheng/xmltoexp/MERIX SUBMISSION/MIREX_Model/check/beat_mazurka/level_2/beat_mazurka_ratio_d16_L2_20260310_003409/boundary_eval_test_L2/per_file_metrics.csv
Boundary-level eval | split=test level=2 | micro_f1=0.5919 macro_f1=0.5888 files=392
Using device: cuda
Epoch 1/100 | train_loss 1.2930 | val_loss 1.2995
Epoch 2/100 | train_loss 1.2213 | val_loss 1.2914
Epoch 3/100 | train_loss 1.1953 | val_loss 1.2990
Epoch 4/100 | train_loss 1.1786 | val_loss 1.3181
Epoch 5/100 | train_loss 1.1640 | val_loss 1.3402
Epoch 6/100 | train_loss 1.1517 | val_loss 1.3453
Epoch 7/100 | train_loss 1.1375 | val_loss 1.3216
Early stopping at epoch 7: no val improvement for 5 epochs (best_epoch=2, best_val_loss=1.2914)
Test | best_loss 1.2719 | last_loss 1.2993 | best_epoch 2
Saved per-file metrics to /gpfs/work/int/yuxuanliu2204/Changheng/xmltoexp/MERIX SUBMISSION/MIREX_Model/check/beat_mazurka/level_3/beat_mazurka_ratio_d16_L3_20260310_003939/boundary_eval_val_L3/per_file_metrics.csv
Boundary-level eval | split=val level=3 | micro_f1=0.3840 macro_f1=0.3838 files=323
Saved per-file metrics to /gpfs/work/int/yuxuanliu2204/Changheng/xmltoexp/MERIX SUBMISSION/MIREX_Model/check/beat_mazurka/level_3/beat_mazurka_ratio_d16_L3_20260310_003939/boundary_eval_test_L3/per_file_metrics.csv
Boundary-level eval | split=test level=3 | micro_f1=0.3913 macro_f1=0.3911 files=392
Using device: cuda
Epoch 1/100 | train_loss 1.3443 | val_loss 1.2271
Epoch 2/100 | train_loss 1.2733 | val_loss 1.2094
Epoch 3/100 | train_loss 1.2272 | val_loss 1.2281
Epoch 4/100 | train_loss 1.2003 | val_loss 1.2206
Epoch 5/100 | train_loss 1.1815 | val_loss 1.2307
Epoch 6/100 | train_loss 1.1657 | val_loss 1.2443
Epoch 7/100 | train_loss 1.1510 | val_loss 1.2370
Early stopping at epoch 7: no val improvement for 5 epochs (best_epoch=2, best_val_loss=1.2094)
Test | best_loss 1.3124 | last_loss 1.3595 | best_epoch 2
Saved per-file metrics to /gpfs/work/int/yuxuanliu2204/Changheng/xmltoexp/MERIX SUBMISSION/MIREX_Model/check/beat_mazurka/level_4/beat_mazurka_ratio_d16_L4_20260310_004603/boundary_eval_val_L4/per_file_metrics.csv
Boundary-level eval | split=val level=4 | micro_f1=0.2176 macro_f1=0.2220 files=323
Saved per-file metrics to /gpfs/work/int/yuxuanliu2204/Changheng/xmltoexp/MERIX SUBMISSION/MIREX_Model/check/beat_mazurka/level_4/beat_mazurka_ratio_d16_L4_20260310_004603/boundary_eval_test_L4/per_file_metrics.csv
Boundary-level eval | split=test level=4 | micro_f1=0.2168 macro_f1=0.2165 files=392
Using device: cuda
Epoch 1/100 | train_loss 1.3864 | val_loss 1.2180
Epoch 2/100 | train_loss 1.2961 | val_loss 1.2384
Epoch 3/100 | train_loss 1.2413 | val_loss 1.2745
Epoch 4/100 | train_loss 1.2100 | val_loss 1.3188
Epoch 5/100 | train_loss 1.1919 | val_loss 1.3349
Epoch 6/100 | train_loss 1.1677 | val_loss 1.4087
Early stopping at epoch 6: no val improvement for 5 epochs (best_epoch=1, best_val_loss=1.2180)
Test | best_loss 1.4015 | last_loss 1.4319 | best_epoch 1
Saved per-file metrics to /gpfs/work/int/yuxuanliu2204/Changheng/xmltoexp/MERIX SUBMISSION/MIREX_Model/check/beat_mazurka/level_5/beat_mazurka_ratio_d16_L5_20260310_005219/boundary_eval_val_L5/per_file_metrics.csv
Boundary-level eval | split=val level=5 | micro_f1=0.0968 macro_f1=0.0922 files=323
Saved per-file metrics to /gpfs/work/int/yuxuanliu2204/Changheng/xmltoexp/MERIX SUBMISSION/MIREX_Model/check/beat_mazurka/level_5/beat_mazurka_ratio_d16_L5_20260310_005219/boundary_eval_test_L5/per_file_metrics.csv
Boundary-level eval | split=test level=5 | micro_f1=0.1002 macro_f1=0.1019 files=392
