Using device: cuda
Epoch 1/100 | train_loss 0.0463 | val_loss 0.0469
Epoch 2/100 | train_loss 0.0444 | val_loss 0.0480
Epoch 3/100 | train_loss 0.0429 | val_loss 0.0480
Epoch 4/100 | train_loss 0.0416 | val_loss 0.0490
Epoch 5/100 | train_loss 0.0406 | val_loss 0.0492
Epoch 6/100 | train_loss 0.0400 | val_loss 0.0488
Early stopping at epoch 6: no val improvement for 5 epochs (best_epoch=1, best_val_loss=0.0469)
Test | best_loss 0.0492 | last_loss 0.0499 | best_epoch 1
Saved per-file metrics to /gpfs/work/int/yuxuanliu2204/Changheng/xmltoexp/MERIX SUBMISSION/MIREX_Model/check/beat_mazurka/level_1/beat_mazurka_bilstm_noaux_L1_20260309_182852/boundary_eval_val_L1/per_file_metrics.csv
Boundary-level eval | split=val level=1 | micro_f1=0.5808 macro_f1=0.5819 files=323
Saved per-file metrics to /gpfs/work/int/yuxuanliu2204/Changheng/xmltoexp/MERIX SUBMISSION/MIREX_Model/check/beat_mazurka/level_1/beat_mazurka_bilstm_noaux_L1_20260309_182852/boundary_eval_test_L1/per_file_metrics.csv
Boundary-level eval | split=test level=1 | micro_f1=0.5639 macro_f1=0.5672 files=392
Using device: cuda
Epoch 1/100 | train_loss 0.0567 | val_loss 0.0609
Epoch 2/100 | train_loss 0.0509 | val_loss 0.0620
Epoch 3/100 | train_loss 0.0486 | val_loss 0.0637
Epoch 4/100 | train_loss 0.0469 | val_loss 0.0634
Epoch 5/100 | train_loss 0.0454 | val_loss 0.0643
Epoch 6/100 | train_loss 0.0441 | val_loss 0.0653
Early stopping at epoch 6: no val improvement for 5 epochs (best_epoch=1, best_val_loss=0.0609)
Test | best_loss 0.0655 | last_loss 0.0684 | best_epoch 1
Saved per-file metrics to /gpfs/work/int/yuxuanliu2204/Changheng/xmltoexp/MERIX SUBMISSION/MIREX_Model/check/beat_mazurka/level_2/beat_mazurka_bilstm_noaux_L2_20260309_183517/boundary_eval_val_L2/per_file_metrics.csv
Boundary-level eval | split=val level=2 | micro_f1=0.5837 macro_f1=0.5775 files=323
Saved per-file metrics to /gpfs/work/int/yuxuanliu2204/Changheng/xmltoexp/MERIX SUBMISSION/MIREX_Model/check/beat_mazurka/level_2/beat_mazurka_bilstm_noaux_L2_20260309_183517/boundary_eval_test_L2/per_file_metrics.csv
Boundary-level eval | split=test level=2 | micro_f1=0.5394 macro_f1=0.5534 files=392
Using device: cuda
Epoch 1/100 | train_loss 0.0720 | val_loss 0.0748
Epoch 2/100 | train_loss 0.0610 | val_loss 0.0781
Epoch 3/100 | train_loss 0.0555 | val_loss 0.0739
Epoch 4/100 | train_loss 0.0523 | val_loss 0.0764
Epoch 5/100 | train_loss 0.0500 | val_loss 0.0797
Epoch 6/100 | train_loss 0.0483 | val_loss 0.0805
Epoch 7/100 | train_loss 0.0469 | val_loss 0.0788
Epoch 8/100 | train_loss 0.0457 | val_loss 0.0812
Early stopping at epoch 8: no val improvement for 5 epochs (best_epoch=3, best_val_loss=0.0739)
Test | best_loss 0.0735 | last_loss 0.0777 | best_epoch 3
Saved per-file metrics to /gpfs/work/int/yuxuanliu2204/Changheng/xmltoexp/MERIX SUBMISSION/MIREX_Model/check/beat_mazurka/level_3/beat_mazurka_bilstm_noaux_L3_20260309_184133/boundary_eval_val_L3/per_file_metrics.csv
Boundary-level eval | split=val level=3 | micro_f1=0.4145 macro_f1=0.4047 files=323
Saved per-file metrics to /gpfs/work/int/yuxuanliu2204/Changheng/xmltoexp/MERIX SUBMISSION/MIREX_Model/check/beat_mazurka/level_3/beat_mazurka_bilstm_noaux_L3_20260309_184133/boundary_eval_test_L3/per_file_metrics.csv
Boundary-level eval | split=test level=3 | micro_f1=0.4448 macro_f1=0.4425 files=392
Using device: cuda
Epoch 1/100 | train_loss 0.0664 | val_loss 0.0621
Epoch 2/100 | train_loss 0.0609 | val_loss 0.0610
Epoch 3/100 | train_loss 0.0580 | val_loss 0.0583
Epoch 4/100 | train_loss 0.0553 | val_loss 0.0588
Epoch 5/100 | train_loss 0.0530 | val_loss 0.0635
Epoch 6/100 | train_loss 0.0502 | val_loss 0.0642
Epoch 7/100 | train_loss 0.0479 | val_loss 0.0629
Epoch 8/100 | train_loss 0.0461 | val_loss 0.0628
Early stopping at epoch 8: no val improvement for 5 epochs (best_epoch=3, best_val_loss=0.0583)
Test | best_loss 0.0633 | last_loss 0.0712 | best_epoch 3
Saved per-file metrics to /gpfs/work/int/yuxuanliu2204/Changheng/xmltoexp/MERIX SUBMISSION/MIREX_Model/check/beat_mazurka/level_4/beat_mazurka_bilstm_noaux_L4_20260309_184939/boundary_eval_val_L4/per_file_metrics.csv
Boundary-level eval | split=val level=4 | micro_f1=0.3170 macro_f1=0.3239 files=323
Saved per-file metrics to /gpfs/work/int/yuxuanliu2204/Changheng/xmltoexp/MERIX SUBMISSION/MIREX_Model/check/beat_mazurka/level_4/beat_mazurka_bilstm_noaux_L4_20260309_184939/boundary_eval_test_L4/per_file_metrics.csv
Boundary-level eval | split=test level=4 | micro_f1=0.2218 macro_f1=0.2265 files=392
Using device: cuda
Epoch 1/100 | train_loss 0.0428 | val_loss 0.0345
Epoch 2/100 | train_loss 0.0377 | val_loss 0.0342
Epoch 3/100 | train_loss 0.0374 | val_loss 0.0340
Epoch 4/100 | train_loss 0.0369 | val_loss 0.0338
Epoch 5/100 | train_loss 0.0365 | val_loss 0.0339
Epoch 6/100 | train_loss 0.0358 | val_loss 0.0331
Epoch 7/100 | train_loss 0.0355 | val_loss 0.0336
Epoch 8/100 | train_loss 0.0350 | val_loss 0.0328
Epoch 9/100 | train_loss 0.0340 | val_loss 0.0329
Epoch 10/100 | train_loss 0.0334 | val_loss 0.0332
Epoch 11/100 | train_loss 0.0328 | val_loss 0.0331
Epoch 12/100 | train_loss 0.0320 | val_loss 0.0333
Epoch 13/100 | train_loss 0.0316 | val_loss 0.0337
Early stopping at epoch 13: no val improvement for 5 epochs (best_epoch=8, best_val_loss=0.0328)
Test | best_loss 0.0373 | last_loss 0.0410 | best_epoch 8
Saved per-file metrics to /gpfs/work/int/yuxuanliu2204/Changheng/xmltoexp/MERIX SUBMISSION/MIREX_Model/check/beat_mazurka/level_5/beat_mazurka_bilstm_noaux_L5_20260309_185605/boundary_eval_val_L5/per_file_metrics.csv
Boundary-level eval | split=val level=5 | micro_f1=0.1486 macro_f1=0.1270 files=323
Saved per-file metrics to /gpfs/work/int/yuxuanliu2204/Changheng/xmltoexp/MERIX SUBMISSION/MIREX_Model/check/beat_mazurka/level_5/beat_mazurka_bilstm_noaux_L5_20260309_185605/boundary_eval_test_L5/per_file_metrics.csv
Boundary-level eval | split=test level=5 | micro_f1=0.1192 macro_f1=0.1300 files=392
