Using device: cuda
Epoch 1/100 | train_loss 0.0469 | val_loss 0.0469
Epoch 2/100 | train_loss 0.0454 | val_loss 0.0472
Epoch 3/100 | train_loss 0.0446 | val_loss 0.0485
Epoch 4/100 | train_loss 0.0439 | val_loss 0.0489
Epoch 5/100 | train_loss 0.0433 | val_loss 0.0490
Epoch 6/100 | train_loss 0.0427 | val_loss 0.0489
Early stopping at epoch 6: no val improvement for 5 epochs (best_epoch=1, best_val_loss=0.0469)
Test | best_loss 0.0489 | last_loss 0.0498 | best_epoch 1
Saved per-file metrics to /gpfs/work/int/yuxuanliu2204/Changheng/xmltoexp/MERIX SUBMISSION/MIREX_Model/check/beat_mazurka/level_1/beat_mazurka_bilstm_small_L1_20260309_190551/boundary_eval_val_L1/per_file_metrics.csv
Boundary-level eval | split=val level=1 | micro_f1=0.5818 macro_f1=0.5882 files=323
Saved per-file metrics to /gpfs/work/int/yuxuanliu2204/Changheng/xmltoexp/MERIX SUBMISSION/MIREX_Model/check/beat_mazurka/level_1/beat_mazurka_bilstm_small_L1_20260309_190551/boundary_eval_test_L1/per_file_metrics.csv
Boundary-level eval | split=test level=1 | micro_f1=0.5675 macro_f1=0.5756 files=392
Using device: cuda
Epoch 1/100 | train_loss 0.0582 | val_loss 0.0625
Epoch 2/100 | train_loss 0.0523 | val_loss 0.0622
Epoch 3/100 | train_loss 0.0503 | val_loss 0.0639
Epoch 4/100 | train_loss 0.0489 | val_loss 0.0653
Epoch 5/100 | train_loss 0.0477 | val_loss 0.0674
Epoch 6/100 | train_loss 0.0466 | val_loss 0.0674
Epoch 7/100 | train_loss 0.0457 | val_loss 0.0678
Early stopping at epoch 7: no val improvement for 5 epochs (best_epoch=2, best_val_loss=0.0622)
Test | best_loss 0.0666 | last_loss 0.0661 | best_epoch 2
Saved per-file metrics to /gpfs/work/int/yuxuanliu2204/Changheng/xmltoexp/MERIX SUBMISSION/MIREX_Model/check/beat_mazurka/level_2/beat_mazurka_bilstm_small_L2_20260309_191209/boundary_eval_val_L2/per_file_metrics.csv
Boundary-level eval | split=val level=2 | micro_f1=0.5482 macro_f1=0.5461 files=323
Saved per-file metrics to /gpfs/work/int/yuxuanliu2204/Changheng/xmltoexp/MERIX SUBMISSION/MIREX_Model/check/beat_mazurka/level_2/beat_mazurka_bilstm_small_L2_20260309_191209/boundary_eval_test_L2/per_file_metrics.csv
Boundary-level eval | split=test level=2 | micro_f1=0.5231 macro_f1=0.5538 files=392
Using device: cuda
Epoch 1/100 | train_loss 0.0746 | val_loss 0.0760
Epoch 2/100 | train_loss 0.0680 | val_loss 0.0747
Epoch 3/100 | train_loss 0.0635 | val_loss 0.0712
Epoch 4/100 | train_loss 0.0602 | val_loss 0.0723
Epoch 5/100 | train_loss 0.0575 | val_loss 0.0716
Epoch 6/100 | train_loss 0.0555 | val_loss 0.0722
Epoch 7/100 | train_loss 0.0536 | val_loss 0.0742
Epoch 8/100 | train_loss 0.0521 | val_loss 0.0738
Early stopping at epoch 8: no val improvement for 5 epochs (best_epoch=3, best_val_loss=0.0712)
Test | best_loss 0.0711 | last_loss 0.0754 | best_epoch 3
Saved per-file metrics to /gpfs/work/int/yuxuanliu2204/Changheng/xmltoexp/MERIX SUBMISSION/MIREX_Model/check/beat_mazurka/level_3/beat_mazurka_bilstm_small_L3_20260309_191930/boundary_eval_val_L3/per_file_metrics.csv
Boundary-level eval | split=val level=3 | micro_f1=0.4523 macro_f1=0.4502 files=323
Saved per-file metrics to /gpfs/work/int/yuxuanliu2204/Changheng/xmltoexp/MERIX SUBMISSION/MIREX_Model/check/beat_mazurka/level_3/beat_mazurka_bilstm_small_L3_20260309_191930/boundary_eval_test_L3/per_file_metrics.csv
Boundary-level eval | split=test level=3 | micro_f1=0.4470 macro_f1=0.4497 files=392
Using device: cuda
Epoch 1/100 | train_loss 0.0697 | val_loss 0.0621
Epoch 2/100 | train_loss 0.0646 | val_loss 0.0624
Epoch 3/100 | train_loss 0.0638 | val_loss 0.0614
Epoch 4/100 | train_loss 0.0626 | val_loss 0.0604
Epoch 5/100 | train_loss 0.0608 | val_loss 0.0607
Epoch 6/100 | train_loss 0.0592 | val_loss 0.0624
Epoch 7/100 | train_loss 0.0572 | val_loss 0.0619
Epoch 8/100 | train_loss 0.0549 | val_loss 0.0625
Epoch 9/100 | train_loss 0.0535 | val_loss 0.0626
Early stopping at epoch 9: no val improvement for 5 epochs (best_epoch=4, best_val_loss=0.0604)
Test | best_loss 0.0632 | last_loss 0.0643 | best_epoch 4
Saved per-file metrics to /gpfs/work/int/yuxuanliu2204/Changheng/xmltoexp/MERIX SUBMISSION/MIREX_Model/check/beat_mazurka/level_4/beat_mazurka_bilstm_small_L4_20260309_192748/boundary_eval_val_L4/per_file_metrics.csv
Boundary-level eval | split=val level=4 | micro_f1=0.1866 macro_f1=0.1905 files=323
Saved per-file metrics to /gpfs/work/int/yuxuanliu2204/Changheng/xmltoexp/MERIX SUBMISSION/MIREX_Model/check/beat_mazurka/level_4/beat_mazurka_bilstm_small_L4_20260309_192748/boundary_eval_test_L4/per_file_metrics.csv
Boundary-level eval | split=test level=4 | micro_f1=0.2240 macro_f1=0.2167 files=392
Using device: cuda
Epoch 1/100 | train_loss 0.0482 | val_loss 0.0346
Epoch 2/100 | train_loss 0.0380 | val_loss 0.0346
Epoch 3/100 | train_loss 0.0379 | val_loss 0.0344
Epoch 4/100 | train_loss 0.0378 | val_loss 0.0343
Epoch 5/100 | train_loss 0.0376 | val_loss 0.0342
Epoch 6/100 | train_loss 0.0373 | val_loss 0.0339
Epoch 7/100 | train_loss 0.0370 | val_loss 0.0343
Epoch 8/100 | train_loss 0.0366 | val_loss 0.0345
Epoch 9/100 | train_loss 0.0361 | val_loss 0.0334
Epoch 10/100 | train_loss 0.0356 | val_loss 0.0343
Epoch 11/100 | train_loss 0.0352 | val_loss 0.0344
Epoch 12/100 | train_loss 0.0346 | val_loss 0.0346
Epoch 13/100 | train_loss 0.0341 | val_loss 0.0341
Epoch 14/100 | train_loss 0.0338 | val_loss 0.0354
Early stopping at epoch 14: no val improvement for 5 epochs (best_epoch=9, best_val_loss=0.0334)
Test | best_loss 0.0375 | last_loss 0.0380 | best_epoch 9
Saved per-file metrics to /gpfs/work/int/yuxuanliu2204/Changheng/xmltoexp/MERIX SUBMISSION/MIREX_Model/check/beat_mazurka/level_5/beat_mazurka_bilstm_small_L5_20260309_193450/boundary_eval_val_L5/per_file_metrics.csv
Boundary-level eval | split=val level=5 | micro_f1=0.0763 macro_f1=0.0500 files=323
Saved per-file metrics to /gpfs/work/int/yuxuanliu2204/Changheng/xmltoexp/MERIX SUBMISSION/MIREX_Model/check/beat_mazurka/level_5/beat_mazurka_bilstm_small_L5_20260309_193450/boundary_eval_test_L5/per_file_metrics.csv
Boundary-level eval | split=test level=5 | micro_f1=0.1080 macro_f1=0.1087 files=392
