Using device: cuda
Epoch 1/100 | train_loss 1.0933 | val_loss 1.1087
Epoch 2/100 | train_loss 1.0723 | val_loss 1.1213
Epoch 3/100 | train_loss 1.0515 | val_loss 1.1307
Epoch 4/100 | train_loss 1.0265 | val_loss 1.1294
Epoch 5/100 | train_loss 1.0004 | val_loss 1.1572
Epoch 6/100 | train_loss 0.9760 | val_loss 1.1805
Early stopping at epoch 6: no val improvement for 5 epochs (best_epoch=1, best_val_loss=1.1087)
Test | best_loss 1.0987 | last_loss 1.1607 | best_epoch 1
Saved per-file metrics to /gpfs/work/int/yuxuanliu2204/Changheng/xmltoexp/MERIX SUBMISSION/MIREX_Model/check/beat_mazurka/level_1/beat_mazurka_L1_20260309_235452/boundary_eval_val_L1/per_file_metrics.csv
Boundary-level eval | split=val level=1 | micro_f1=0.6192 macro_f1=0.6176 files=323
Saved per-file metrics to /gpfs/work/int/yuxuanliu2204/Changheng/xmltoexp/MERIX SUBMISSION/MIREX_Model/check/beat_mazurka/level_1/beat_mazurka_L1_20260309_235452/boundary_eval_test_L1/per_file_metrics.csv
Boundary-level eval | split=test level=1 | micro_f1=0.5927 macro_f1=0.5979 files=392
Using device: cuda
Epoch 1/100 | train_loss 1.2187 | val_loss 1.2146
Epoch 2/100 | train_loss 1.1474 | val_loss 1.2524
Epoch 3/100 | train_loss 1.0787 | val_loss 1.2961
Epoch 4/100 | train_loss 1.0257 | val_loss 1.3539
Epoch 5/100 | train_loss 0.9851 | val_loss 1.2748
Epoch 6/100 | train_loss 0.9550 | val_loss 1.3337
Early stopping at epoch 6: no val improvement for 5 epochs (best_epoch=1, best_val_loss=1.2146)
Test | best_loss 1.2435 | last_loss 1.4438 | best_epoch 1
Saved per-file metrics to /gpfs/work/int/yuxuanliu2204/Changheng/xmltoexp/MERIX SUBMISSION/MIREX_Model/check/beat_mazurka/level_2/beat_mazurka_L2_20260310_000232/boundary_eval_val_L2/per_file_metrics.csv
Boundary-level eval | split=val level=2 | micro_f1=0.5813 macro_f1=0.5803 files=323
Saved per-file metrics to /gpfs/work/int/yuxuanliu2204/Changheng/xmltoexp/MERIX SUBMISSION/MIREX_Model/check/beat_mazurka/level_2/beat_mazurka_L2_20260310_000232/boundary_eval_test_L2/per_file_metrics.csv
Boundary-level eval | split=test level=2 | micro_f1=0.5363 macro_f1=0.5461 files=392
Using device: cuda
Epoch 1/100 | train_loss 1.2807 | val_loss 1.2517
Epoch 2/100 | train_loss 1.1605 | val_loss 1.3163
Epoch 3/100 | train_loss 1.0718 | val_loss 1.3704
Epoch 4/100 | train_loss 1.0070 | val_loss 1.3882
Epoch 5/100 | train_loss 0.9563 | val_loss 1.4172
Epoch 6/100 | train_loss 0.9180 | val_loss 1.3689
Early stopping at epoch 6: no val improvement for 5 epochs (best_epoch=1, best_val_loss=1.2517)
Test | best_loss 1.3430 | last_loss 1.4852 | best_epoch 1
Saved per-file metrics to /gpfs/work/int/yuxuanliu2204/Changheng/xmltoexp/MERIX SUBMISSION/MIREX_Model/check/beat_mazurka/level_3/beat_mazurka_L3_20260310_001014/boundary_eval_val_L3/per_file_metrics.csv
Boundary-level eval | split=val level=3 | micro_f1=0.4305 macro_f1=0.4408 files=323
Saved per-file metrics to /gpfs/work/int/yuxuanliu2204/Changheng/xmltoexp/MERIX SUBMISSION/MIREX_Model/check/beat_mazurka/level_3/beat_mazurka_L3_20260310_001014/boundary_eval_test_L3/per_file_metrics.csv
Boundary-level eval | split=test level=3 | micro_f1=0.3740 macro_f1=0.3714 files=392
Using device: cuda
Epoch 1/100 | train_loss 1.3446 | val_loss 1.2302
Epoch 2/100 | train_loss 1.2374 | val_loss 1.2229
Epoch 3/100 | train_loss 1.1266 | val_loss 1.3137
Epoch 4/100 | train_loss 1.0528 | val_loss 1.3972
Epoch 5/100 | train_loss 1.0002 | val_loss 1.3810
Epoch 6/100 | train_loss 0.9490 | val_loss 1.2741
Epoch 7/100 | train_loss 0.9062 | val_loss 1.3586
Early stopping at epoch 7: no val improvement for 5 epochs (best_epoch=2, best_val_loss=1.2229)
Test | best_loss 1.4518 | last_loss 1.7838 | best_epoch 2
Saved per-file metrics to /gpfs/work/int/yuxuanliu2204/Changheng/xmltoexp/MERIX SUBMISSION/MIREX_Model/check/beat_mazurka/level_4/beat_mazurka_L4_20260310_001819/boundary_eval_val_L4/per_file_metrics.csv
Boundary-level eval | split=val level=4 | micro_f1=0.2604 macro_f1=0.2702 files=323
Saved per-file metrics to /gpfs/work/int/yuxuanliu2204/Changheng/xmltoexp/MERIX SUBMISSION/MIREX_Model/check/beat_mazurka/level_4/beat_mazurka_L4_20260310_001819/boundary_eval_test_L4/per_file_metrics.csv
Boundary-level eval | split=test level=4 | micro_f1=0.2224 macro_f1=0.2202 files=392
Using device: cuda
Epoch 1/100 | train_loss 1.4020 | val_loss 1.2438
Epoch 2/100 | train_loss 1.3146 | val_loss 1.2340
Epoch 3/100 | train_loss 1.2453 | val_loss 1.3066
Epoch 4/100 | train_loss 1.1787 | val_loss 1.2631
Epoch 5/100 | train_loss 1.1136 | val_loss 1.4057
Epoch 6/100 | train_loss 1.0471 | val_loss 1.5423
Epoch 7/100 | train_loss 0.9933 | val_loss 1.4918
Early stopping at epoch 7: no val improvement for 5 epochs (best_epoch=2, best_val_loss=1.2340)
Test | best_loss 1.5339 | last_loss 2.1452 | best_epoch 2
Saved per-file metrics to /gpfs/work/int/yuxuanliu2204/Changheng/xmltoexp/MERIX SUBMISSION/MIREX_Model/check/beat_mazurka/level_5/beat_mazurka_L5_20260310_002701/boundary_eval_val_L5/per_file_metrics.csv
Boundary-level eval | split=val level=5 | micro_f1=0.1354 macro_f1=0.1326 files=323
Saved per-file metrics to /gpfs/work/int/yuxuanliu2204/Changheng/xmltoexp/MERIX SUBMISSION/MIREX_Model/check/beat_mazurka/level_5/beat_mazurka_L5_20260310_002701/boundary_eval_test_L5/per_file_metrics.csv
Boundary-level eval | split=test level=5 | micro_f1=0.1168 macro_f1=0.1169 files=392
