=== Level 1 | legacy run (seed=42) ===
Using device: cuda
Epoch 1/100 | train_loss 0.0481 | val_loss 0.0485
Epoch 2/100 | train_loss 0.0476 | val_loss 0.0482
Epoch 3/100 | train_loss 0.0472 | val_loss 0.0480
Epoch 4/100 | train_loss 0.0469 | val_loss 0.0479
Epoch 5/100 | train_loss 0.0465 | val_loss 0.0482
Epoch 6/100 | train_loss 0.0460 | val_loss 0.0486
Epoch 7/100 | train_loss 0.0454 | val_loss 0.0485
Epoch 8/100 | train_loss 0.0447 | val_loss 0.0502
Epoch 9/100 | train_loss 0.0439 | val_loss 0.0499
Early stopping at epoch 9: no val improvement for 5 epochs (best_epoch=4, best_val_loss=0.0479)
splits/generated_legacy_replay_samepieces/level1_seed42.yaml
=== Level 1 | fixed split replay using splits/generated_legacy_replay_samepieces/level1_seed42.yaml ===
Using device: cuda
Epoch 1/100 | train_loss 0.0481 | val_loss 0.0483
Epoch 2/100 | train_loss 0.0475 | val_loss 0.0483
Epoch 3/100 | train_loss 0.0471 | val_loss 0.0475
Epoch 4/100 | train_loss 0.0465 | val_loss 0.0476
Epoch 5/100 | train_loss 0.0459 | val_loss 0.0481
Epoch 6/100 | train_loss 0.0453 | val_loss 0.0487
Epoch 7/100 | train_loss 0.0446 | val_loss 0.0489
Epoch 8/100 | train_loss 0.0440 | val_loss 0.0505
Early stopping at epoch 8: no val improvement for 5 epochs (best_epoch=3, best_val_loss=0.0475)
=== Level 2 | legacy run (seed=42) ===
Using device: cuda
Epoch 1/100 | train_loss 0.0633 | val_loss 0.0632
Epoch 2/100 | train_loss 0.0596 | val_loss 0.0637
Epoch 3/100 | train_loss 0.0557 | val_loss 0.0662
Epoch 4/100 | train_loss 0.0525 | val_loss 0.0675
Epoch 5/100 | train_loss 0.0496 | val_loss 0.0672
Epoch 6/100 | train_loss 0.0475 | val_loss 0.0683
Early stopping at epoch 6: no val improvement for 5 epochs (best_epoch=1, best_val_loss=0.0632)
splits/generated_legacy_replay_samepieces/level2_seed42.yaml
=== Level 2 | fixed split replay using splits/generated_legacy_replay_samepieces/level2_seed42.yaml ===
Using device: cuda
Epoch 1/100 | train_loss 0.0633 | val_loss 0.0632
Epoch 2/100 | train_loss 0.0597 | val_loss 0.0631
Epoch 3/100 | train_loss 0.0557 | val_loss 0.0659
Epoch 4/100 | train_loss 0.0526 | val_loss 0.0667
Epoch 5/100 | train_loss 0.0498 | val_loss 0.0662
Epoch 6/100 | train_loss 0.0479 | val_loss 0.0669
Epoch 7/100 | train_loss 0.0464 | val_loss 0.0701
Early stopping at epoch 7: no val improvement for 5 epochs (best_epoch=2, best_val_loss=0.0631)
=== Level 3 | legacy run (seed=42) ===
Using device: cuda
Epoch 1/100 | train_loss 0.0750 | val_loss 0.0723
Epoch 2/100 | train_loss 0.0695 | val_loss 0.0772
Epoch 3/100 | train_loss 0.0628 | val_loss 0.0786
Epoch 4/100 | train_loss 0.0566 | val_loss 0.0794
Epoch 5/100 | train_loss 0.0527 | val_loss 0.0805
Epoch 6/100 | train_loss 0.0502 | val_loss 0.0824
Early stopping at epoch 6: no val improvement for 5 epochs (best_epoch=1, best_val_loss=0.0723)
splits/generated_legacy_replay_samepieces/level3_seed42.yaml
=== Level 3 | fixed split replay using splits/generated_legacy_replay_samepieces/level3_seed42.yaml ===
Using device: cuda
Epoch 1/100 | train_loss 0.0749 | val_loss 0.0728
Epoch 2/100 | train_loss 0.0696 | val_loss 0.0775
Epoch 3/100 | train_loss 0.0634 | val_loss 0.0788
Epoch 4/100 | train_loss 0.0578 | val_loss 0.0814
Epoch 5/100 | train_loss 0.0536 | val_loss 0.0821
Epoch 6/100 | train_loss 0.0508 | val_loss 0.0797
Early stopping at epoch 6: no val improvement for 5 epochs (best_epoch=1, best_val_loss=0.0728)
=== Level 4 | legacy run (seed=42) ===
Using device: cuda
Epoch 1/100 | train_loss 0.0632 | val_loss 0.0618
Epoch 2/100 | train_loss 0.0599 | val_loss 0.0635
Epoch 3/100 | train_loss 0.0554 | val_loss 0.0690
Epoch 4/100 | train_loss 0.0515 | val_loss 0.0671
Epoch 5/100 | train_loss 0.0488 | val_loss 0.0682
Epoch 6/100 | train_loss 0.0462 | val_loss 0.0754
Early stopping at epoch 6: no val improvement for 5 epochs (best_epoch=1, best_val_loss=0.0618)
splits/generated_legacy_replay_samepieces/level4_seed42.yaml
=== Level 4 | fixed split replay using splits/generated_legacy_replay_samepieces/level4_seed42.yaml ===
Using device: cuda
Epoch 1/100 | train_loss 0.0632 | val_loss 0.0618
Epoch 2/100 | train_loss 0.0598 | val_loss 0.0643
Epoch 3/100 | train_loss 0.0553 | val_loss 0.0663
Epoch 4/100 | train_loss 0.0518 | val_loss 0.0692
Epoch 5/100 | train_loss 0.0487 | val_loss 0.0666
Epoch 6/100 | train_loss 0.0465 | val_loss 0.0725
Early stopping at epoch 6: no val improvement for 5 epochs (best_epoch=1, best_val_loss=0.0618)
=== Level 5 | legacy run (seed=42) ===
Using device: cuda
Epoch 1/100 | train_loss 0.0374 | val_loss 0.0380
Epoch 2/100 | train_loss 0.0365 | val_loss 0.0378
Epoch 3/100 | train_loss 0.0353 | val_loss 0.0379
Epoch 4/100 | train_loss 0.0336 | val_loss 0.0393
Epoch 5/100 | train_loss 0.0318 | val_loss 0.0395
Epoch 6/100 | train_loss 0.0301 | val_loss 0.0409
Epoch 7/100 | train_loss 0.0290 | val_loss 0.0429
Early stopping at epoch 7: no val improvement for 5 epochs (best_epoch=2, best_val_loss=0.0378)
splits/generated_legacy_replay_samepieces/level5_seed42.yaml
=== Level 5 | fixed split replay using splits/generated_legacy_replay_samepieces/level5_seed42.yaml ===
Using device: cuda
Epoch 1/100 | train_loss 0.0374 | val_loss 0.0380
Epoch 2/100 | train_loss 0.0366 | val_loss 0.0379
Epoch 3/100 | train_loss 0.0357 | val_loss 0.0381
Epoch 4/100 | train_loss 0.0340 | val_loss 0.0389
Epoch 5/100 | train_loss 0.0321 | val_loss 0.0401
Epoch 6/100 | train_loss 0.0305 | val_loss 0.0405
Epoch 7/100 | train_loss 0.0293 | val_loss 0.0425
Early stopping at epoch 7: no val improvement for 5 epochs (best_epoch=2, best_val_loss=0.0379)
=== Level 6 | legacy run (seed=42) ===
Using device: cuda
Epoch 1/100 | train_loss 0.0174 | val_loss 0.0142
Epoch 2/100 | train_loss 0.0168 | val_loss 0.0143
Epoch 3/100 | train_loss 0.0168 | val_loss 0.0142
Epoch 4/100 | train_loss 0.0167 | val_loss 0.0143
Epoch 5/100 | train_loss 0.0163 | val_loss 0.0147
Epoch 6/100 | train_loss 0.0162 | val_loss 0.0145
Epoch 7/100 | train_loss 0.0160 | val_loss 0.0149
Epoch 8/100 | train_loss 0.0156 | val_loss 0.0147
Early stopping at epoch 8: no val improvement for 5 epochs (best_epoch=3, best_val_loss=0.0142)
splits/generated_legacy_replay_samepieces/level6_seed42.yaml
=== Level 6 | fixed split replay using splits/generated_legacy_replay_samepieces/level6_seed42.yaml ===
Using device: cuda
Epoch 1/100 | train_loss 0.0174 | val_loss 0.0142
Epoch 2/100 | train_loss 0.0168 | val_loss 0.0142
Epoch 3/100 | train_loss 0.0168 | val_loss 0.0142
Epoch 4/100 | train_loss 0.0167 | val_loss 0.0143
Epoch 5/100 | train_loss 0.0163 | val_loss 0.0143
Epoch 6/100 | train_loss 0.0160 | val_loss 0.0142
Early stopping at epoch 6: no val improvement for 5 epochs (best_epoch=1, best_val_loss=0.0142)
