splits/generated_random_33_8_3_x5/run01.yaml
  train=33 val=8 test=3
splits/generated_random_33_8_3_x5/run02.yaml
  train=33 val=8 test=3
splits/generated_random_33_8_3_x5/run03.yaml
  train=33 val=8 test=3
splits/generated_random_33_8_3_x5/run04.yaml
  train=33 val=8 test=3
splits/generated_random_33_8_3_x5/run05.yaml
  train=33 val=8 test=3
=== Random split run 01 using splits/generated_random_33_8_3_x5/run01.yaml ===
Using device: cuda
Epoch 1/100 | train_loss 0.0486 | val_loss 0.0466
Epoch 2/100 | train_loss 0.0478 | val_loss 0.0466
Epoch 3/100 | train_loss 0.0473 | val_loss 0.0469
Epoch 4/100 | train_loss 0.0467 | val_loss 0.0476
Epoch 5/100 | train_loss 0.0459 | val_loss 0.0476
Epoch 6/100 | train_loss 0.0451 | val_loss 0.0479
Epoch 7/100 | train_loss 0.0443 | val_loss 0.0487
Early stopping at epoch 7: no val improvement for 5 epochs (best_epoch=2, best_val_loss=0.0466)
Test | best_loss 0.0469 | best_epoch 2
Using device: cuda
Epoch 1/100 | train_loss 0.0640 | val_loss 0.0625
Epoch 2/100 | train_loss 0.0604 | val_loss 0.0617
Epoch 3/100 | train_loss 0.0562 | val_loss 0.0667
Epoch 4/100 | train_loss 0.0520 | val_loss 0.0682
Epoch 5/100 | train_loss 0.0491 | val_loss 0.0679
Epoch 6/100 | train_loss 0.0470 | val_loss 0.0707
Epoch 7/100 | train_loss 0.0458 | val_loss 0.0712
Early stopping at epoch 7: no val improvement for 5 epochs (best_epoch=2, best_val_loss=0.0617)
Test | best_loss 0.0613 | best_epoch 2
Using device: cuda
Epoch 1/100 | train_loss 0.0747 | val_loss 0.0743
Epoch 2/100 | train_loss 0.0673 | val_loss 0.0813
Epoch 3/100 | train_loss 0.0594 | val_loss 0.0849
Epoch 4/100 | train_loss 0.0537 | val_loss 0.0883
Epoch 5/100 | train_loss 0.0502 | val_loss 0.0895
Epoch 6/100 | train_loss 0.0479 | val_loss 0.0893
Early stopping at epoch 6: no val improvement for 5 epochs (best_epoch=1, best_val_loss=0.0743)
Test | best_loss 0.0738 | best_epoch 1
Using device: cuda
Epoch 1/100 | train_loss 0.0629 | val_loss 0.0624
Epoch 2/100 | train_loss 0.0589 | val_loss 0.0674
Epoch 3/100 | train_loss 0.0545 | val_loss 0.0690
Epoch 4/100 | train_loss 0.0509 | val_loss 0.0764
Epoch 5/100 | train_loss 0.0477 | val_loss 0.0737
Epoch 6/100 | train_loss 0.0452 | val_loss 0.0745
Early stopping at epoch 6: no val improvement for 5 epochs (best_epoch=1, best_val_loss=0.0624)
Test | best_loss 0.0602 | best_epoch 1
Using device: cuda
