Using device: cuda
Epoch 1/100 | train_loss 1.0762 | val_loss 1.1208
Epoch 2/100 | train_loss 1.0437 | val_loss 1.1634
Epoch 3/100 | train_loss 1.0176 | val_loss 1.1367
Epoch 4/100 | train_loss 0.9904 | val_loss 1.1695
Epoch 5/100 | train_loss 0.9634 | val_loss 1.1740
Epoch 6/100 | train_loss 0.9403 | val_loss 1.1713
Early stopping at epoch 6: no val improvement for 5 epochs (best_epoch=1, best_val_loss=1.1208)
Test | best_loss 1.1035 | last_loss 1.1669 | best_epoch 1
Saved per-file metrics to /gpfs/work/int/yuxuanliu2204/Changheng/xmltoexp/MERIX SUBMISSION/MIREX_Model/check/beat_mazurka/level_1/beat_mazurka_ratio_L1_20260309_235514/boundary_eval_val_L1/per_file_metrics.csv
Boundary-level eval | split=val level=1 | micro_f1=0.6701 macro_f1=0.6741 files=323
Saved per-file metrics to /gpfs/work/int/yuxuanliu2204/Changheng/xmltoexp/MERIX SUBMISSION/MIREX_Model/check/beat_mazurka/level_1/beat_mazurka_ratio_L1_20260309_235514/boundary_eval_test_L1/per_file_metrics.csv
Boundary-level eval | split=test level=1 | micro_f1=0.6605 macro_f1=0.6632 files=392
Using device: cuda
Epoch 1/100 | train_loss 1.1661 | val_loss 1.1938
Epoch 2/100 | train_loss 1.0759 | val_loss 1.2430
Epoch 3/100 | train_loss 1.0182 | val_loss 1.2526
Epoch 4/100 | train_loss 0.9707 | val_loss 1.3447
Epoch 5/100 | train_loss 0.9385 | val_loss 1.3300
Epoch 6/100 | train_loss 0.9101 | val_loss 1.3534
Early stopping at epoch 6: no val improvement for 5 epochs (best_epoch=1, best_val_loss=1.1938)
Test | best_loss 1.2177 | last_loss 1.3539 | best_epoch 1
Saved per-file metrics to /gpfs/work/int/yuxuanliu2204/Changheng/xmltoexp/MERIX SUBMISSION/MIREX_Model/check/beat_mazurka/level_2/beat_mazurka_ratio_L2_20260310_000151/boundary_eval_val_L2/per_file_metrics.csv
Boundary-level eval | split=val level=2 | micro_f1=0.6135 macro_f1=0.6054 files=323
Saved per-file metrics to /gpfs/work/int/yuxuanliu2204/Changheng/xmltoexp/MERIX SUBMISSION/MIREX_Model/check/beat_mazurka/level_2/beat_mazurka_ratio_L2_20260310_000151/boundary_eval_test_L2/per_file_metrics.csv
Boundary-level eval | split=test level=2 | micro_f1=0.5899 macro_f1=0.5853 files=392
Using device: cuda
Epoch 1/100 | train_loss 1.2182 | val_loss 1.2817
Epoch 2/100 | train_loss 1.0661 | val_loss 1.3135
Epoch 3/100 | train_loss 0.9942 | val_loss 1.3647
Epoch 4/100 | train_loss 0.9434 | val_loss 1.4659
Epoch 5/100 | train_loss 0.9076 | val_loss 1.5681
Epoch 6/100 | train_loss 0.8744 | val_loss 1.4452
Early stopping at epoch 6: no val improvement for 5 epochs (best_epoch=1, best_val_loss=1.2817)
Test | best_loss 1.3250 | last_loss 1.4860 | best_epoch 1
Saved per-file metrics to /gpfs/work/int/yuxuanliu2204/Changheng/xmltoexp/MERIX SUBMISSION/MIREX_Model/check/beat_mazurka/level_3/beat_mazurka_ratio_L3_20260310_000844/boundary_eval_val_L3/per_file_metrics.csv
Boundary-level eval | split=val level=3 | micro_f1=0.4113 macro_f1=0.4145 files=323
Saved per-file metrics to /gpfs/work/int/yuxuanliu2204/Changheng/xmltoexp/MERIX SUBMISSION/MIREX_Model/check/beat_mazurka/level_3/beat_mazurka_ratio_L3_20260310_000844/boundary_eval_test_L3/per_file_metrics.csv
Boundary-level eval | split=test level=3 | micro_f1=0.4056 macro_f1=0.4053 files=392
Using device: cuda
Epoch 1/100 | train_loss 1.2408 | val_loss 1.2530
Epoch 2/100 | train_loss 1.0836 | val_loss 1.2730
Epoch 3/100 | train_loss 0.9965 | val_loss 1.2778
Epoch 4/100 | train_loss 0.9282 | val_loss 1.4037
Epoch 5/100 | train_loss 0.8780 | val_loss 1.4505
Epoch 6/100 | train_loss 0.8390 | val_loss 1.5150
Early stopping at epoch 6: no val improvement for 5 epochs (best_epoch=1, best_val_loss=1.2530)
Test | best_loss 1.3982 | last_loss 1.8464 | best_epoch 1
Saved per-file metrics to /gpfs/work/int/yuxuanliu2204/Changheng/xmltoexp/MERIX SUBMISSION/MIREX_Model/check/beat_mazurka/level_4/beat_mazurka_ratio_L4_20260310_001527/boundary_eval_val_L4/per_file_metrics.csv
Boundary-level eval | split=val level=4 | micro_f1=0.2420 macro_f1=0.2433 files=323
Saved per-file metrics to /gpfs/work/int/yuxuanliu2204/Changheng/xmltoexp/MERIX SUBMISSION/MIREX_Model/check/beat_mazurka/level_4/beat_mazurka_ratio_L4_20260310_001527/boundary_eval_test_L4/per_file_metrics.csv
Boundary-level eval | split=test level=4 | micro_f1=0.2238 macro_f1=0.2230 files=392
Using device: cuda
Epoch 1/100 | train_loss 1.3029 | val_loss 1.2478
Epoch 2/100 | train_loss 1.1685 | val_loss 1.2855
Epoch 3/100 | train_loss 1.0763 | val_loss 1.2993
Epoch 4/100 | train_loss 1.0100 | val_loss 1.5038
Epoch 5/100 | train_loss 0.9496 | val_loss 1.4899
Epoch 6/100 | train_loss 0.9118 | val_loss 1.5110
Early stopping at epoch 6: no val improvement for 5 epochs (best_epoch=1, best_val_loss=1.2478)
Test | best_loss 1.4583 | last_loss 1.6026 | best_epoch 1
Saved per-file metrics to /gpfs/work/int/yuxuanliu2204/Changheng/xmltoexp/MERIX SUBMISSION/MIREX_Model/check/beat_mazurka/level_5/beat_mazurka_ratio_L5_20260310_002145/boundary_eval_val_L5/per_file_metrics.csv
Boundary-level eval | split=val level=5 | micro_f1=0.1140 macro_f1=0.1099 files=323
Saved per-file metrics to /gpfs/work/int/yuxuanliu2204/Changheng/xmltoexp/MERIX SUBMISSION/MIREX_Model/check/beat_mazurka/level_5/beat_mazurka_ratio_L5_20260310_002145/boundary_eval_test_L5/per_file_metrics.csv
Boundary-level eval | split=test level=5 | micro_f1=0.1125 macro_f1=0.1059 files=392
