Using device: cuda
Epoch 1/100 | train_loss 0.0474 | val_loss 0.0466
Epoch 2/100 | train_loss 0.0459 | val_loss 0.0469
Epoch 3/100 | train_loss 0.0460 | val_loss 0.0467
Epoch 4/100 | train_loss 0.0458 | val_loss 0.0466
Epoch 5/100 | train_loss 0.0458 | val_loss 0.0470
Epoch 6/100 | train_loss 0.0447 | val_loss 0.0482
Epoch 7/100 | train_loss 0.0445 | val_loss 0.0472
Epoch 8/100 | train_loss 0.0449 | val_loss 0.0475
Epoch 9/100 | train_loss 0.0442 | val_loss 0.0466
Epoch 10/100 | train_loss 0.0442 | val_loss 0.0477
Epoch 11/100 | train_loss 0.0428 | val_loss 0.0486
Epoch 12/100 | train_loss 0.0425 | val_loss 0.0466
Epoch 13/100 | train_loss 0.0443 | val_loss 0.0483
Epoch 14/100 | train_loss 0.0427 | val_loss 0.0489
Early stopping at epoch 14: no val improvement for 5 epochs (best_epoch=9, best_val_loss=0.0466)
Test | best_loss 0.0493 | last_loss 0.0510 | best_epoch 9
Saved per-file metrics to /gpfs/work/int/yuxuanliu2204/Changheng/xmltoexp/MERIX SUBMISSION/MIREX_Model/check/beat_mazurka/level_1/beat_mazurka_L1_20260308_215127/boundary_eval_val_L1/per_file_metrics.csv
Boundary-level eval | split=val level=1 | micro_f1=0.5232 macro_f1=0.5283 files=323
Saved per-file metrics to /gpfs/work/int/yuxuanliu2204/Changheng/xmltoexp/MERIX SUBMISSION/MIREX_Model/check/beat_mazurka/level_1/beat_mazurka_L1_20260308_215127/boundary_eval_test_L1/per_file_metrics.csv
Boundary-level eval | split=test level=1 | micro_f1=0.5064 macro_f1=0.5149 files=392
Using device: cuda
Epoch 1/100 | train_loss 0.0615 | val_loss 0.0613
Epoch 2/100 | train_loss 0.0585 | val_loss 0.0623
Epoch 3/100 | train_loss 0.0560 | val_loss 0.0615
Epoch 4/100 | train_loss 0.0533 | val_loss 0.0655
Epoch 5/100 | train_loss 0.0518 | val_loss 0.0638
Epoch 6/100 | train_loss 0.0504 | val_loss 0.0659
Early stopping at epoch 6: no val improvement for 5 epochs (best_epoch=1, best_val_loss=0.0613)
Test | best_loss 0.0654 | last_loss 0.0688 | best_epoch 1
Saved per-file metrics to /gpfs/work/int/yuxuanliu2204/Changheng/xmltoexp/MERIX SUBMISSION/MIREX_Model/check/beat_mazurka/level_2/beat_mazurka_L2_20260308_220400/boundary_eval_val_L2/per_file_metrics.csv
Boundary-level eval | split=val level=2 | micro_f1=0.5898 macro_f1=0.5793 files=323
Saved per-file metrics to /gpfs/work/int/yuxuanliu2204/Changheng/xmltoexp/MERIX SUBMISSION/MIREX_Model/check/beat_mazurka/level_2/beat_mazurka_L2_20260308_220400/boundary_eval_test_L2/per_file_metrics.csv
Boundary-level eval | split=test level=2 | micro_f1=0.5104 macro_f1=0.5198 files=392
Using device: cuda
Epoch 1/100 | train_loss 0.0740 | val_loss 0.0735
Epoch 2/100 | train_loss 0.0684 | val_loss 0.0719
Epoch 3/100 | train_loss 0.0638 | val_loss 0.0723
Epoch 4/100 | train_loss 0.0616 | val_loss 0.0714
Epoch 5/100 | train_loss 0.0584 | val_loss 0.0730
Epoch 6/100 | train_loss 0.0566 | val_loss 0.0755
Epoch 7/100 | train_loss 0.0553 | val_loss 0.0770
Epoch 8/100 | train_loss 0.0554 | val_loss 0.0784
Epoch 9/100 | train_loss 0.0523 | val_loss 0.0778
Early stopping at epoch 9: no val improvement for 5 epochs (best_epoch=4, best_val_loss=0.0714)
Test | best_loss 0.0787 | last_loss 0.0849 | best_epoch 4
Saved per-file metrics to /gpfs/work/int/yuxuanliu2204/Changheng/xmltoexp/MERIX SUBMISSION/MIREX_Model/check/beat_mazurka/level_3/beat_mazurka_L3_20260308_220954/boundary_eval_val_L3/per_file_metrics.csv
Boundary-level eval | split=val level=3 | micro_f1=0.4277 macro_f1=0.4332 files=323
Saved per-file metrics to /gpfs/work/int/yuxuanliu2204/Changheng/xmltoexp/MERIX SUBMISSION/MIREX_Model/check/beat_mazurka/level_3/beat_mazurka_L3_20260308_220954/boundary_eval_test_L3/per_file_metrics.csv
Boundary-level eval | split=test level=3 | micro_f1=0.3987 macro_f1=0.4024 files=392
Using device: cuda
Epoch 1/100 | train_loss 0.0638 | val_loss 0.0594
Epoch 2/100 | train_loss 0.0616 | val_loss 0.0589
Epoch 3/100 | train_loss 0.0597 | val_loss 0.0599
Epoch 4/100 | train_loss 0.0569 | val_loss 0.0597
Epoch 5/100 | train_loss 0.0554 | val_loss 0.0611
Epoch 6/100 | train_loss 0.0523 | val_loss 0.0617
Epoch 7/100 | train_loss 0.0502 | val_loss 0.0656
Early stopping at epoch 7: no val improvement for 5 epochs (best_epoch=2, best_val_loss=0.0589)
Test | best_loss 0.0629 | last_loss 0.0712 | best_epoch 2
Saved per-file metrics to /gpfs/work/int/yuxuanliu2204/Changheng/xmltoexp/MERIX SUBMISSION/MIREX_Model/check/beat_mazurka/level_4/beat_mazurka_L4_20260308_221814/boundary_eval_val_L4/per_file_metrics.csv
Boundary-level eval | split=val level=4 | micro_f1=0.2815 macro_f1=0.2932 files=323
Saved per-file metrics to /gpfs/work/int/yuxuanliu2204/Changheng/xmltoexp/MERIX SUBMISSION/MIREX_Model/check/beat_mazurka/level_4/beat_mazurka_L4_20260308_221814/boundary_eval_test_L4/per_file_metrics.csv
Boundary-level eval | split=test level=4 | micro_f1=0.2048 macro_f1=0.2122 files=392
Using device: cuda
Epoch 1/100 | train_loss 0.0378 | val_loss 0.0333
Epoch 2/100 | train_loss 0.0369 | val_loss 0.0331
Epoch 3/100 | train_loss 0.0361 | val_loss 0.0329
Epoch 4/100 | train_loss 0.0349 | val_loss 0.0335
Epoch 5/100 | train_loss 0.0340 | val_loss 0.0333
Epoch 6/100 | train_loss 0.0345 | val_loss 0.0338
Epoch 7/100 | train_loss 0.0337 | val_loss 0.0340
Epoch 8/100 | train_loss 0.0323 | val_loss 0.0354
Early stopping at epoch 8: no val improvement for 5 epochs (best_epoch=3, best_val_loss=0.0329)
Test | best_loss 0.0365 | last_loss 0.0385 | best_epoch 3
Saved per-file metrics to /gpfs/work/int/yuxuanliu2204/Changheng/xmltoexp/MERIX SUBMISSION/MIREX_Model/check/beat_mazurka/level_5/beat_mazurka_L5_20260308_222316/boundary_eval_val_L5/per_file_metrics.csv
Boundary-level eval | split=val level=5 | micro_f1=0.1415 macro_f1=0.1113 files=323
Saved per-file metrics to /gpfs/work/int/yuxuanliu2204/Changheng/xmltoexp/MERIX SUBMISSION/MIREX_Model/check/beat_mazurka/level_5/beat_mazurka_L5_20260308_222316/boundary_eval_test_L5/per_file_metrics.csv
Boundary-level eval | split=test level=5 | micro_f1=0.1446 macro_f1=0.1514 files=392
