Using device: cuda
Epoch 1/100 | train_loss 0.0484 | val_loss 0.0469
Epoch 2/100 | train_loss 0.0472 | val_loss 0.0469
Epoch 3/100 | train_loss 0.0465 | val_loss 0.0468
Epoch 4/100 | train_loss 0.0461 | val_loss 0.0470
Epoch 5/100 | train_loss 0.0459 | val_loss 0.0474
Epoch 6/100 | train_loss 0.0457 | val_loss 0.0473
Epoch 7/100 | train_loss 0.0455 | val_loss 0.0474
Epoch 8/100 | train_loss 0.0453 | val_loss 0.0475
Early stopping at epoch 8: no val improvement for 5 epochs (best_epoch=3, best_val_loss=0.0468)
Test | best_loss 0.0487 | last_loss 0.0495 | best_epoch 3
Saved per-file metrics to /gpfs/work/int/yuxuanliu2204/Changheng/xmltoexp/MERIX SUBMISSION/MIREX_Model/check/beat_mazurka/level_1/beat_mazurka_L1_20260308_222857/boundary_eval_val_L1/per_file_metrics.csv
Boundary-level eval | split=val level=1 | micro_f1=0.5275 macro_f1=0.5275 files=323
Saved per-file metrics to /gpfs/work/int/yuxuanliu2204/Changheng/xmltoexp/MERIX SUBMISSION/MIREX_Model/check/beat_mazurka/level_1/beat_mazurka_L1_20260308_222857/boundary_eval_test_L1/per_file_metrics.csv
Boundary-level eval | split=test level=1 | micro_f1=0.5099 macro_f1=0.5220 files=392
Using device: cuda
Epoch 1/100 | train_loss 0.0626 | val_loss 0.0635
Epoch 2/100 | train_loss 0.0602 | val_loss 0.0632
Epoch 3/100 | train_loss 0.0590 | val_loss 0.0626
Epoch 4/100 | train_loss 0.0588 | val_loss 0.0634
Epoch 5/100 | train_loss 0.0568 | val_loss 0.0637
Epoch 6/100 | train_loss 0.0561 | val_loss 0.0648
Epoch 7/100 | train_loss 0.0556 | val_loss 0.0646
Epoch 8/100 | train_loss 0.0551 | val_loss 0.0644
Early stopping at epoch 8: no val improvement for 5 epochs (best_epoch=3, best_val_loss=0.0626)
Test | best_loss 0.0655 | last_loss 0.0662 | best_epoch 3
Saved per-file metrics to /gpfs/work/int/yuxuanliu2204/Changheng/xmltoexp/MERIX SUBMISSION/MIREX_Model/check/beat_mazurka/level_2/beat_mazurka_L2_20260308_223612/boundary_eval_val_L2/per_file_metrics.csv
Boundary-level eval | split=val level=2 | micro_f1=0.4954 macro_f1=0.4912 files=323
Saved per-file metrics to /gpfs/work/int/yuxuanliu2204/Changheng/xmltoexp/MERIX SUBMISSION/MIREX_Model/check/beat_mazurka/level_2/beat_mazurka_L2_20260308_223612/boundary_eval_test_L2/per_file_metrics.csv
Boundary-level eval | split=test level=2 | micro_f1=0.4801 macro_f1=0.4905 files=392
Using device: cuda
Epoch 1/100 | train_loss 0.0751 | val_loss 0.0744
Epoch 2/100 | train_loss 0.0732 | val_loss 0.0742
Epoch 3/100 | train_loss 0.0715 | val_loss 0.0744
Epoch 4/100 | train_loss 0.0700 | val_loss 0.0754
Epoch 5/100 | train_loss 0.0687 | val_loss 0.0747
Epoch 6/100 | train_loss 0.0678 | val_loss 0.0737
Epoch 7/100 | train_loss 0.0668 | val_loss 0.0760
Epoch 8/100 | train_loss 0.0659 | val_loss 0.0767
Epoch 9/100 | train_loss 0.0655 | val_loss 0.0768
Epoch 10/100 | train_loss 0.0647 | val_loss 0.0787
Epoch 11/100 | train_loss 0.0642 | val_loss 0.0797
Early stopping at epoch 11: no val improvement for 5 epochs (best_epoch=6, best_val_loss=0.0737)
Test | best_loss 0.0729 | last_loss 0.0749 | best_epoch 6
Saved per-file metrics to /gpfs/work/int/yuxuanliu2204/Changheng/xmltoexp/MERIX SUBMISSION/MIREX_Model/check/beat_mazurka/level_3/beat_mazurka_L3_20260308_224328/boundary_eval_val_L3/per_file_metrics.csv
Boundary-level eval | split=val level=3 | micro_f1=0.4358 macro_f1=0.4335 files=323
Saved per-file metrics to /gpfs/work/int/yuxuanliu2204/Changheng/xmltoexp/MERIX SUBMISSION/MIREX_Model/check/beat_mazurka/level_3/beat_mazurka_L3_20260308_224328/boundary_eval_test_L3/per_file_metrics.csv
Boundary-level eval | split=test level=3 | micro_f1=0.3878 macro_f1=0.3886 files=392
Using device: cuda
Epoch 1/100 | train_loss 0.0654 | val_loss 0.0605
Epoch 2/100 | train_loss 0.0637 | val_loss 0.0599
Epoch 3/100 | train_loss 0.0632 | val_loss 0.0596
Epoch 4/100 | train_loss 0.0627 | val_loss 0.0594
Epoch 5/100 | train_loss 0.0622 | val_loss 0.0593
Epoch 6/100 | train_loss 0.0617 | val_loss 0.0595
Epoch 7/100 | train_loss 0.0611 | val_loss 0.0593
Epoch 8/100 | train_loss 0.0606 | val_loss 0.0601
Epoch 9/100 | train_loss 0.0601 | val_loss 0.0596
Epoch 10/100 | train_loss 0.0597 | val_loss 0.0592
Epoch 11/100 | train_loss 0.0592 | val_loss 0.0592
Epoch 12/100 | train_loss 0.0588 | val_loss 0.0594
Epoch 13/100 | train_loss 0.0584 | val_loss 0.0597
Epoch 14/100 | train_loss 0.0578 | val_loss 0.0601
Epoch 15/100 | train_loss 0.0573 | val_loss 0.0605
Early stopping at epoch 15: no val improvement for 5 epochs (best_epoch=10, best_val_loss=0.0592)
Test | best_loss 0.0630 | last_loss 0.0646 | best_epoch 10
Saved per-file metrics to /gpfs/work/int/yuxuanliu2204/Changheng/xmltoexp/MERIX SUBMISSION/MIREX_Model/check/beat_mazurka/level_4/beat_mazurka_L4_20260308_225307/boundary_eval_val_L4/per_file_metrics.csv
Boundary-level eval | split=val level=4 | micro_f1=0.2379 macro_f1=0.2386 files=323
Saved per-file metrics to /gpfs/work/int/yuxuanliu2204/Changheng/xmltoexp/MERIX SUBMISSION/MIREX_Model/check/beat_mazurka/level_4/beat_mazurka_L4_20260308_225307/boundary_eval_test_L4/per_file_metrics.csv
Boundary-level eval | split=test level=4 | micro_f1=0.2262 macro_f1=0.2257 files=392
Using device: cuda
Epoch 1/100 | train_loss 0.0406 | val_loss 0.0339
Epoch 2/100 | train_loss 0.0374 | val_loss 0.0337
Epoch 3/100 | train_loss 0.0373 | val_loss 0.0335
Epoch 4/100 | train_loss 0.0372 | val_loss 0.0333
Epoch 5/100 | train_loss 0.0370 | val_loss 0.0332
Epoch 6/100 | train_loss 0.0367 | val_loss 0.0334
Epoch 7/100 | train_loss 0.0365 | val_loss 0.0334
Epoch 8/100 | train_loss 0.0363 | val_loss 0.0331
Epoch 9/100 | train_loss 0.0367 | val_loss 0.0335
Epoch 10/100 | train_loss 0.0367 | val_loss 0.0336
Epoch 11/100 | train_loss 0.0363 | val_loss 0.0336
Epoch 12/100 | train_loss 0.0359 | val_loss 0.0339
Epoch 13/100 | train_loss 0.0356 | val_loss 0.0344
Early stopping at epoch 13: no val improvement for 5 epochs (best_epoch=8, best_val_loss=0.0331)
Test | best_loss 0.0368 | last_loss 0.0373 | best_epoch 8
Saved per-file metrics to /gpfs/work/int/yuxuanliu2204/Changheng/xmltoexp/MERIX SUBMISSION/MIREX_Model/check/beat_mazurka/level_5/beat_mazurka_L5_20260308_230240/boundary_eval_val_L5/per_file_metrics.csv
Boundary-level eval | split=val level=5 | micro_f1=0.1417 macro_f1=0.1048 files=323
Saved per-file metrics to /gpfs/work/int/yuxuanliu2204/Changheng/xmltoexp/MERIX SUBMISSION/MIREX_Model/check/beat_mazurka/level_5/beat_mazurka_L5_20260308_230240/boundary_eval_test_L5/per_file_metrics.csv
Boundary-level eval | split=test level=5 | micro_f1=0.0596 macro_f1=0.0451 files=392
