Using device: cuda
save_dir: check/beat_mazurka/level_1/beat_mazurka_L1_20260311_132025
split_summary: check/beat_mazurka/level_1/beat_mazurka_L1_20260311_132025/split_summary.yaml
train_pieces (35): ['M06-1', 'M06-3', 'M07-1', 'M07-2', 'M07-3', 'M17-4', 'M24-1', 'M24-2', 'M24-3', 'M24-4', 'M30-3', 'M33-1', 'M33-2', 'M33-3', 'M33-4', 'M41-1', 'M41-2', 'M41-3', 'M41-4', 'M50-1', 'M50-2', 'M50-3', 'M56-1', 'M56-2', 'M56-3', 'M59-1', 'M59-2', 'M63-1', 'M63-3', 'M67-1', 'M67-2', 'M67-3', 'M68-1', 'M68-2', 'M68-3']
val_pieces (9): ['M06-2', 'M17-1', 'M17-2', 'M17-3', 'M30-1', 'M30-2', 'M30-4', 'M59-3', 'M67-4']
Epoch 1/100 | train_loss 0.0481 | val_loss 0.0485
Epoch 2/100 | train_loss 0.0474 | val_loss 0.0483
Epoch 3/100 | train_loss 0.0469 | val_loss 0.0478
Epoch 4/100 | train_loss 0.0465 | val_loss 0.0476
Epoch 5/100 | train_loss 0.0461 | val_loss 0.0483
Epoch 6/100 | train_loss 0.0455 | val_loss 0.0485
Epoch 7/100 | train_loss 0.0448 | val_loss 0.0487
Epoch 8/100 | train_loss 0.0442 | val_loss 0.0497
Epoch 9/100 | train_loss 0.0435 | val_loss 0.0502
Early stopping at epoch 9: no val improvement for 5 epochs (best_epoch=4, best_val_loss=0.0476)
Using device: cuda
save_dir: check/beat_mazurka/level_2/beat_mazurka_L2_20260311_132908
split_summary: check/beat_mazurka/level_2/beat_mazurka_L2_20260311_132908/split_summary.yaml
train_pieces (35): ['M06-1', 'M06-3', 'M07-1', 'M07-2', 'M07-3', 'M17-4', 'M24-1', 'M24-2', 'M24-3', 'M24-4', 'M30-3', 'M33-1', 'M33-2', 'M33-3', 'M33-4', 'M41-1', 'M41-2', 'M41-3', 'M41-4', 'M50-1', 'M50-2', 'M50-3', 'M56-1', 'M56-2', 'M56-3', 'M59-1', 'M59-2', 'M63-1', 'M63-3', 'M67-1', 'M67-2', 'M67-3', 'M68-1', 'M68-2', 'M68-3']
val_pieces (9): ['M06-2', 'M17-1', 'M17-2', 'M17-3', 'M30-1', 'M30-2', 'M30-4', 'M59-3', 'M67-4']
Epoch 1/100 | train_loss 0.0633 | val_loss 0.0633
Epoch 2/100 | train_loss 0.0597 | val_loss 0.0630
Epoch 3/100 | train_loss 0.0559 | val_loss 0.0664
Epoch 4/100 | train_loss 0.0529 | val_loss 0.0659
Epoch 5/100 | train_loss 0.0503 | val_loss 0.0671
Epoch 6/100 | train_loss 0.0482 | val_loss 0.0683
Epoch 7/100 | train_loss 0.0466 | val_loss 0.0686
Early stopping at epoch 7: no val improvement for 5 epochs (best_epoch=2, best_val_loss=0.0630)
Using device: cuda
save_dir: check/beat_mazurka/level_3/beat_mazurka_L3_20260311_134628
split_summary: check/beat_mazurka/level_3/beat_mazurka_L3_20260311_134628/split_summary.yaml
train_pieces (35): ['M06-1', 'M06-3', 'M07-1', 'M07-2', 'M07-3', 'M17-4', 'M24-1', 'M24-2', 'M24-3', 'M24-4', 'M30-3', 'M33-1', 'M33-2', 'M33-3', 'M33-4', 'M41-1', 'M41-2', 'M41-3', 'M41-4', 'M50-1', 'M50-2', 'M50-3', 'M56-1', 'M56-2', 'M56-3', 'M59-1', 'M59-2', 'M63-1', 'M63-3', 'M67-1', 'M67-2', 'M67-3', 'M68-1', 'M68-2', 'M68-3']
val_pieces (9): ['M06-2', 'M17-1', 'M17-2', 'M17-3', 'M30-1', 'M30-2', 'M30-4', 'M59-3', 'M67-4']
Epoch 1/100 | train_loss 0.0750 | val_loss 0.0725
Epoch 2/100 | train_loss 0.0699 | val_loss 0.0755
Epoch 3/100 | train_loss 0.0635 | val_loss 0.0771
Epoch 4/100 | train_loss 0.0572 | val_loss 0.0766
Epoch 5/100 | train_loss 0.0533 | val_loss 0.0774
Epoch 6/100 | train_loss 0.0508 | val_loss 0.0810
Early stopping at epoch 6: no val improvement for 5 epochs (best_epoch=1, best_val_loss=0.0725)
Using device: cuda
save_dir: check/beat_mazurka/level_4/beat_mazurka_L4_20260311_135145
split_summary: check/beat_mazurka/level_4/beat_mazurka_L4_20260311_135145/split_summary.yaml
train_pieces (35): ['M06-1', 'M06-3', 'M07-1', 'M07-2', 'M07-3', 'M17-4', 'M24-1', 'M24-2', 'M24-3', 'M24-4', 'M30-3', 'M33-1', 'M33-2', 'M33-3', 'M33-4', 'M41-1', 'M41-2', 'M41-3', 'M41-4', 'M50-1', 'M50-2', 'M50-3', 'M56-1', 'M56-2', 'M56-3', 'M59-1', 'M59-2', 'M63-1', 'M63-3', 'M67-1', 'M67-2', 'M67-3', 'M68-1', 'M68-2', 'M68-3']
val_pieces (9): ['M06-2', 'M17-1', 'M17-2', 'M17-3', 'M30-1', 'M30-2', 'M30-4', 'M59-3', 'M67-4']
Epoch 1/100 | train_loss 0.0632 | val_loss 0.0620
Epoch 2/100 | train_loss 0.0600 | val_loss 0.0636
Epoch 3/100 | train_loss 0.0557 | val_loss 0.0677
Epoch 4/100 | train_loss 0.0524 | val_loss 0.0665
Epoch 5/100 | train_loss 0.0497 | val_loss 0.0663
Epoch 6/100 | train_loss 0.0475 | val_loss 0.0692
Early stopping at epoch 6: no val improvement for 5 epochs (best_epoch=1, best_val_loss=0.0620)
Using device: cuda
save_dir: check/beat_mazurka/level_5/beat_mazurka_L5_20260311_135622
split_summary: check/beat_mazurka/level_5/beat_mazurka_L5_20260311_135622/split_summary.yaml
train_pieces (35): ['M06-1', 'M06-3', 'M07-1', 'M07-2', 'M07-3', 'M17-4', 'M24-1', 'M24-2', 'M24-3', 'M24-4', 'M30-3', 'M33-1', 'M33-2', 'M33-3', 'M33-4', 'M41-1', 'M41-2', 'M41-3', 'M41-4', 'M50-1', 'M50-2', 'M50-3', 'M56-1', 'M56-2', 'M56-3', 'M59-1', 'M59-2', 'M63-1', 'M63-3', 'M67-1', 'M67-2', 'M67-3', 'M68-1', 'M68-2', 'M68-3']
val_pieces (9): ['M06-2', 'M17-1', 'M17-2', 'M17-3', 'M30-1', 'M30-2', 'M30-4', 'M59-3', 'M67-4']
Epoch 1/100 | train_loss 0.0374 | val_loss 0.0381
Epoch 2/100 | train_loss 0.0366 | val_loss 0.0379
Epoch 3/100 | train_loss 0.0351 | val_loss 0.0383
Epoch 4/100 | train_loss 0.0333 | val_loss 0.0396
Epoch 5/100 | train_loss 0.0319 | val_loss 0.0391
Epoch 6/100 | train_loss 0.0308 | val_loss 0.0396
Epoch 7/100 | train_loss 0.0300 | val_loss 0.0402
Early stopping at epoch 7: no val improvement for 5 epochs (best_epoch=2, best_val_loss=0.0379)
Using device: cuda
save_dir: check/beat_mazurka/level_6/beat_mazurka_L6_20260311_140106
split_summary: check/beat_mazurka/level_6/beat_mazurka_L6_20260311_140106/split_summary.yaml
train_pieces (35): ['M06-1', 'M06-3', 'M07-1', 'M07-2', 'M07-3', 'M17-4', 'M24-1', 'M24-2', 'M24-3', 'M24-4', 'M30-3', 'M33-1', 'M33-2', 'M33-3', 'M33-4', 'M41-1', 'M41-2', 'M41-3', 'M41-4', 'M50-1', 'M50-2', 'M50-3', 'M56-1', 'M56-2', 'M56-3', 'M59-1', 'M59-2', 'M63-1', 'M63-3', 'M67-1', 'M67-2', 'M67-3', 'M68-1', 'M68-2', 'M68-3']
val_pieces (9): ['M06-2', 'M17-1', 'M17-2', 'M17-3', 'M30-1', 'M30-2', 'M30-4', 'M59-3', 'M67-4']
Epoch 1/100 | train_loss 0.0174 | val_loss 0.0142
Epoch 2/100 | train_loss 0.0168 | val_loss 0.0143
Epoch 3/100 | train_loss 0.0168 | val_loss 0.0142
Epoch 4/100 | train_loss 0.0167 | val_loss 0.0145
Epoch 5/100 | train_loss 0.0163 | val_loss 0.0144
Epoch 6/100 | train_loss 0.0159 | val_loss 0.0143
Epoch 7/100 | train_loss 0.0155 | val_loss 0.0148
Epoch 8/100 | train_loss 0.0152 | val_loss 0.0145
Early stopping at epoch 8: no val improvement for 5 epochs (best_epoch=3, best_val_loss=0.0142)
